Archive member included to satisfy reference by file (symbol)

D:/STM32CubeIDE_1.15.1/STM32CubeIDE/plugins/com.st.stm32cube.ide.mcu.externaltools.gnu-tools-for-stm32.12.3.rel1.win32_1.0.100.202403111256/tools/bin/../lib/gcc/arm-none-eabi/12.3.1/../../../../arm-none-eabi/lib/thumb/v7-m/nofp\libc_nano.a(libc_a-exit.o)
                              D:/STM32CubeIDE_1.15.1/STM32CubeIDE/plugins/com.st.stm32cube.ide.mcu.externaltools.gnu-tools-for-stm32.12.3.rel1.win32_1.0.100.202403111256/tools/bin/../lib/gcc/arm-none-eabi/12.3.1/../../../../arm-none-eabi/lib/thumb/v7-m/nofp/crt0.o (exit)
D:/STM32CubeIDE_1.15.1/STM32CubeIDE/plugins/com.st.stm32cube.ide.mcu.externaltools.gnu-tools-for-stm32.12.3.rel1.win32_1.0.100.202403111256/tools/bin/../lib/gcc/arm-none-eabi/12.3.1/../../../../arm-none-eabi/lib/thumb/v7-m/nofp\libc_nano.a(libc_a-findfp.o)
                              D:/STM32CubeIDE_1.15.1/STM32CubeIDE/plugins/com.st.stm32cube.ide.mcu.externaltools.gnu-tools-for-stm32.12.3.rel1.win32_1.0.100.202403111256/tools/bin/../lib/gcc/arm-none-eabi/12.3.1/../../../../arm-none-eabi/lib/thumb/v7-m/nofp\libc_nano.a(libc_a-exit.o) (__stdio_exit_handler)
D:/STM32CubeIDE_1.15.1/STM32CubeIDE/plugins/com.st.stm32cube.ide.mcu.externaltools.gnu-tools-for-stm32.12.3.rel1.win32_1.0.100.202403111256/tools/bin/../lib/gcc/arm-none-eabi/12.3.1/../../../../arm-none-eabi/lib/thumb/v7-m/nofp\libc_nano.a(libc_a-fwalk.o)
                              D:/STM32CubeIDE_1.15.1/STM32CubeIDE/plugins/com.st.stm32cube.ide.mcu.externaltools.gnu-tools-for-stm32.12.3.rel1.win32_1.0.100.202403111256/tools/bin/../lib/gcc/arm-none-eabi/12.3.1/../../../../arm-none-eabi/lib/thumb/v7-m/nofp\libc_nano.a(libc_a-findfp.o) (_fwalk_sglue)
D:/STM32CubeIDE_1.15.1/STM32CubeIDE/plugins/com.st.stm32cube.ide.mcu.externaltools.gnu-tools-for-stm32.12.3.rel1.win32_1.0.100.202403111256/tools/bin/../lib/gcc/arm-none-eabi/12.3.1/../../../../arm-none-eabi/lib/thumb/v7-m/nofp\libc_nano.a(libc_a-stdio.o)
                              D:/STM32CubeIDE_1.15.1/STM32CubeIDE/plugins/com.st.stm32cube.ide.mcu.externaltools.gnu-tools-for-stm32.12.3.rel1.win32_1.0.100.202403111256/tools/bin/../lib/gcc/arm-none-eabi/12.3.1/../../../../arm-none-eabi/lib/thumb/v7-m/nofp\libc_nano.a(libc_a-findfp.o) (__sread)
D:/STM32CubeIDE_1.15.1/STM32CubeIDE/plugins/com.st.stm32cube.ide.mcu.externaltools.gnu-tools-for-stm32.12.3.rel1.win32_1.0.100.202403111256/tools/bin/../lib/gcc/arm-none-eabi/12.3.1/../../../../arm-none-eabi/lib/thumb/v7-m/nofp\libc_nano.a(libc_a-memset.o)
                              D:/STM32CubeIDE_1.15.1/STM32CubeIDE/plugins/com.st.stm32cube.ide.mcu.externaltools.gnu-tools-for-stm32.12.3.rel1.win32_1.0.100.202403111256/tools/bin/../lib/gcc/arm-none-eabi/12.3.1/../../../../arm-none-eabi/lib/thumb/v7-m/nofp/crt0.o (memset)
D:/STM32CubeIDE_1.15.1/STM32CubeIDE/plugins/com.st.stm32cube.ide.mcu.externaltools.gnu-tools-for-stm32.12.3.rel1.win32_1.0.100.202403111256/tools/bin/../lib/gcc/arm-none-eabi/12.3.1/../../../../arm-none-eabi/lib/thumb/v7-m/nofp\libc_nano.a(libc_a-closer.o)
                              D:/STM32CubeIDE_1.15.1/STM32CubeIDE/plugins/com.st.stm32cube.ide.mcu.externaltools.gnu-tools-for-stm32.12.3.rel1.win32_1.0.100.202403111256/tools/bin/../lib/gcc/arm-none-eabi/12.3.1/../../../../arm-none-eabi/lib/thumb/v7-m/nofp\libc_nano.a(libc_a-stdio.o) (_close_r)
D:/STM32CubeIDE_1.15.1/STM32CubeIDE/plugins/com.st.stm32cube.ide.mcu.externaltools.gnu-tools-for-stm32.12.3.rel1.win32_1.0.100.202403111256/tools/bin/../lib/gcc/arm-none-eabi/12.3.1/../../../../arm-none-eabi/lib/thumb/v7-m/nofp\libc_nano.a(libc_a-reent.o)
                              D:/STM32CubeIDE_1.15.1/STM32CubeIDE/plugins/com.st.stm32cube.ide.mcu.externaltools.gnu-tools-for-stm32.12.3.rel1.win32_1.0.100.202403111256/tools/bin/../lib/gcc/arm-none-eabi/12.3.1/../../../../arm-none-eabi/lib/thumb/v7-m/nofp\libc_nano.a(libc_a-closer.o) (errno)
D:/STM32CubeIDE_1.15.1/STM32CubeIDE/plugins/com.st.stm32cube.ide.mcu.externaltools.gnu-tools-for-stm32.12.3.rel1.win32_1.0.100.202403111256/tools/bin/../lib/gcc/arm-none-eabi/12.3.1/../../../../arm-none-eabi/lib/thumb/v7-m/nofp\libc_nano.a(libc_a-impure.o)
                              D:/STM32CubeIDE_1.15.1/STM32CubeIDE/plugins/com.st.stm32cube.ide.mcu.externaltools.gnu-tools-for-stm32.12.3.rel1.win32_1.0.100.202403111256/tools/bin/../lib/gcc/arm-none-eabi/12.3.1/../../../../arm-none-eabi/lib/thumb/v7-m/nofp\libc_nano.a(libc_a-reent.o) (_impure_ptr)
D:/STM32CubeIDE_1.15.1/STM32CubeIDE/plugins/com.st.stm32cube.ide.mcu.externaltools.gnu-tools-for-stm32.12.3.rel1.win32_1.0.100.202403111256/tools/bin/../lib/gcc/arm-none-eabi/12.3.1/../../../../arm-none-eabi/lib/thumb/v7-m/nofp\libc_nano.a(libc_a-lseekr.o)
[...]
Memory Configuration

Name             Origin             Length             Attributes
RAM              0x20000000         0x00005000         xrw
FLASH            0x08000000         0x00020000         xr
*default*        0x00000000         0xffffffff

Linker script and memory map

LOAD D:/STM32CubeIDE_1.15.1/STM32CubeIDE/plugins/com.st.stm32cube.ide.mcu.externaltools.gnu-tools-for-stm32.12.3.rel1.win32_1.0.100.202403111256/tools/bin/../lib/gcc/arm-none-eabi/12.3.1/thumb/v7-m/nofp/crti.o
LOAD D:/STM32CubeIDE_1.15.1/STM32CubeIDE/plugins/com.st.stm32cube.ide.mcu.externaltools.gnu-tools-for-stm32.12.3.rel1.win32_1.0.100.202403111256/tools/bin/../lib/gcc/arm-none-eabi/12.3.1/thumb/v7-m/nofp/crtbegin.o
LOAD D:/STM32CubeIDE_1.15.1/STM32CubeIDE/plugins/com.st.stm32cube.ide.mcu.externaltools.gnu-tools-for-stm32.12.3.rel1.win32_1.0.100.202403111256/tools/bin/../lib/gcc/arm-none-eabi/12.3.1/../../../../arm-none-eabi/lib/thumb/v7-m/nofp/crt0.o
LOAD ./Core/Src/MFRC522.o
LOAD ./Core/Src/button_processing.o
LOAD ./Core/Src/buttons_control_block.o
LOAD ./Core/Src/door_control_block.o
LOAD ./Core/Src/door_management_system.o
LOAD ./Core/Src/global.o
LOAD ./Core/Src/i2c_lcd.o
LOAD ./Core/Src/keypad.o
LOAD ./Core/Src/lcd_control_block.o
LOAD ./Core/Src/list_person.o
LOAD ./Core/Src/main.o
LOAD ./Core/Src/password.o
LOAD ./Core/Src/queue.o
LOAD ./Core/Src/rfid_control_block.o
LOAD ./Core/Src/rgb_control_block.o
LOAD ./Core/Src/rtc_control_block.o
LOAD ./Core/Src/stm32f1xx_hal_msp.o
LOAD ./Core/Src/stm32f1xx_it.o
LOAD ./Core/Src/syscalls.o
LOAD ./Core/Src/sysmem.o
LOAD ./Core/Src/system_stm32f1xx.o
LOAD ./Core/Src/timer.o
LOAD ./Core/Startup/startup_stm32f103rbtx.o
LOAD ./Drivers/STM32F1xx_HAL_Driver/Src/stm32f1xx_hal.o
LOAD ./Drivers/STM32F1xx_HAL_Driver/Src/stm32f1xx_hal_cortex.o
LOAD ./Drivers/STM32F1xx_HAL_Driver/Src/stm32f1xx_hal_dma.o
LOAD ./Drivers/STM32F1xx_HAL_Driver/Src/stm32f1xx_hal_exti.o
LOAD ./Drivers/STM32F1xx_HAL_Driver/Src/stm32f1xx_hal_flash.o
LOAD ./Drivers/STM32F1xx_HAL_Driver/Src/stm32f1xx_hal_flash_ex.o
LOAD ./Drivers/STM32F1xx_HAL_Driver/Src/stm32f1xx_hal_gpio.o
LOAD ./Drivers/STM32F1xx_HAL_Driver/Src/stm32f1xx_hal_gpio_ex.o
LOAD ./Drivers/STM32F1xx_HAL_Driver/Src/stm32f1xx_hal_i2c.o
LOAD ./Drivers/STM32F1xx_HAL_Driver/Src/stm32f1xx_hal_pwr.o
LOAD ./Drivers/STM32F1xx_HAL_Driver/Src/stm32f1xx_hal_rcc.o
LOAD ./Drivers/STM32F1xx_HAL_Driver/Src/stm32f1xx_hal_rcc_ex.o
LOAD ./Drivers/STM32F1xx_HAL_Driver/Src/stm32f1xx_hal_rtc.o
LOAD ./Drivers/STM32F1xx_HAL_Driver/Src/stm32f1xx_hal_rtc_ex.o
LOAD ./Drivers/STM32F1xx_HAL_Driver/Src/stm32f1xx_hal_spi.o
LOAD ./Drivers/STM32F1xx_HAL_Driver/Src/stm32f1xx_hal_tim.o
LOAD ./Drivers/STM32F1xx_HAL_Driver/Src/stm32f1xx_hal_tim_ex.o
LOAD ./Drivers/STM32F1xx_HAL_Driver/Src/stm32f1xx_hal_uart.o
START GROUP
LOAD D:/STM32CubeIDE_1.15.1/STM32CubeIDE/plugins/com.st.stm32cube.ide.mcu.externaltools.gnu-tools-for-stm32.12.3.rel1.win32_1.0.100.202403111256/tools/bin/../lib/gcc/arm-none-eabi/12.3.1/../../../../arm-none-eabi/lib/thumb/v7-m/nofp\libc_nano.a
LOAD D:/STM32CubeIDE_1.15.1/STM32CubeIDE/plugins/com.st.stm32cube.ide.mcu.externaltools.gnu-tools-for-stm32.12.3.rel1.win32_1.0.100.202403111256/tools/bin/../lib/gcc/arm-none-eabi/12.3.1/../../../../arm-none-eabi/lib/thumb/v7-m/nofp\libm.a
END GROUP
START GROUP
LOAD D:/STM32CubeIDE_1.15.1/STM32CubeIDE/plugins/com.st.stm32cube.ide.mcu.externaltools.gnu-tools-for-stm32.12.3.rel1.win32_1.0.100.202403111256/tools/bin/../lib/gcc/arm-none-eabi/12.3.1/thumb/v7-m/nofp\libgcc.a
LOAD D:/STM32CubeIDE_1.15.1/STM32CubeIDE/plugins/com.st.stm32cube.ide.mcu.externaltools.gnu-tools-for-stm32.12.3.rel1.win32_1.0.100.202403111256/tools/bin/../lib/gcc/arm-none-eabi/12.3.1/../../../../arm-none-eabi/lib/thumb/v7-m/nofp\libc_nano.a
END GROUP
START GROUP
LOAD D:/STM32CubeIDE_1.15.1/STM32CubeIDE/plugins/com.st.stm32cube.ide.mcu.externaltools.gnu-tools-for-stm32.12.3.rel1.win32_1.0.100.202403111256/tools/bin/../lib/gcc/arm-none-eabi/12.3.1/thumb/v7-m/nofp\libgcc.a
LOAD D:/STM32CubeIDE_1.15.1/STM32CubeIDE/plugins/com.st.stm32cube.ide.mcu.externaltools.gnu-tools-for-stm32.12.3.rel1.win32_1.0.100.202403111256/tools/bin/../lib/gcc/arm-none-eabi/12.3.1/../../../../arm-none-eabi/lib/thumb/v7-m/nofp\libc_nano.a
LOAD D:/STM32CubeIDE_1.15.1/STM32CubeIDE/plugins/com.st.stm32cube.ide.mcu.externaltools.gnu-tools-for-stm32.12.3.rel1.win32_1.0.100.202403111256/tools/bin/../lib/gcc/arm-none-eabi/12.3.1/../../../../arm-none-eabi/lib/thumb/v7-m/nofp\libnosys.a
END GROUP
START GROUP
LOAD D:/STM32CubeIDE_1.15.1/STM32CubeIDE/plugins/com.st.stm32cube.ide.mcu.externaltools.gnu-tools-for-stm32.12.3.rel1.win32_1.0.100.202403111256/tools/bin/../lib/gcc/arm-none-eabi/12.3.1/thumb/v7-m/nofp\libgcc.a
LOAD D:/STM32CubeIDE_1.15.1/STM32CubeIDE/plugins/com.st.stm32cube.ide.mcu.externaltools.gnu-tools-for-stm32.12.3.rel1.win32_1.0.100.202403111256/tools/bin/../lib/gcc/arm-none-eabi/12.3.1/../../../../arm-none-eabi/lib/thumb/v7-m/nofp\libc_nano.a
LOAD D:/STM32CubeIDE_1.15.1/STM32CubeIDE/plugins/com.st.stm32cube.ide.mcu.externaltools.gnu-tools-for-stm32.12.3.rel1.win32_1.0.100.202403111256/tools/bin/../lib/gcc/arm-none-eabi/12.3.1/../../../../arm-none-eabi/lib/thumb/v7-m/nofp\libnosys.a
END GROUP
LOAD D:/STM32CubeIDE_1.15.1/STM32CubeIDE/plugins/com.st.stm32cube.ide.mcu.externaltools.gnu-tools-for-stm32.12.3.rel1.win32_1.0.100.202403111256/tools/bin/../lib/gcc/arm-none-eabi/12.3.1/thumb/v7-m/nofp/crtend.o
LOAD D:/STM32CubeIDE_1.15.1/STM32CubeIDE/plugins/com.st.stm32cube.ide.mcu.externaltools.gnu-tools-for-stm32.12.3.rel1.win32_1.0.100.202403111256/tools/bin/../lib/gcc/arm-none-eabi/12.3.1/thumb/v7-m/nofp/crtn.o
                0x20005000                        _estack = (ORIGIN (RAM) + LENGTH (RAM))
                0x00000200                        _Min_Heap_Size = 0x200
                0x00000400                        _Min_Stack_Size = 0x400

.isr_vector     0x08000000      0x10c
                0x08000000                        . = ALIGN (0x4)
 *(.isr_vector)
 .isr_vector    0x08000000      0x10c ./Core/Startup/startup_stm32f103rbtx.o
                0x08000000                g_pfnVectors
                0x0800010c                        . = ALIGN (0x4)

.text           0x0800010c     0x6acc
                0x0800010c                        . = ALIGN (0x4)
 *(.text)
 .text          0x0800010c       0x40 D:/STM32CubeIDE_1.15.1/STM32CubeIDE/plugins/com.st.stm32cube.ide.mcu.externaltools.gnu-tools-for-stm32.12.3.rel1.win32_1.0.100.202403111256/tools/bin/../lib/gcc/arm-none-eabi/12.3.1/thumb/v7-m/nofp/crtbegin.o
 .text          0x0800014c       0x14 D:/STM32CubeIDE_1.15.1/STM32CubeIDE/plugins/com.st.stm32cube.ide.mcu.externaltools.gnu-tools-for-stm32.12.3.rel1.win32_1.0.100.202403111256/tools/bin/../lib/gcc/arm-none-eabi/12.3.1/../../../../arm-none-eabi/lib/thumb/v7-m/nofp\libc_nano.a(libc_a-strcmp.o)
                0x0800014c                strcmp
 *(.text*)
 .text.RC522_SPI_Transfer
                0x08000160       0x2c ./Core/Src/MFRC522.o
                0x08000160                RC522_SPI_Transfer
 .text.Write_MFRC522
                0x0800018c       0x4c ./Core/Src/MFRC522.o
                0x0800018c                Write_MFRC522
 .text.Read_MFRC522
                0x080001d8       0x50 ./Core/Src/MFRC522.o
                0x080001d8                Read_MFRC522
 .text.SetBitMask
                0x08000228       0x36 ./Core/Src/MFRC522.o
                0x08000228                SetBitMask
 .text.ClearBitMask
                0x0800025e       0x40 ./Core/Src/MFRC522.o
                0x0800025e                ClearBitMask
 .text.AntennaOn
                0x0800029e       0x16 ./Core/Src/MFRC522.o
                0x0800029e                AntennaOn
 .text.MFRC522_Reset
                0x080002b4       0x10 ./Core/Src/MFRC522.o
                0x080002b4                MFRC522_Reset
 .text.MFRC522_Init
                0x080002c4       0x58 ./Core/Src/MFRC522.o
                0x080002c4                MFRC522_Init
 .text.MFRC522_ToCard
                0x0800031c      0x192 ./Core/Src/MFRC522.o
                0x0800031c                MFRC522_ToCard
 .text.MFRC522_Request
                0x080004ae       0x4a ./Core/Src/MFRC522.o
                0x080004ae                MFRC522_Request
 .text.MFRC522_Anticoll
                0x080004f8       0x7a ./Core/Src/MFRC522.o
                0x080004f8                MFRC522_Anticoll
 .text.CalulateCRC
                0x08000572       0x92 ./Core/Src/MFRC522.o
                0x08000572                CalulateCRC
 .text.MFRC522_Halt
                0x08000604       0x36 ./Core/Src/MFRC522.o
                0x08000604                MFRC522_Halt
 *fill*         0x0800063a        0x2 
 .text.button_processing_run
                0x0800063c       0x64 ./Core/Src/button_processing.o
                0x0800063c                button_processing_run
 .text.bcb_init
                0x080006a0       0x1c ./Core/Src/buttons_control_block.o
                0x080006a0                bcb_init
 .text.bcb_run  0x080006bc       0xe0 ./Core/Src/buttons_control_block.o
                0x080006bc                bcb_run
 .text.dcb_init
                0x0800079c       0x18 ./Core/Src/door_control_block.o
                0x0800079c                dcb_init
 .text.dcb_run  0x080007b4       0x60 ./Core/Src/door_control_block.o
                0x080007b4                dcb_run
 .text.dms_init
                0x08000814       0x20 ./Core/Src/door_management_system.o
                0x08000814                dms_init
 .text.dms_run  0x08000834       0x5c ./Core/Src/door_management_system.o
                0x08000834                dms_run
 .text.lcd_send_cmd
                0x08000890       0x60 ./Core/Src/i2c_lcd.o
                0x08000890                lcd_send_cmd
 .text.lcd_send_data
                0x080008f0       0x60 ./Core/Src/i2c_lcd.o
                0x080008f0                lcd_send_data
 .text.lcd_init
                0x08000950       0x5c ./Core/Src/i2c_lcd.o
                0x08000950                lcd_init
 .text.lcd_send_string
                0x080009ac       0x2a ./Core/Src/i2c_lcd.o
                0x080009ac                lcd_send_string
 .text.lcd_clear_display
                0x080009d6        0xe ./Core/Src/i2c_lcd.o
                0x080009d6                lcd_clear_display
 .text.lcd_goto_XY
                0x080009e4       0x44 ./Core/Src/i2c_lcd.o
                0x080009e4                lcd_goto_XY
 .text.key_init
                0x08000a28       0x34 ./Core/Src/keypad.o
                0x08000a28                key_init
 .text.keypad_init
                0x08000a5c      0x130 ./Core/Src/keypad.o
                0x08000a5c                keypad_init
 .text.keypad_button_reading
                0x08000b8c       0x80 ./Core/Src/keypad.o
                0x08000b8c                keypad_button_reading
 .text.keypad_run
                0x08000c0c       0x54 ./Core/Src/keypad.o
                0x08000c0c                keypad_run
 .text.keypad_is_button_pressed
                0x08000c60       0x34 ./Core/Src/keypad.o
                0x08000c60                keypad_is_button_pressed
 .text.lcdcb_request
                0x08000c94       0x2c ./Core/Src/lcd_control_block.o
                0x08000c94                lcdcb_request
 .text.lcdcb_welcome
                0x08000cc0       0x2c ./Core/Src/lcd_control_block.o
                0x08000cc0                lcdcb_welcome
 .text.lcdcb_password
                0x08000cec       0x70 ./Core/Src/lcd_control_block.o
                0x08000cec                lcdcb_password
 .text.lcdcb_wrong_password
                0x08000d5c       0x2c ./Core/Src/lcd_control_block.o
                0x08000d5c                lcdcb_wrong_password
 .text.lcdcb_init
                0x08000d88       0x18 ./Core/Src/lcd_control_block.o
                0x08000d88                lcdcb_init
 .text.lcdcb_run
                0x08000da0       0x7c ./Core/Src/lcd_control_block.o
                0x08000da0                lcdcb_run
 .text.updatePresent
                0x08000e1c       0x48 ./Core/Src/list_person.o
                0x08000e1c                updatePresent
 .text.main     0x08000e64       0x54 ./Core/Src/main.o
                0x08000e64                main
 .text.SystemClock_Config
                0x08000eb8       0xb2 ./Core/Src/main.o
                0x08000eb8                SystemClock_Config
 *fill*         0x08000f6a        0x2 
 .text.MX_I2C1_Init
                0x08000f6c       0x5c ./Core/Src/main.o
 .text.MX_RTC_Init
                0x08000fc8       0x94 ./Core/Src/main.o
 .text.MX_SPI2_Init
                0x0800105c       0x6c ./Core/Src/main.o
 .text.MX_TIM1_Init
                0x080010c8      0x144 ./Core/Src/main.o
 .text.MX_TIM2_Init
                0x0800120c       0x98 ./Core/Src/main.o
 .text.MX_USART1_UART_Init
                0x080012a4       0x54 ./Core/Src/main.o
 .text.MX_USART2_UART_Init
                0x080012f8       0x54 ./Core/Src/main.o
 .text.MX_USART3_UART_Init
                0x0800134c       0x54 ./Core/Src/main.o
 .text.MX_DMA_Init
                0x080013a0       0x4c ./Core/Src/main.o
 .text.MX_GPIO_Init
                0x080013ec      0x118 ./Core/Src/main.o
 .text.HAL_TIM_PeriodElapsedCallback
                0x08001504       0x22 ./Core/Src/main.o
                0x08001504                HAL_TIM_PeriodElapsedCallback
 .text.Error_Handler
                0x08001526        0xc ./Core/Src/main.o
                0x08001526                Error_Handler
 *fill*         0x08001532        0x2 
 .text.compare  0x08001534       0x50 ./Core/Src/password.o
                0x08001534                compare
 .text.password_reset
                0x08001584       0x44 ./Core/Src/password.o
                0x08001584                password_reset
 .text.password_run
                0x080015c8       0xa0 ./Core/Src/password.o
                0x080015c8                password_run
 .text.password_get_typed_index
                0x08001668       0x14 ./Core/Src/password.o
                0x08001668                password_get_typed_index
 .text.init     0x0800167c       0x40 ./Core/Src/queue.o
                0x0800167c                init
 .text.rfidcb_init
                0x080016bc       0x1e ./Core/Src/rfid_control_block.o
                0x080016bc                rfidcb_init
 *fill*         0x080016da        0x2 
 .text.rfidcb_run
                0x080016dc       0xa4 ./Core/Src/rfid_control_block.o
                0x080016dc                rfidcb_run
 .text.rgbcb_init
                0x08001780       0x30 ./Core/Src/rgb_control_block.o
                0x08001780                rgbcb_init
 .text.rgbcb_run
                0x080017b0       0x54 ./Core/Src/rgb_control_block.o
                0x080017b0                rgbcb_run
 .text.rtccb_BCD2STRING
                0x08001804       0x74 ./Core/Src/rtc_control_block.o
                0x08001804                rtccb_BCD2STRING
 .text.rtccb_get_time
                0x08001878       0x4c ./Core/Src/rtc_control_block.o
                0x08001878                rtccb_get_time
 .text.rtccb_get_date
                0x080018c4       0x4c ./Core/Src/rtc_control_block.o
                0x080018c4                rtccb_get_date
 .text.HAL_MspInit
                0x08001910       0x64 ./Core/Src/stm32f1xx_hal_msp.o
                0x08001910                HAL_MspInit
 .text.HAL_I2C_MspInit
                0x08001974       0x7c ./Core/Src/stm32f1xx_hal_msp.o
                0x08001974                HAL_I2C_MspInit
 .text.HAL_RTC_MspInit
                0x080019f0       0x48 ./Core/Src/stm32f1xx_hal_msp.o
                0x080019f0                HAL_RTC_MspInit
 .text.HAL_SPI_MspInit
                0x08001a38       0x98 ./Core/Src/stm32f1xx_hal_msp.o
                0x08001a38                HAL_SPI_MspInit
 .text.HAL_TIM_Base_MspInit
                0x08001ad0       0x70 ./Core/Src/stm32f1xx_hal_msp.o
                0x08001ad0                HAL_TIM_Base_MspInit
 .text.HAL_TIM_MspPostInit
                0x08001b40       0x68 ./Core/Src/stm32f1xx_hal_msp.o
                0x08001b40                HAL_TIM_MspPostInit
 .text.HAL_UART_MspInit
                0x08001ba8      0x220 ./Core/Src/stm32f1xx_hal_msp.o
                0x08001ba8                HAL_UART_MspInit
 .text.NMI_Handler
                0x08001dc8        0x8 ./Core/Src/stm32f1xx_it.o
                0x08001dc8                NMI_Handler
 .text.HardFault_Handler
                0x08001dd0        0x8 ./Core/Src/stm32f1xx_it.o
                0x08001dd0                HardFault_Handler
 .text.MemManage_Handler
                0x08001dd8        0x8 ./Core/Src/stm32f1xx_it.o
                0x08001dd8                MemManage_Handler
 .text.BusFault_Handler
                0x08001de0        0x8 ./Core/Src/stm32f1xx_it.o
                0x08001de0                BusFault_Handler
 .text.UsageFault_Handler
                0x08001de8        0x8 ./Core/Src/stm32f1xx_it.o
                0x08001de8                UsageFault_Handler
 .text.SVC_Handler
                0x08001df0        0xc ./Core/Src/stm32f1xx_it.o
                0x08001df0                SVC_Handler
 .text.DebugMon_Handler
                0x08001dfc        0xc ./Core/Src/stm32f1xx_it.o
                0x08001dfc                DebugMon_Handler
 .text.PendSV_Handler
                0x08001e08        0xc ./Core/Src/stm32f1xx_it.o
                0x08001e08                PendSV_Handler
 .text.SysTick_Handler
                0x08001e14        0xc ./Core/Src/stm32f1xx_it.o
                0x08001e14                SysTick_Handler
 .text.DMA1_Channel2_IRQHandler
                0x08001e20       0x14 ./Core/Src/stm32f1xx_it.o
                0x08001e20                DMA1_Channel2_IRQHandler
 .text.DMA1_Channel4_IRQHandler
                0x08001e34       0x14 ./Core/Src/stm32f1xx_it.o
                0x08001e34                DMA1_Channel4_IRQHandler
 .text.TIM2_IRQHandler
                0x08001e48       0x14 ./Core/Src/stm32f1xx_it.o
                0x08001e48                TIM2_IRQHandler
 .text.USART1_IRQHandler
                0x08001e5c       0x14 ./Core/Src/stm32f1xx_it.o
                0x08001e5c                USART1_IRQHandler
 .text.EXTI15_10_IRQHandler
                0x08001e70       0x10 ./Core/Src/stm32f1xx_it.o
                0x08001e70                EXTI15_10_IRQHandler
 .text.SystemInit
                0x08001e80        0xc ./Core/Src/system_stm32f1xx.o
                0x08001e80                SystemInit
 .text.timer_set
                0x08001e8c       0x40 ./Core/Src/timer.o
                0x08001e8c                timer_set
 .text.timer_run
                0x08001ecc       0x60 ./Core/Src/timer.o
                0x08001ecc                timer_run
 .text.Reset_Handler
                0x08001f2c       0x48 ./Core/Startup/startup_stm32f103rbtx.o
                0x08001f2c                Reset_Handler
 .text.Default_Handler
                0x08001f74        0x2 ./Core/Startup/startup_stm32f103rbtx.o
                0x08001f74                RTC_Alarm_IRQHandler
                0x08001f74                EXTI2_IRQHandler
                0x08001f74                TIM1_CC_IRQHandler
                0x08001f74                PVD_IRQHandler
                0x08001f74                EXTI3_IRQHandler
                0x08001f74                EXTI0_IRQHandler
                0x08001f74                I2C2_EV_IRQHandler
                0x08001f74                ADC1_2_IRQHandler
                0x08001f74                SPI1_IRQHandler
                0x08001f74                TAMPER_IRQHandler
                0x08001f74                USART3_IRQHandler
                0x08001f74                RTC_IRQHandler
                0x08001f74                DMA1_Channel7_IRQHandler
                0x08001f74                CAN1_RX1_IRQHandler
                0x08001f74                TIM4_IRQHandler
                0x08001f74                I2C1_EV_IRQHandler
                0x08001f74                DMA1_Channel6_IRQHandler
                0x08001f74                TIM3_IRQHandler
                0x08001f74                RCC_IRQHandler
                0x08001f74                TIM1_TRG_COM_IRQHandler
                0x08001f74                DMA1_Channel1_IRQHandler
                0x08001f74                Default_Handler
                0x08001f74                EXTI9_5_IRQHandler
                0x08001f74                SPI2_IRQHandler
                0x08001f74                DMA1_Channel5_IRQHandler
                0x08001f74                EXTI4_IRQHandler
                0x08001f74                USB_LP_CAN1_RX0_IRQHandler
                0x08001f74                USB_HP_CAN1_TX_IRQHandler
                0x08001f74                DMA1_Channel3_IRQHandler
                0x08001f74                TIM1_UP_IRQHandler
                0x08001f74                WWDG_IRQHandler
                0x08001f74                TIM1_BRK_IRQHandler
                0x08001f74                EXTI1_IRQHandler
                0x08001f74                USART2_IRQHandler
                0x08001f74                I2C2_ER_IRQHandler
                0x08001f74                CAN1_SCE_IRQHandler
                0x08001f74                FLASH_IRQHandler
                0x08001f74                I2C1_ER_IRQHandler
                0x08001f74                USBWakeUp_IRQHandler
 *fill*         0x08001f76        0x2 
 .text.HAL_Init
                0x08001f78       0x2c ./Drivers/STM32F1xx_HAL_Driver/Src/stm32f1xx_hal.o
                0x08001f78                HAL_Init
 .text.HAL_InitTick
                0x08001fa4       0x60 ./Drivers/STM32F1xx_HAL_Driver/Src/stm32f1xx_hal.o
                0x08001fa4                HAL_InitTick
 .text.HAL_IncTick
                0x08002004       0x24 ./Drivers/STM32F1xx_HAL_Driver/Src/stm32f1xx_hal.o
                0x08002004                HAL_IncTick
 .text.HAL_GetTick
                0x08002028       0x14 ./Drivers/STM32F1xx_HAL_Driver/Src/stm32f1xx_hal.o
                0x08002028                HAL_GetTick
 .text.HAL_Delay
                0x0800203c       0x48 ./Drivers/STM32F1xx_HAL_Driver/Src/stm32f1xx_hal.o
                0x0800203c                HAL_Delay
 .text.__NVIC_SetPriorityGrouping
                0x08002084       0x48 ./Drivers/STM32F1xx_HAL_Driver/Src/stm32f1xx_hal_cortex.o
 .text.__NVIC_GetPriorityGrouping
                0x080020cc       0x1c ./Drivers/STM32F1xx_HAL_Driver/Src/stm32f1xx_hal_cortex.o
 .text.__NVIC_EnableIRQ
                0x080020e8       0x38 ./Drivers/STM32F1xx_HAL_Driver/Src/stm32f1xx_hal_cortex.o
 .text.__NVIC_SetPriority
                0x08002120       0x54 ./Drivers/STM32F1xx_HAL_Driver/Src/stm32f1xx_hal_cortex.o
 .text.NVIC_EncodePriority
                0x08002174       0x64 ./Drivers/STM32F1xx_HAL_Driver/Src/stm32f1xx_hal_cortex.o
 .text.SysTick_Config
                0x080021d8       0x44 ./Drivers/STM32F1xx_HAL_Driver/Src/stm32f1xx_hal_cortex.o
 .text.HAL_NVIC_SetPriorityGrouping
                0x0800221c       0x16 ./Drivers/STM32F1xx_HAL_Driver/Src/stm32f1xx_hal_cortex.o
                0x0800221c                HAL_NVIC_SetPriorityGrouping
 .text.HAL_NVIC_SetPriority
                0x08002232       0x38 ./Drivers/STM32F1xx_HAL_Driver/Src/stm32f1xx_hal_cortex.o
                0x08002232                HAL_NVIC_SetPriority
 .text.HAL_NVIC_EnableIRQ
                0x0800226a       0x1c ./Drivers/STM32F1xx_HAL_Driver/Src/stm32f1xx_hal_cortex.o
                0x0800226a                HAL_NVIC_EnableIRQ
 .text.HAL_SYSTICK_Config
                0x08002286       0x18 ./Drivers/STM32F1xx_HAL_Driver/Src/stm32f1xx_hal_cortex.o
                0x08002286                HAL_SYSTICK_Config
 *fill*         0x0800229e        0x2 
 .text.HAL_DMA_Init
                0x080022a0       0xb4 ./Drivers/STM32F1xx_HAL_Driver/Src/stm32f1xx_hal_dma.o
                0x080022a0                HAL_DMA_Init
 .text.HAL_DMA_Abort
                0x08002354       0x76 ./Drivers/STM32F1xx_HAL_Driver/Src/stm32f1xx_hal_dma.o
                0x08002354                HAL_DMA_Abort
 *fill*         0x080023ca        0x2 
 .text.HAL_DMA_Abort_IT
                0x080023cc       0xf0 ./Drivers/STM32F1xx_HAL_Driver/Src/stm32f1xx_hal_dma.o
                0x080023cc                HAL_DMA_Abort_IT
 .text.HAL_DMA_IRQHandler
                0x080024bc      0x20c ./Drivers/STM32F1xx_HAL_Driver/Src/stm32f1xx_hal_dma.o
                0x080024bc                HAL_DMA_IRQHandler
 .text.HAL_GPIO_Init
                0x080026c8      0x308 ./Drivers/STM32F1xx_HAL_Driver/Src/stm32f1xx_hal_gpio.o
                0x080026c8                HAL_GPIO_Init
 .text.HAL_GPIO_ReadPin
                0x080029d0       0x2e ./Drivers/STM32F1xx_HAL_Driver/Src/stm32f1xx_hal_gpio.o
                0x080029d0                HAL_GPIO_ReadPin
 .text.HAL_GPIO_WritePin
                0x080029fe       0x30 ./Drivers/STM32F1xx_HAL_Driver/Src/stm32f1xx_hal_gpio.o
                0x080029fe                HAL_GPIO_WritePin
 *fill*         0x08002a2e        0x2 
 .text.HAL_GPIO_EXTI_IRQHandler
                0x08002a30       0x30 ./Drivers/STM32F1xx_HAL_Driver/Src/stm32f1xx_hal_gpio.o
                0x08002a30                HAL_GPIO_EXTI_IRQHandler
 .text.HAL_GPIO_EXTI_Callback
                0x08002a60       0x14 ./Drivers/STM32F1xx_HAL_Driver/Src/stm32f1xx_hal_gpio.o
                0x08002a60                HAL_GPIO_EXTI_Callback
 .text.HAL_I2C_Init
                0x08002a74      0x288 ./Drivers/STM32F1xx_HAL_Driver/Src/stm32f1xx_hal_i2c.o
                0x08002a74                HAL_I2C_Init
 .text.HAL_I2C_Master_Transmit
                0x08002cfc      0x1fc ./Drivers/STM32F1xx_HAL_Driver/Src/stm32f1xx_hal_i2c.o
                0x08002cfc                HAL_I2C_Master_Transmit
 .text.I2C_MasterRequestWrite
                0x08002ef8      0x104 ./Drivers/STM32F1xx_HAL_Driver/Src/stm32f1xx_hal_i2c.o
 .text.I2C_WaitOnFlagUntilTimeout
                0x08002ffc       0xf4 ./Drivers/STM32F1xx_HAL_Driver/Src/stm32f1xx_hal_i2c.o
 .text.I2C_WaitOnMasterAddressFlagUntilTimeout
                0x080030f0      0x140 ./Drivers/STM32F1xx_HAL_Driver/Src/stm32f1xx_hal_i2c.o
 .text.I2C_WaitOnTXEFlagUntilTimeout
                0x08003230       0x90 ./Drivers/STM32F1xx_HAL_Driver/Src/stm32f1xx_hal_i2c.o
 .text.I2C_WaitOnBTFFlagUntilTimeout
                0x080032c0       0x90 ./Drivers/STM32F1xx_HAL_Driver/Src/stm32f1xx_hal_i2c.o
 .text.I2C_IsAcknowledgeFailed
                0x08003350       0x5c ./Drivers/STM32F1xx_HAL_Driver/Src/stm32f1xx_hal_i2c.o
 .text.HAL_PWR_EnableBkUpAccess
                0x080033ac       0x18 ./Drivers/STM32F1xx_HAL_Driver/Src/stm32f1xx_hal_pwr.o
                0x080033ac                HAL_PWR_EnableBkUpAccess
 .text.HAL_RCC_OscConfig
                0x080033c4      0x504 ./Drivers/STM32F1xx_HAL_Driver/Src/stm32f1xx_hal_rcc.o
                0x080033c4                HAL_RCC_OscConfig
 .text.HAL_RCC_ClockConfig
                0x080038c8      0x1d4 ./Drivers/STM32F1xx_HAL_Driver/Src/stm32f1xx_hal_rcc.o
                0x080038c8                HAL_RCC_ClockConfig
 .text.HAL_RCC_GetSysClockFreq
                0x08003a9c       0xa8 ./Drivers/STM32F1xx_HAL_Driver/Src/stm32f1xx_hal_rcc.o
                0x08003a9c                HAL_RCC_GetSysClockFreq
 .text.HAL_RCC_GetHCLKFreq
                0x08003b44       0x14 ./Drivers/STM32F1xx_HAL_Driver/Src/stm32f1xx_hal_rcc.o
                0x08003b44                HAL_RCC_GetHCLKFreq
 .text.HAL_RCC_GetPCLK1Freq
                0x08003b58       0x28 ./Drivers/STM32F1xx_HAL_Driver/Src/stm32f1xx_hal_rcc.o
                0x08003b58                HAL_RCC_GetPCLK1Freq
 .text.HAL_RCC_GetPCLK2Freq
                0x08003b80       0x28 ./Drivers/STM32F1xx_HAL_Driver/Src/stm32f1xx_hal_rcc.o
                0x08003b80                HAL_RCC_GetPCLK2Freq
 .text.RCC_Delay
                0x08003ba8       0x3c ./Drivers/STM32F1xx_HAL_Driver/Src/stm32f1xx_hal_rcc.o
 .text.HAL_RCCEx_PeriphCLKConfig
                0x08003be4      0x16c ./Drivers/STM32F1xx_HAL_Driver/Src/stm32f1xx_hal_rcc_ex.o
                0x08003be4                HAL_RCCEx_PeriphCLKConfig
 .text.HAL_RCCEx_GetPeriphCLKFreq
                0x08003d50      0x16c ./Drivers/STM32F1xx_HAL_Driver/Src/stm32f1xx_hal_rcc_ex.o
                0x08003d50                HAL_RCCEx_GetPeriphCLKFreq
 .text.HAL_RTC_Init
                0x08003ebc      0x118 ./Drivers/STM32F1xx_HAL_Driver/Src/stm32f1xx_hal_rtc.o
                0x08003ebc                HAL_RTC_Init
 .text.HAL_RTC_SetTime
                0x08003fd4      0x12e ./Drivers/STM32F1xx_HAL_Driver/Src/stm32f1xx_hal_rtc.o
                0x08003fd4                HAL_RTC_SetTime
 *fill*         0x08004102        0x2 
 .text.HAL_RTC_GetTime
                0x08004104      0x1b0 ./Drivers/STM32F1xx_HAL_Driver/Src/stm32f1xx_hal_rtc.o
                0x08004104                HAL_RTC_GetTime
 .text.HAL_RTC_SetDate
                0x080042b4      0x16c ./Drivers/STM32F1xx_HAL_Driver/Src/stm32f1xx_hal_rtc.o
                0x080042b4                HAL_RTC_SetDate
 .text.HAL_RTC_GetDate
                0x08004420       0xa8 ./Drivers/STM32F1xx_HAL_Driver/Src/stm32f1xx_hal_rtc.o
                0x08004420                HAL_RTC_GetDate
 .text.HAL_RTC_WaitForSynchro
                0x080044c8       0x5a ./Drivers/STM32F1xx_HAL_Driver/Src/stm32f1xx_hal_rtc.o
                0x080044c8                HAL_RTC_WaitForSynchro
 .text.RTC_ReadTimeCounter
                0x08004522       0x60 ./Drivers/STM32F1xx_HAL_Driver/Src/stm32f1xx_hal_rtc.o
 .text.RTC_WriteTimeCounter
                0x08004582       0x4e ./Drivers/STM32F1xx_HAL_Driver/Src/stm32f1xx_hal_rtc.o
 .text.RTC_ReadAlarmCounter
                0x080045d0       0x32 ./Drivers/STM32F1xx_HAL_Driver/Src/stm32f1xx_hal_rtc.o
 .text.RTC_WriteAlarmCounter
                0x08004602       0x4e ./Drivers/STM32F1xx_HAL_Driver/Src/stm32f1xx_hal_rtc.o
 .text.RTC_EnterInitMode
                0x08004650       0x50 ./Drivers/STM32F1xx_HAL_Driver/Src/stm32f1xx_hal_rtc.o
 .text.RTC_ExitInitMode
                0x080046a0       0x50 ./Drivers/STM32F1xx_HAL_Driver/Src/stm32f1xx_hal_rtc.o
 .text.RTC_ByteToBcd2
                0x080046f0       0x3a ./Drivers/STM32F1xx_HAL_Driver/Src/stm32f1xx_hal_rtc.o
 .text.RTC_Bcd2ToByte
                0x0800472a       0x3a ./Drivers/STM32F1xx_HAL_Driver/Src/stm32f1xx_hal_rtc.o
 .text.RTC_DateUpdate
                0x08004764      0x152 ./Drivers/STM32F1xx_HAL_Driver/Src/stm32f1xx_hal_rtc.o
 *fill*         0x080048b6        0x2 
 .text.RTC_IsLeapYear
                0x080048b8       0x64 ./Drivers/STM32F1xx_HAL_Driver/Src/stm32f1xx_hal_rtc.o
 .text.RTC_WeekDayNum
                0x0800491c       0xf0 ./Drivers/STM32F1xx_HAL_Driver/Src/stm32f1xx_hal_rtc.o
 .text.HAL_SPI_Init
                0x08004a0c      0x108 ./Drivers/STM32F1xx_HAL_Driver/Src/stm32f1xx_hal_spi.o
                0x08004a0c                HAL_SPI_Init
 .text.HAL_SPI_TransmitReceive
                0x08004b14      0x352 ./Drivers/STM32F1xx_HAL_Driver/Src/stm32f1xx_hal_spi.o
                0x08004b14                HAL_SPI_TransmitReceive
 *fill*         0x08004e66        0x2 
 .text.SPI_WaitFlagStateUntilTimeout
                0x08004e68      0x110 ./Drivers/STM32F1xx_HAL_Driver/Src/stm32f1xx_hal_spi.o
 .text.SPI_EndRxTxTransaction
                0x08004f78       0x62 ./Drivers/STM32F1xx_HAL_Driver/Src/stm32f1xx_hal_spi.o
 .text.HAL_TIM_Base_Init
                0x08004fda       0x9e ./Drivers/STM32F1xx_HAL_Driver/Src/stm32f1xx_hal_tim.o
                0x08004fda                HAL_TIM_Base_Init
 .text.HAL_TIM_Base_Start_IT
                0x08005078       0xa4 ./Drivers/STM32F1xx_HAL_Driver/Src/stm32f1xx_hal_tim.o
                0x08005078                HAL_TIM_Base_Start_IT
 .text.HAL_TIM_PWM_Init
                0x0800511c       0x9e ./Drivers/STM32F1xx_HAL_Driver/Src/stm32f1xx_hal_tim.o
                0x0800511c                HAL_TIM_PWM_Init
 .text.HAL_TIM_PWM_MspInit
                0x080051ba       0x12 ./Drivers/STM32F1xx_HAL_Driver/Src/stm32f1xx_hal_tim.o
                0x080051ba                HAL_TIM_PWM_MspInit
 .text.HAL_TIM_PWM_Start
                0x080051cc      0x144 ./Drivers/STM32F1xx_HAL_Driver/Src/stm32f1xx_hal_tim.o
                0x080051cc                HAL_TIM_PWM_Start
 .text.HAL_TIM_IRQHandler
                0x08005310      0x1e0 ./Drivers/STM32F1xx_HAL_Driver/Src/stm32f1xx_hal_tim.o
                0x08005310                HAL_TIM_IRQHandler
 .text.HAL_TIM_PWM_ConfigChannel
                0x080054f0      0x184 ./Drivers/STM32F1xx_HAL_Driver/Src/stm32f1xx_hal_tim.o
                0x080054f0                HAL_TIM_PWM_ConfigChannel
 .text.HAL_TIM_ConfigClockSource
                0x08005674      0x18e ./Drivers/STM32F1xx_HAL_Driver/Src/stm32f1xx_hal_tim.o
                0x08005674                HAL_TIM_ConfigClockSource
 .text.HAL_TIM_OC_DelayElapsedCallback
                0x08005802       0x12 ./Drivers/STM32F1xx_HAL_Driver/Src/stm32f1xx_hal_tim.o
                0x08005802                HAL_TIM_OC_DelayElapsedCallback
 .text.HAL_TIM_IC_CaptureCallback
                0x08005814       0x12 ./Drivers/STM32F1xx_HAL_Driver/Src/stm32f1xx_hal_tim.o
                0x08005814                HAL_TIM_IC_CaptureCallback
 .text.HAL_TIM_PWM_PulseFinishedCallback
                0x08005826       0x12 ./Drivers/STM32F1xx_HAL_Driver/Src/stm32f1xx_hal_tim.o
                0x08005826                HAL_TIM_PWM_PulseFinishedCallback
 .text.HAL_TIM_TriggerCallback
                0x08005838       0x12 ./Drivers/STM32F1xx_HAL_Driver/Src/stm32f1xx_hal_tim.o
                0x08005838                HAL_TIM_TriggerCallback
 *fill*         0x0800584a        0x2 
 .text.TIM_Base_SetConfig
                0x0800584c       0xdc ./Drivers/STM32F1xx_HAL_Driver/Src/stm32f1xx_hal_tim.o
                0x0800584c                TIM_Base_SetConfig
 .text.TIM_OC1_SetConfig
                0x08005928       0xcc ./Drivers/STM32F1xx_HAL_Driver/Src/stm32f1xx_hal_tim.o
 .text.TIM_OC2_SetConfig
                0x080059f4       0xd4 ./Drivers/STM32F1xx_HAL_Driver/Src/stm32f1xx_hal_tim.o
                0x080059f4                TIM_OC2_SetConfig
 .text.TIM_OC3_SetConfig
                0x08005ac8       0xd4 ./Drivers/STM32F1xx_HAL_Driver/Src/stm32f1xx_hal_tim.o
 .text.TIM_OC4_SetConfig
                0x08005b9c       0x9c ./Drivers/STM32F1xx_HAL_Driver/Src/stm32f1xx_hal_tim.o
 .text.TIM_TI1_ConfigInputStage
                0x08005c38       0x5c ./Drivers/STM32F1xx_HAL_Driver/Src/stm32f1xx_hal_tim.o
 .text.TIM_TI2_ConfigInputStage
                0x08005c94       0x5e ./Drivers/STM32F1xx_HAL_Driver/Src/stm32f1xx_hal_tim.o
 .text.TIM_ITRx_SetConfig
                0x08005cf2       0x34 ./Drivers/STM32F1xx_HAL_Driver/Src/stm32f1xx_hal_tim.o
 .text.TIM_ETR_SetConfig
                0x08005d26       0x3e ./Drivers/STM32F1xx_HAL_Driver/Src/stm32f1xx_hal_tim.o
                0x08005d26                TIM_ETR_SetConfig
 .text.TIM_CCxChannelCmd
                0x08005d64       0x48 ./Drivers/STM32F1xx_HAL_Driver/Src/stm32f1xx_hal_tim.o
                0x08005d64                TIM_CCxChannelCmd
 .text.HAL_TIMEx_MasterConfigSynchronization
                0x08005dac       0xbc ./Drivers/STM32F1xx_HAL_Driver/Src/stm32f1xx_hal_tim_ex.o
                0x08005dac                HAL_TIMEx_MasterConfigSynchronization
 .text.HAL_TIMEx_ConfigBreakDeadTime
                0x08005e68       0xa2 ./Drivers/STM32F1xx_HAL_Driver/Src/stm32f1xx_hal_tim_ex.o
                0x08005e68                HAL_TIMEx_ConfigBreakDeadTime
 .text.HAL_TIMEx_CommutCallback
                0x08005f0a       0x12 ./Drivers/STM32F1xx_HAL_Driver/Src/stm32f1xx_hal_tim_ex.o
                0x08005f0a                HAL_TIMEx_CommutCallback
 .text.HAL_TIMEx_BreakCallback
                0x08005f1c       0x12 ./Drivers/STM32F1xx_HAL_Driver/Src/stm32f1xx_hal_tim_ex.o
                0x08005f1c                HAL_TIMEx_BreakCallback
 .text.HAL_UART_Init
                0x08005f2e       0xa0 ./Drivers/STM32F1xx_HAL_Driver/Src/stm32f1xx_hal_uart.o
                0x08005f2e                HAL_UART_Init
 .text.HAL_UART_Transmit
                0x08005fce      0x116 ./Drivers/STM32F1xx_HAL_Driver/Src/stm32f1xx_hal_uart.o
                0x08005fce                HAL_UART_Transmit
 .text.HAL_UART_IRQHandler
                0x080060e4      0x524 ./Drivers/STM32F1xx_HAL_Driver/Src/stm32f1xx_hal_uart.o
                0x080060e4                HAL_UART_IRQHandler
 .text.HAL_UART_TxCpltCallback
                0x08006608       0x12 ./Drivers/STM32F1xx_HAL_Driver/Src/stm32f1xx_hal_uart.o
                0x08006608                HAL_UART_TxCpltCallback
 .text.HAL_UART_RxCpltCallback
                0x0800661a       0x12 ./Drivers/STM32F1xx_HAL_Driver/Src/stm32f1xx_hal_uart.o
                0x0800661a                HAL_UART_RxCpltCallback
 .text.HAL_UART_ErrorCallback
                0x0800662c       0x12 ./Drivers/STM32F1xx_HAL_Driver/Src/stm32f1xx_hal_uart.o
                0x0800662c                HAL_UART_ErrorCallback
 .text.HAL_UARTEx_RxEventCallback
                0x0800663e       0x16 ./Drivers/STM32F1xx_HAL_Driver/Src/stm32f1xx_hal_uart.o
                0x0800663e                HAL_UARTEx_RxEventCallback
 .text.UART_WaitOnFlagUntilTimeout
                0x08006654       0xb2 ./Drivers/STM32F1xx_HAL_Driver/Src/stm32f1xx_hal_uart.o
 .text.UART_EndRxTransfer
                0x08006706       0xc4 ./Drivers/STM32F1xx_HAL_Driver/Src/stm32f1xx_hal_uart.o
 .text.UART_DMAAbortOnError
                0x080067ca       0x28 ./Drivers/STM32F1xx_HAL_Driver/Src/stm32f1xx_hal_uart.o
 .text.UART_Transmit_IT
                0x080067f2       0x9e ./Drivers/STM32F1xx_HAL_Driver/Src/stm32f1xx_hal_uart.o
 .text.UART_EndTransmit_IT
                0x08006890       0x30 ./Drivers/STM32F1xx_HAL_Driver/Src/stm32f1xx_hal_uart.o
 .text.UART_Receive_IT
                0x080068c0      0x17c ./Drivers/STM32F1xx_HAL_Driver/Src/stm32f1xx_hal_uart.o
 .text.UART_SetConfig
                0x08006a3c      0x11c ./Drivers/STM32F1xx_HAL_Driver/Src/stm32f1xx_hal_uart.o
 .text.memset   0x08006b58       0x10 D:/STM32CubeIDE_1.15.1/STM32CubeIDE/plugins/com.st.stm32cube.ide.mcu.externaltools.gnu-tools-for-stm32.12.3.rel1.win32_1.0.100.202403111256/tools/bin/../lib/gcc/arm-none-eabi/12.3.1/../../../../arm-none-eabi/lib/thumb/v7-m/nofp\libc_nano.a(libc_a-memset.o)
                0x08006b58                memset
 .text.__libc_init_array
                0x08006b68       0x48 D:/STM32CubeIDE_1.15.1/STM32CubeIDE/plugins/com.st.stm32cube.ide.mcu.externaltools.gnu-tools-for-stm32.12.3.rel1.win32_1.0.100.202403111256/tools/bin/../lib/gcc/arm-none-eabi/12.3.1/../../../../arm-none-eabi/lib/thumb/v7-m/nofp\libc_nano.a(libc_a-init.o)
                0x08006b68                __libc_init_array
 .text.strcpy   0x08006bb0       0x10 D:/STM32CubeIDE_1.15.1/STM32CubeIDE/plugins/com.st.stm32cube.ide.mcu.externaltools.gnu-tools-for-stm32.12.3.rel1.win32_1.0.100.202403111256/tools/bin/../lib/gcc/arm-none-eabi/12.3.1/../../../../arm-none-eabi/lib/thumb/v7-m/nofp\libc_nano.a(libc_a-strcpy.o)
                0x08006bb0                strcpy
 *(.glue_7)
 .glue_7        0x08006bc0        0x0 linker stubs
 *(.glue_7t)
 .glue_7t       0x08006bc0        0x0 linker stubs
 *(.eh_frame)
 .eh_frame      0x08006bc0        0x0 D:/STM32CubeIDE_1.15.1/STM32CubeIDE/plugins/com.st.stm32cube.ide.mcu.externaltools.gnu-tools-for-stm32.12.3.rel1.win32_1.0.100.202403111256/tools/bin/../lib/gcc/arm-none-eabi/12.3.1/thumb/v7-m/nofp/crtbegin.o
 *(.init)
 .init          0x08006bc0        0x4 D:/STM32CubeIDE_1.15.1/STM32CubeIDE/plugins/com.st.stm32cube.ide.mcu.externaltools.gnu-tools-for-stm32.12.3.rel1.win32_1.0.100.202403111256/tools/bin/../lib/gcc/arm-none-eabi/12.3.1/thumb/v7-m/nofp/crti.o
                0x08006bc0                _init
 .init          0x08006bc4        0x8 D:/STM32CubeIDE_1.15.1/STM32CubeIDE/plugins/com.st.stm32cube.ide.mcu.externaltools.gnu-tools-for-stm32.12.3.rel1.win32_1.0.100.202403111256/tools/bin/../lib/gcc/arm-none-eabi/12.3.1/thumb/v7-m/nofp/crtn.o
 *(.fini)
 .fini          0x08006bcc        0x4 D:/STM32CubeIDE_1.15.1/STM32CubeIDE/plugins/com.st.stm32cube.ide.mcu.externaltools.gnu-tools-for-stm32.12.3.rel1.win32_1.0.100.202403111256/tools/bin/../lib/gcc/arm-none-eabi/12.3.1/thumb/v7-m/nofp/crti.o
                0x08006bcc                _fini
 .fini          0x08006bd0        0x8 D:/STM32CubeIDE_1.15.1/STM32CubeIDE/plugins/com.st.stm32cube.ide.mcu.externaltools.gnu-tools-for-stm32.12.3.rel1.win32_1.0.100.202403111256/tools/bin/../lib/gcc/arm-none-eabi/12.3.1/thumb/v7-m/nofp/crtn.o
                0x08006bd8                        . = ALIGN (0x4)
                0x08006bd8                        _etext = .

.vfp11_veneer   0x08006bd8        0x0
 .vfp11_veneer  0x08006bd8        0x0 linker stubs

.v4_bx          0x08006bd8        0x0
 .v4_bx         0x08006bd8        0x0 linker stubs

.iplt           0x08006bd8        0x0
 .iplt          0x08006bd8        0x0 D:/STM32CubeIDE_1.15.1/STM32CubeIDE/plugins/com.st.stm32cube.ide.mcu.externaltools.gnu-tools-for-stm32.12.3.rel1.win32_1.0.100.202403111256/tools/bin/../lib/gcc/arm-none-eabi/12.3.1/thumb/v7-m/nofp/crtbegin.o

.rodata         0x08006bd8       0xc0
                0x08006bd8                        . = ALIGN (0x4)
 *(.rodata)
 .rodata        0x08006bd8       0x7d ./Core/Src/lcd_control_block.o
 *(.rodata*)
 *fill*         0x08006c55        0x3 
 .rodata.AHBPrescTable
                0x08006c58       0x10 ./Core/Src/system_stm32f1xx.o
                0x08006c58                AHBPrescTable
 .rodata.APBPrescTable
                0x08006c68        0x8 ./Core/Src/system_stm32f1xx.o
                0x08006c68                APBPrescTable
 .rodata.aPLLMULFactorTable.1
                0x08006c70       0x10 ./Drivers/STM32F1xx_HAL_Driver/Src/stm32f1xx_hal_rcc.o
 .rodata.aPredivFactorTable.0
                0x08006c80        0x2 ./Drivers/STM32F1xx_HAL_Driver/Src/stm32f1xx_hal_rcc.o
 *fill*         0x08006c82        0x2 
 .rodata.aPLLMULFactorTable.1
                0x08006c84       0x10 ./Drivers/STM32F1xx_HAL_Driver/Src/stm32f1xx_hal_rcc_ex.o
 .rodata.aPredivFactorTable.0
                0x08006c94        0x2 ./Drivers/STM32F1xx_HAL_Driver/Src/stm32f1xx_hal_rcc_ex.o
                0x08006c98                        . = ALIGN (0x4)
 *fill*         0x08006c96        0x2 

.ARM.extab      0x08006c98        0x0
                0x08006c98                        . = ALIGN (0x4)
 *(.ARM.extab* .gnu.linkonce.armextab.*)
                0x08006c98                        . = ALIGN (0x4)

.ARM            0x08006c98        0x8
                0x08006c98                        . = ALIGN (0x4)
                0x08006c98                        __exidx_start = .
 *(.ARM.exidx*)
 .ARM.exidx     0x08006c98        0x8 D:/STM32CubeIDE_1.15.1/STM32CubeIDE/plugins/com.st.stm32cube.ide.mcu.externaltools.gnu-tools-for-stm32.12.3.rel1.win32_1.0.100.202403111256/tools/bin/../lib/gcc/arm-none-eabi/12.3.1/../../../../arm-none-eabi/lib/thumb/v7-m/nofp\libc_nano.a(libc_a-strcmp.o)
                0x08006ca0                        __exidx_end = .
                0x08006ca0                        . = ALIGN (0x4)

.preinit_array  0x08006ca0        0x0
                0x08006ca0                        . = ALIGN (0x4)
                0x08006ca0                        PROVIDE (__preinit_array_start = .)
 *(.preinit_array*)
                0x08006ca0                        PROVIDE (__preinit_array_end = .)
                0x08006ca0                        . = ALIGN (0x4)

.init_array     0x08006ca0        0x4
                0x08006ca0                        . = ALIGN (0x4)
                0x08006ca0                        PROVIDE (__init_array_start = .)
 *(SORT_BY_NAME(.init_array.*))
 *(.init_array*)
 .init_array    0x08006ca0        0x4 D:/STM32CubeIDE_1.15.1/STM32CubeIDE/plugins/com.st.stm32cube.ide.mcu.externaltools.gnu-tools-for-stm32.12.3.rel1.win32_1.0.100.202403111256/tools/bin/../lib/gcc/arm-none-eabi/12.3.1/thumb/v7-m/nofp/crtbegin.o
                0x08006ca4                        PROVIDE (__init_array_end = .)
                0x08006ca4                        . = ALIGN (0x4)

.fini_array     0x08006ca4        0x4
                0x08006ca4                        . = ALIGN (0x4)
                [!provide]                        PROVIDE (__fini_array_start = .)
 *(SORT_BY_NAME(.fini_array.*))
 *(.fini_array*)
 .fini_array    0x08006ca4        0x4 D:/STM32CubeIDE_1.15.1/STM32CubeIDE/plugins/com.st.stm32cube.ide.mcu.externaltools.gnu-tools-for-stm32.12.3.rel1.win32_1.0.100.202403111256/tools/bin/../lib/gcc/arm-none-eabi/12.3.1/thumb/v7-m/nofp/crtbegin.o
                [!provide]                        PROVIDE (__fini_array_end = .)
                0x08006ca8                        . = ALIGN (0x4)
                0x08006ca8                        _sidata = LOADADDR (.data)

.rel.dyn        0x08006ca8        0x0
 .rel.iplt      0x08006ca8        0x0 D:/STM32CubeIDE_1.15.1/STM32CubeIDE/plugins/com.st.stm32cube.ide.mcu.externaltools.gnu-tools-for-stm32.12.3.rel1.win32_1.0.100.202403111256/tools/bin/../lib/gcc/arm-none-eabi/12.3.1/thumb/v7-m/nofp/crtbegin.o

.data           0x20000000       0x4c load address 0x08006ca8
                0x20000000                        . = ALIGN (0x4)
                0x20000000                        _sdata = .
 *(.data)
 *(.data*)
 .data.bcb_state
                0x20000000        0x1 ./Core/Src/buttons_control_block.o
                0x20000000                bcb_state
 *fill*         0x20000001        0x3 
 .data.local_uid
                0x20000004       0x32 ./Core/Src/list_person.o
                0x20000004                local_uid
 *fill*         0x20000036        0x2 
 .data.PASSWORD
                0x20000038        0x7 ./Core/Src/password.o
                0x20000038                PASSWORD
 *fill*         0x2000003f        0x1 
 .data.SystemCoreClock
                0x20000040        0x4 ./Core/Src/system_stm32f1xx.o
                0x20000040                SystemCoreClock
 .data.uwTickPrio
                0x20000044        0x4 ./Drivers/STM32F1xx_HAL_Driver/Src/stm32f1xx_hal.o
                0x20000044                uwTickPrio
 .data.uwTickFreq
                0x20000048        0x1 ./Drivers/STM32F1xx_HAL_Driver/Src/stm32f1xx_hal.o
                0x20000048                uwTickFreq
 *(.RamFunc)
 *(.RamFunc*)
                0x2000004c                        . = ALIGN (0x4)
 *fill*         0x20000049        0x3 
                0x2000004c                        _edata = .

.igot.plt       0x2000004c        0x0 load address 0x08006cf4
 .igot.plt      0x2000004c        0x0 D:/STM32CubeIDE_1.15.1/STM32CubeIDE/plugins/com.st.stm32cube.ide.mcu.externaltools.gnu-tools-for-stm32.12.3.rel1.win32_1.0.100.202403111256/tools/bin/../lib/gcc/arm-none-eabi/12.3.1/thumb/v7-m/nofp/crtbegin.o
                0x2000004c                        . = ALIGN (0x4)

.bss            0x2000004c      0x404 load address 0x08006cf4
                0x2000004c                        _sbss = .
                0x2000004c                        __bss_start__ = _sbss
 *(.bss)
 .bss           0x2000004c       0x1c D:/STM32CubeIDE_1.15.1/STM32CubeIDE/plugins/com.st.stm32cube.ide.mcu.externaltools.gnu-tools-for-stm32.12.3.rel1.win32_1.0.100.202403111256/tools/bin/../lib/gcc/arm-none-eabi/12.3.1/thumb/v7-m/nofp/crtbegin.o
 *(.bss*)
 .bss.flag_press
                0x20000068        0x1 ./Core/Src/button_processing.o
                0x20000068                flag_press
 .bss.dcb_state
                0x20000069        0x1 ./Core/Src/door_control_block.o
                0x20000069                dcb_state
 .bss.dms_mode  0x2000006a        0x1 ./Core/Src/door_management_system.o
 *fill*         0x2000006b        0x1 
 .bss.UID       0x2000006c        0x5 ./Core/Src/global.o
                0x2000006c                UID
 *fill*         0x20000071        0x3 
 .bss.keys      0x20000074       0x68 ./Core/Src/keypad.o
                0x20000074                keys
 .bss.debounceButtonBuffer1
                0x200000dc        0xd ./Core/Src/keypad.o
 *fill*         0x200000e9        0x3 
 .bss.debounceButtonBuffer2
                0x200000ec        0xd ./Core/Src/keypad.o
 *fill*         0x200000f9        0x3 
 .bss.flagForButtonPress
                0x200000fc        0xd ./Core/Src/keypad.o
 .bss.lcdcb_state
                0x20000109        0x1 ./Core/Src/lcd_control_block.o
                0x20000109                lcdcb_state
 *fill*         0x2000010a        0x2 
 .bss.hi2c1     0x2000010c       0x54 ./Core/Src/main.o
                0x2000010c                hi2c1
 .bss.hrtc      0x20000160       0x14 ./Core/Src/main.o
                0x20000160                hrtc
 .bss.hspi2     0x20000174       0x58 ./Core/Src/main.o
                0x20000174                hspi2
 .bss.htim1     0x200001cc       0x48 ./Core/Src/main.o
                0x200001cc                htim1
 .bss.htim2     0x20000214       0x48 ./Core/Src/main.o
                0x20000214                htim2
 .bss.huart1    0x2000025c       0x48 ./Core/Src/main.o
                0x2000025c                huart1
 .bss.huart2    0x200002a4       0x48 ./Core/Src/main.o
                0x200002a4                huart2
 .bss.huart3    0x200002ec       0x48 ./Core/Src/main.o
                0x200002ec                huart3
 .bss.hdma_usart1_tx
                0x20000334       0x44 ./Core/Src/main.o
                0x20000334                hdma_usart1_tx
 .bss.hdma_usart3_tx
                0x20000378       0x44 ./Core/Src/main.o
                0x20000378                hdma_usart3_tx
 .bss.password_typed_index
                0x200003bc        0x1 ./Core/Src/password.o
 *fill*         0x200003bd        0x3 
 .bss.password_typed_chars
                0x200003c0        0x6 ./Core/Src/password.o
                0x200003c0                password_typed_chars
 .bss.flag_password_correct
                0x200003c6        0x1 ./Core/Src/password.o
                0x200003c6                flag_password_correct
 *fill*         0x200003c7        0x1 
 .bss.q         0x200003c8       0x28 ./Core/Src/queue.o
                0x200003c8                q
 .bss.rgbcb_state
                0x200003f0        0x1 ./Core/Src/rgb_control_block.o
                0x200003f0                rgbcb_state
 *fill*         0x200003f1        0x3 
 .bss.sTime     0x200003f4        0x3 ./Core/Src/rtc_control_block.o
                0x200003f4                sTime
 *fill*         0x200003f7        0x1 
 .bss.sDate     0x200003f8        0x4 ./Core/Src/rtc_control_block.o
                0x200003f8                sDate
 .bss.timer_counter
                0x200003fc       0x28 ./Core/Src/timer.o
                0x200003fc                timer_counter
 .bss.timer_flag
                0x20000424       0x28 ./Core/Src/timer.o
                0x20000424                timer_flag
 .bss.uwTick    0x2000044c        0x4 ./Drivers/STM32F1xx_HAL_Driver/Src/stm32f1xx_hal.o
                0x2000044c                uwTick
 *(COMMON)
                0x20000450                        . = ALIGN (0x4)
                0x20000450                        _ebss = .
                0x20000450                        __bss_end__ = _ebss

._user_heap_stack
                0x20000450      0x600 load address 0x08006cf4
                0x20000450                        . = ALIGN (0x8)
                [!provide]                        PROVIDE (end = .)
                0x20000450                        PROVIDE (_end = .)
                0x20000650                        . = (. + _Min_Heap_Size)
 *fill*         0x20000450      0x200 
                0x20000a50                        . = (. + _Min_Stack_Size)
 *fill*         0x20000650      0x400 
                0x20000a50                        . = ALIGN (0x8)

/DISCARD/
 libc.a(*)
 libm.a(*)
 libgcc.a(*)

.ARM.attributes
                0x00000000       0x29
 *(.ARM.attributes)
 .ARM.attributes
                0x00000000       0x1d D:/STM32CubeIDE_1.15.1/STM32CubeIDE/plugins/com.st.stm32cube.ide.mcu.externaltools.gnu-tools-for-stm32.12.3.rel1.win32_1.0.100.202403111256/tools/bin/../lib/gcc/arm-none-eabi/12.3.1/thumb/v7-m/nofp/crti.o
 .ARM.attributes
                0x0000001d       0x2d D:/STM32CubeIDE_1.15.1/STM32CubeIDE/plugins/com.st.stm32cube.ide.mcu.externaltools.gnu-tools-for-stm32.12.3.rel1.win32_1.0.100.202403111256/tools/bin/../lib/gcc/arm-none-eabi/12.3.1/thumb/v7-m/nofp/crtbegin.o
 .ARM.attributes
                0x0000004a       0x2d ./Core/Src/MFRC522.o
 .ARM.attributes
                0x00000077       0x2d ./Core/Src/button_processing.o
 .ARM.attributes
                0x000000a4       0x2d ./Core/Src/buttons_control_block.o
 .ARM.attributes
                0x000000d1       0x2d ./Core/Src/door_control_block.o
 .ARM.attributes
                0x000000fe       0x2d ./Core/Src/door_management_system.o
 .ARM.attributes
                0x0000012b       0x2d ./Core/Src/global.o
 .ARM.attributes
                0x00000158       0x2d ./Core/Src/i2c_lcd.o
 .ARM.attributes
                0x00000185       0x2d ./Core/Src/keypad.o
 .ARM.attributes
                0x000001b2       0x2d ./Core/Src/lcd_control_block.o
 .ARM.attributes
                0x000001df       0x2d ./Core/Src/list_person.o
 .ARM.attributes
                0x0000020c       0x2d ./Core/Src/main.o
 .ARM.attributes
                0x00000239       0x2d ./Core/Src/password.o
 .ARM.attributes
                0x00000266       0x2d ./Core/Src/queue.o
 .ARM.attributes
                0x00000293       0x2d ./Core/Src/rfid_control_block.o
 .ARM.attributes
                0x000002c0       0x2d ./Core/Src/rgb_control_block.o
 .ARM.attributes
                0x000002ed       0x2d ./Core/Src/rtc_control_block.o
 .ARM.attributes
                0x0000031a       0x2d ./Core/Src/stm32f1xx_hal_msp.o
 .ARM.attributes
                0x00000347       0x2d ./Core/Src/stm32f1xx_it.o
 .ARM.attributes
                0x00000374       0x2d ./Core/Src/system_stm32f1xx.o
 .ARM.attributes
                0x000003a1       0x2d ./Core/Src/timer.o
 .ARM.attributes
                0x000003ce       0x21 ./Core/Startup/startup_stm32f103rbtx.o
 .ARM.attributes
                0x000003ef       0x2d ./Drivers/STM32F1xx_HAL_Driver/Src/stm32f1xx_hal.o
 .ARM.attributes
                0x0000041c       0x2d ./Drivers/STM32F1xx_HAL_Driver/Src/stm32f1xx_hal_cortex.o
 .ARM.attributes
                0x00000449       0x2d ./Drivers/STM32F1xx_HAL_Driver/Src/stm32f1xx_hal_dma.o
 .ARM.attributes
                0x00000476       0x2d ./Drivers/STM32F1xx_HAL_Driver/Src/stm32f1xx_hal_gpio.o
 .ARM.attributes
                0x000004a3       0x2d ./Drivers/STM32F1xx_HAL_Driver/Src/stm32f1xx_hal_i2c.o
 .ARM.attributes
                0x000004d0       0x2d ./Drivers/STM32F1xx_HAL_Driver/Src/stm32f1xx_hal_pwr.o
 .ARM.attributes
                0x000004fd       0x2d ./Drivers/STM32F1xx_HAL_Driver/Src/stm32f1xx_hal_rcc.o
 .ARM.attributes
                0x0000052a       0x2d ./Drivers/STM32F1xx_HAL_Driver/Src/stm32f1xx_hal_rcc_ex.o
 .ARM.attributes
                0x00000557       0x2d ./Drivers/STM32F1xx_HAL_Driver/Src/stm32f1xx_hal_rtc.o
 .ARM.attributes
                0x00000584       0x2d ./Drivers/STM32F1xx_HAL_Driver/Src/stm32f1xx_hal_spi.o
 .ARM.attributes
                0x000005b1       0x2d ./Drivers/STM32F1xx_HAL_Driver/Src/stm32f1xx_hal_tim.o
 .ARM.attributes
                0x000005de       0x2d ./Drivers/STM32F1xx_HAL_Driver/Src/stm32f1xx_hal_tim_ex.o
 .ARM.attributes
                0x0000060b       0x2d ./Drivers/STM32F1xx_HAL_Driver/Src/stm32f1xx_hal_uart.o
 .ARM.attributes
                0x00000638       0x2d D:/STM32CubeIDE_1.15.1/STM32CubeIDE/plugins/com.st.stm32cube.ide.mcu.externaltools.gnu-tools-for-stm32.12.3.rel1.win32_1.0.100.202403111256/tools/bin/../lib/gcc/arm-none-eabi/12.3.1/../../../../arm-none-eabi/lib/thumb/v7-m/nofp\libc_nano.a(libc_a-memset.o)
 .ARM.attributes
                0x00000665       0x2d D:/STM32CubeIDE_1.15.1/STM32CubeIDE/plugins/com.st.stm32cube.ide.mcu.externaltools.gnu-tools-for-stm32.12.3.rel1.win32_1.0.100.202403111256/tools/bin/../lib/gcc/arm-none-eabi/12.3.1/../../../../arm-none-eabi/lib/thumb/v7-m/nofp\libc_nano.a(libc_a-init.o)
 .ARM.attributes
                0x00000692       0x1b D:/STM32CubeIDE_1.15.1/STM32CubeIDE/plugins/com.st.stm32cube.ide.mcu.externaltools.gnu-tools-for-stm32.12.3.rel1.win32_1.0.100.202403111256/tools/bin/../lib/gcc/arm-none-eabi/12.3.1/../../../../arm-none-eabi/lib/thumb/v7-m/nofp\libc_nano.a(libc_a-strcmp.o)
 .ARM.attributes
                0x000006ad       0x2d D:/STM32CubeIDE_1.15.1/STM32CubeIDE/plugins/com.st.stm32cube.ide.mcu.externaltools.gnu-tools-for-stm32.12.3.rel1.win32_1.0.100.202403111256/tools/bin/../lib/gcc/arm-none-eabi/12.3.1/../../../../arm-none-eabi/lib/thumb/v7-m/nofp\libc_nano.a(libc_a-strcpy.o)
 .ARM.attributes
                0x000006da       0x1d D:/STM32CubeIDE_1.15.1/STM32CubeIDE/plugins/com.st.stm32cube.ide.mcu.externaltools.gnu-tools-for-stm32.12.3.rel1.win32_1.0.100.202403111256/tools/bin/../lib/gcc/arm-none-eabi/12.3.1/thumb/v7-m/nofp/crtn.o
OUTPUT(DA.elf elf32-littlearm)
LOAD linker stubs
LOAD D:/STM32CubeIDE_1.15.1/STM32CubeIDE/plugins/com.st.stm32cube.ide.mcu.externaltools.gnu-tools-for-stm32.12.3.rel1.win32_1.0.100.202403111256/tools/bin/../lib/gcc/arm-none-eabi/12.3.1/../../../../arm-none-eabi/lib/thumb/v7-m/nofp\libc.a
LOAD D:/STM32CubeIDE_1.15.1/STM32CubeIDE/plugins/com.st.stm32cube.ide.mcu.externaltools.gnu-tools-for-stm32.12.3.rel1.win32_1.0.100.202403111256/tools/bin/../lib/gcc/arm-none-eabi/12.3.1/../../../../arm-none-eabi/lib/thumb/v7-m/nofp\libm.a
LOAD D:/STM32CubeIDE_1.15.1/STM32CubeIDE/plugins/com.st.stm32cube.ide.mcu.externaltools.gnu-tools-for-stm32.12.3.rel1.win32_1.0.100.202403111256/tools/bin/../lib/gcc/arm-none-eabi/12.3.1/thumb/v7-m/nofp\libgcc.a

.debug_info     0x00000000    0x1585e
 .debug_info    0x00000000      0xe2a ./Core/Src/MFRC522.o
 .debug_info    0x00000e2a       0xfa ./Core/Src/button_processing.o
 .debug_info    0x00000f24      0x160 ./Core/Src/buttons_control_block.o
 .debug_info    0x00001084      0x66f ./Core/Src/door_control_block.o
 .debug_info    0x000016f3      0x106 ./Core/Src/door_management_system.o
 .debug_info    0x000017f9      0x287 ./Core/Src/global.o
 .debug_info    0x00001a80      0x721 ./Core/Src/i2c_lcd.o
 .debug_info    0x000021a1      0x34d ./Core/Src/keypad.o
 .debug_info    0x000024ee      0x18a ./Core/Src/lcd_control_block.o
 .debug_info    0x00002678      0x10e ./Core/Src/list_person.o
 .debug_info    0x00002786     0x1b03 ./Core/Src/main.o
 .debug_info    0x00004289      0x197 ./Core/Src/password.o
 .debug_info    0x00004420      0x18d ./Core/Src/queue.o
 .debug_info    0x000045ad      0x6ff ./Core/Src/rfid_control_block.o
 .debug_info    0x00004cac      0x1b4 ./Core/Src/rgb_control_block.o
 .debug_info    0x00004e60      0x3e7 ./Core/Src/rtc_control_block.o
 .debug_info    0x00005247     0x16d2 ./Core/Src/stm32f1xx_hal_msp.o
 .debug_info    0x00006919      0x9b9 ./Core/Src/stm32f1xx_it.o
 .debug_info    0x000072d2      0x222 ./Core/Src/system_stm32f1xx.o
 .debug_info    0x000074f4       0xd0 ./Core/Src/timer.o
 .debug_info    0x000075c4       0x30 ./Core/Startup/startup_stm32f103rbtx.o
 .debug_info    0x000075f4      0x704 ./Drivers/STM32F1xx_HAL_Driver/Src/stm32f1xx_hal.o
 .debug_info    0x00007cf8      0xa87 ./Drivers/STM32F1xx_HAL_Driver/Src/stm32f1xx_hal_cortex.o
 .debug_info    0x0000877f      0x6d2 ./Drivers/STM32F1xx_HAL_Driver/Src/stm32f1xx_hal_dma.o
 .debug_info    0x00008e51      0x5ab ./Drivers/STM32F1xx_HAL_Driver/Src/stm32f1xx_hal_gpio.o
 .debug_info    0x000093fc     0x2524 ./Drivers/STM32F1xx_HAL_Driver/Src/stm32f1xx_hal_i2c.o
 .debug_info    0x0000b920      0x628 ./Drivers/STM32F1xx_HAL_Driver/Src/stm32f1xx_hal_pwr.o
 .debug_info    0x0000bf48      0x7d5 ./Drivers/STM32F1xx_HAL_Driver/Src/stm32f1xx_hal_rcc.o
 .debug_info    0x0000c71d      0x3c0 ./Drivers/STM32F1xx_HAL_Driver/Src/stm32f1xx_hal_rcc_ex.o
 .debug_info    0x0000cadd      0xc73 ./Drivers/STM32F1xx_HAL_Driver/Src/stm32f1xx_hal_rtc.o
 .debug_info    0x0000d750     0x142d ./Drivers/STM32F1xx_HAL_Driver/Src/stm32f1xx_hal_spi.o
 .debug_info    0x0000eb7d     0x2959 ./Drivers/STM32F1xx_HAL_Driver/Src/stm32f1xx_hal_tim.o
 .debug_info    0x000114d6     0x149b ./Drivers/STM32F1xx_HAL_Driver/Src/stm32f1xx_hal_tim_ex.o
 .debug_info    0x00012971     0x2eed ./Drivers/STM32F1xx_HAL_Driver/Src/stm32f1xx_hal_uart.o

.debug_abbrev   0x00000000     0x3bb3
 .debug_abbrev  0x00000000      0x2a5 ./Core/Src/MFRC522.o
 .debug_abbrev  0x000002a5       0xb0 ./Core/Src/button_processing.o
 .debug_abbrev  0x00000355       0xf2 ./Core/Src/buttons_control_block.o
 .debug_abbrev  0x00000447      0x171 ./Core/Src/door_control_block.o
 .debug_abbrev  0x000005b8       0x8e ./Core/Src/door_management_system.o
 .debug_abbrev  0x00000646       0xab ./Core/Src/global.o
 .debug_abbrev  0x000006f1      0x1d3 ./Core/Src/i2c_lcd.o
 .debug_abbrev  0x000008c4      0x21f ./Core/Src/keypad.o
 .debug_abbrev  0x00000ae3      0x10e ./Core/Src/lcd_control_block.o
 .debug_abbrev  0x00000bf1       0xc6 ./Core/Src/list_person.o
 .debug_abbrev  0x00000cb7      0x339 ./Core/Src/main.o
 .debug_abbrev  0x00000ff0      0x12d ./Core/Src/password.o
 .debug_abbrev  0x0000111d      0x141 ./Core/Src/queue.o
 .debug_abbrev  0x0000125e      0x1fb ./Core/Src/rfid_control_block.o
 .debug_abbrev  0x00001459      0x104 ./Core/Src/rgb_control_block.o
 .debug_abbrev  0x0000155d      0x181 ./Core/Src/rtc_control_block.o
 .debug_abbrev  0x000016de      0x28e ./Core/Src/stm32f1xx_hal_msp.o
 .debug_abbrev  0x0000196c      0x1c9 ./Core/Src/stm32f1xx_it.o
 .debug_abbrev  0x00001b35      0x13f ./Core/Src/system_stm32f1xx.o
 .debug_abbrev  0x00001c74       0xd4 ./Core/Src/timer.o
 .debug_abbrev  0x00001d48       0x24 ./Core/Startup/startup_stm32f103rbtx.o
 .debug_abbrev  0x00001d6c      0x201 ./Drivers/STM32F1xx_HAL_Driver/Src/stm32f1xx_hal.o
 .debug_abbrev  0x00001f6d      0x2f8 ./Drivers/STM32F1xx_HAL_Driver/Src/stm32f1xx_hal_cortex.o
 .debug_abbrev  0x00002265      0x20b ./Drivers/STM32F1xx_HAL_Driver/Src/stm32f1xx_hal_dma.o
 .debug_abbrev  0x00002470      0x1ca ./Drivers/STM32F1xx_HAL_Driver/Src/stm32f1xx_hal_gpio.o
 .debug_abbrev  0x0000263a      0x2a3 ./Drivers/STM32F1xx_HAL_Driver/Src/stm32f1xx_hal_i2c.o
 .debug_abbrev  0x000028dd      0x1f6 ./Drivers/STM32F1xx_HAL_Driver/Src/stm32f1xx_hal_pwr.o
 .debug_abbrev  0x00002ad3      0x2b3 ./Drivers/STM32F1xx_HAL_Driver/Src/stm32f1xx_hal_rcc.o
 .debug_abbrev  0x00002d86      0x188 ./Drivers/STM32F1xx_HAL_Driver/Src/stm32f1xx_hal_rcc_ex.o
 .debug_abbrev  0x00002f0e      0x23a ./Drivers/STM32F1xx_HAL_Driver/Src/stm32f1xx_hal_rtc.o
 .debug_abbrev  0x00003148      0x27a ./Drivers/STM32F1xx_HAL_Driver/Src/stm32f1xx_hal_spi.o
 .debug_abbrev  0x000033c2      0x277 ./Drivers/STM32F1xx_HAL_Driver/Src/stm32f1xx_hal_tim.o
 .debug_abbrev  0x00003639      0x282 ./Drivers/STM32F1xx_HAL_Driver/Src/stm32f1xx_hal_tim_ex.o
 .debug_abbrev  0x000038bb      0x2f8 ./Drivers/STM32F1xx_HAL_Driver/Src/stm32f1xx_hal_uart.o

.debug_aranges  0x00000000     0x1610
 .debug_aranges
                0x00000000       0xa8 ./Core/Src/MFRC522.o
 .debug_aranges
                0x000000a8       0x20 ./Core/Src/button_processing.o
 .debug_aranges
                0x000000c8       0x28 ./Core/Src/buttons_control_block.o
 .debug_aranges
                0x000000f0       0x28 ./Core/Src/door_control_block.o
 .debug_aranges
                0x00000118       0x28 ./Core/Src/door_management_system.o
 .debug_aranges
                0x00000140       0x18 ./Core/Src/global.o
 .debug_aranges
                0x00000158       0x48 ./Core/Src/i2c_lcd.o
 .debug_aranges
                0x000001a0       0x40 ./Core/Src/keypad.o
 .debug_aranges
                0x000001e0       0x48 ./Core/Src/lcd_control_block.o
 .debug_aranges
                0x00000228       0x20 ./Core/Src/list_person.o
 .debug_aranges
                0x00000248       0x88 ./Core/Src/main.o
 .debug_aranges
                0x000002d0       0x38 ./Core/Src/password.o
 .debug_aranges
                0x00000308       0x40 ./Core/Src/queue.o
 .debug_aranges
                0x00000348       0x28 ./Core/Src/rfid_control_block.o
 .debug_aranges
                0x00000370       0x28 ./Core/Src/rgb_control_block.o
 .debug_aranges
                0x00000398       0x30 ./Core/Src/rtc_control_block.o
 .debug_aranges
                0x000003c8       0x78 ./Core/Src/stm32f1xx_hal_msp.o
 .debug_aranges
                0x00000440       0x88 ./Core/Src/stm32f1xx_it.o
 .debug_aranges
                0x000004c8       0x28 ./Core/Src/system_stm32f1xx.o
 .debug_aranges
                0x000004f0       0x28 ./Core/Src/timer.o
 .debug_aranges
                0x00000518       0x28 ./Core/Startup/startup_stm32f103rbtx.o
 .debug_aranges
                0x00000540       0xe0 ./Drivers/STM32F1xx_HAL_Driver/Src/stm32f1xx_hal.o
 .debug_aranges
                0x00000620      0x100 ./Drivers/STM32F1xx_HAL_Driver/Src/stm32f1xx_hal_cortex.o
 .debug_aranges
                0x00000720       0x80 ./Drivers/STM32F1xx_HAL_Driver/Src/stm32f1xx_hal_dma.o
 .debug_aranges
                0x000007a0       0x58 ./Drivers/STM32F1xx_HAL_Driver/Src/stm32f1xx_hal_gpio.o
 .debug_aranges
                0x000007f8      0x2a8 ./Drivers/STM32F1xx_HAL_Driver/Src/stm32f1xx_hal_i2c.o
 .debug_aranges
                0x00000aa0       0xa8 ./Drivers/STM32F1xx_HAL_Driver/Src/stm32f1xx_hal_pwr.o
 .debug_aranges
                0x00000b48       0x90 ./Drivers/STM32F1xx_HAL_Driver/Src/stm32f1xx_hal_rcc.o
 .debug_aranges
                0x00000bd8       0x30 ./Drivers/STM32F1xx_HAL_Driver/Src/stm32f1xx_hal_rcc_ex.o
 .debug_aranges
                0x00000c08       0xf8 ./Drivers/STM32F1xx_HAL_Driver/Src/stm32f1xx_hal_rtc.o
 .debug_aranges
                0x00000d00      0x1d0 ./Drivers/STM32F1xx_HAL_Driver/Src/stm32f1xx_hal_spi.o
 .debug_aranges
                0x00000ed0      0x3d0 ./Drivers/STM32F1xx_HAL_Driver/Src/stm32f1xx_hal_tim.o
 .debug_aranges
                0x000012a0      0x168 ./Drivers/STM32F1xx_HAL_Driver/Src/stm32f1xx_hal_tim_ex.o
 .debug_aranges
                0x00001408      0x208 ./Drivers/STM32F1xx_HAL_Driver/Src/stm32f1xx_hal_uart.o

.debug_rnglists
                0x00000000     0x10fd
 .debug_rnglists
                0x00000000       0x7f ./Core/Src/MFRC522.o
 .debug_rnglists
                0x0000007f       0x13 ./Core/Src/button_processing.o
 .debug_rnglists
                0x00000092       0x1a ./Core/Src/buttons_control_block.o
 .debug_rnglists
                0x000000ac       0x19 ./Core/Src/door_control_block.o
 .debug_rnglists
                0x000000c5       0x19 ./Core/Src/door_management_system.o
 .debug_rnglists
                0x000000de       0x31 ./Core/Src/i2c_lcd.o
 .debug_rnglists
                0x0000010f       0x2d ./Core/Src/keypad.o
 .debug_rnglists
                0x0000013c       0x31 ./Core/Src/lcd_control_block.o
 .debug_rnglists
                0x0000016d       0x13 ./Core/Src/list_person.o
 .debug_rnglists
                0x00000180       0x66 ./Core/Src/main.o
 .debug_rnglists
                0x000001e6       0x26 ./Core/Src/password.o
 .debug_rnglists
                0x0000020c       0x2c ./Core/Src/queue.o
 .debug_rnglists
                0x00000238       0x1a ./Core/Src/rfid_control_block.o
 .debug_rnglists
                0x00000252       0x19 ./Core/Src/rgb_control_block.o
 .debug_rnglists
                0x0000026b       0x1f ./Core/Src/rtc_control_block.o
 .debug_rnglists
                0x0000028a       0x58 ./Core/Src/stm32f1xx_hal_msp.o
 .debug_rnglists
                0x000002e2       0x61 ./Core/Src/stm32f1xx_it.o
 .debug_rnglists
                0x00000343       0x1a ./Core/Src/system_stm32f1xx.o
 .debug_rnglists
                0x0000035d       0x19 ./Core/Src/timer.o
 .debug_rnglists
                0x00000376       0x19 ./Core/Startup/startup_stm32f103rbtx.o
 .debug_rnglists
                0x0000038f       0xa3 ./Drivers/STM32F1xx_HAL_Driver/Src/stm32f1xx_hal.o
 .debug_rnglists
                0x00000432       0xbb ./Drivers/STM32F1xx_HAL_Driver/Src/stm32f1xx_hal_cortex.o
 .debug_rnglists
                0x000004ed       0x64 ./Drivers/STM32F1xx_HAL_Driver/Src/stm32f1xx_hal_dma.o
 .debug_rnglists
                0x00000551       0x3f ./Drivers/STM32F1xx_HAL_Driver/Src/stm32f1xx_hal_gpio.o
 .debug_rnglists
                0x00000590      0x23c ./Drivers/STM32F1xx_HAL_Driver/Src/stm32f1xx_hal_i2c.o
 .debug_rnglists
                0x000007cc       0x7a ./Drivers/STM32F1xx_HAL_Driver/Src/stm32f1xx_hal_pwr.o
 .debug_rnglists
                0x00000846       0x6c ./Drivers/STM32F1xx_HAL_Driver/Src/stm32f1xx_hal_rcc.o
 .debug_rnglists
                0x000008b2       0x21 ./Drivers/STM32F1xx_HAL_Driver/Src/stm32f1xx_hal_rcc_ex.o
 .debug_rnglists
                0x000008d3       0xc1 ./Drivers/STM32F1xx_HAL_Driver/Src/stm32f1xx_hal_rtc.o
 .debug_rnglists
                0x00000994      0x16e ./Drivers/STM32F1xx_HAL_Driver/Src/stm32f1xx_hal_spi.o
 .debug_rnglists
                0x00000b02      0x31a ./Drivers/STM32F1xx_HAL_Driver/Src/stm32f1xx_hal_tim.o
 .debug_rnglists
                0x00000e1c      0x125 ./Drivers/STM32F1xx_HAL_Driver/Src/stm32f1xx_hal_tim_ex.o
 .debug_rnglists
                0x00000f41      0x1bc ./Drivers/STM32F1xx_HAL_Driver/Src/stm32f1xx_hal_uart.o

.debug_macro    0x00000000    0x1b9db
 .debug_macro   0x00000000      0x1da ./Core/Src/MFRC522.o
 .debug_macro   0x000001da      0xaa8 ./Core/Src/MFRC522.o
 .debug_macro   0x00000c82      0x233 ./Core/Src/MFRC522.o
 .debug_macro   0x00000eb5       0x2e ./Core/Src/MFRC522.o
 .debug_macro   0x00000ee3       0x22 ./Core/Src/MFRC522.o
 .debug_macro   0x00000f05       0x22 ./Core/Src/MFRC522.o
 .debug_macro   0x00000f27       0x8e ./Core/Src/MFRC522.o
 .debug_macro   0x00000fb5       0x51 ./Core/Src/MFRC522.o
 .debug_macro   0x00001006      0x103 ./Core/Src/MFRC522.o
 .debug_macro   0x00001109       0x6a ./Core/Src/MFRC522.o
 .debug_macro   0x00001173      0x1df ./Core/Src/MFRC522.o
 .debug_macro   0x00001352       0x1c ./Core/Src/MFRC522.o
 .debug_macro   0x0000136e       0x22 ./Core/Src/MFRC522.o
 .debug_macro   0x00001390       0xbd ./Core/Src/MFRC522.o
 .debug_macro   0x0000144d      0xd23 ./Core/Src/MFRC522.o
 .debug_macro   0x00002170     0xe09e ./Core/Src/MFRC522.o
 .debug_macro   0x0001020e       0x6d ./Core/Src/MFRC522.o
 .debug_macro   0x0001027b     0x34a2 ./Core/Src/MFRC522.o
 .debug_macro   0x0001371d      0x189 ./Core/Src/MFRC522.o
 .debug_macro   0x000138a6       0x5c ./Core/Src/MFRC522.o
 .debug_macro   0x00013902      0x5bc ./Core/Src/MFRC522.o
 .debug_macro   0x00013ebe      0x289 ./Core/Src/MFRC522.o
 .debug_macro   0x00014147      0x1cb ./Core/Src/MFRC522.o
 .debug_macro   0x00014312      0x114 ./Core/Src/MFRC522.o
 .debug_macro   0x00014426      0x1b2 ./Core/Src/MFRC522.o
 .debug_macro   0x000145d8       0x27 ./Core/Src/MFRC522.o
 .debug_macro   0x000145ff      0x136 ./Core/Src/MFRC522.o
 .debug_macro   0x00014735      0x1bc ./Core/Src/MFRC522.o
 .debug_macro   0x000148f1       0x34 ./Core/Src/MFRC522.o
 .debug_macro   0x00014925       0x3c ./Core/Src/MFRC522.o
 .debug_macro   0x00014961       0x57 ./Core/Src/MFRC522.o
 .debug_macro   0x000149b8       0x87 ./Core/Src/MFRC522.o
 .debug_macro   0x00014a3f      0x240 ./Core/Src/MFRC522.o
 .debug_macro   0x00014c7f      0x287 ./Core/Src/MFRC522.o
 .debug_macro   0x00014f06      0x140 ./Core/Src/MFRC522.o
 .debug_macro   0x00015046      0x1ef ./Core/Src/MFRC522.o
 .debug_macro   0x00015235       0xeb ./Core/Src/MFRC522.o
 .debug_macro   0x00015320      0x217 ./Core/Src/MFRC522.o
 .debug_macro   0x00015537      0x8ed ./Core/Src/MFRC522.o
 .debug_macro   0x00015e24      0x28e ./Core/Src/MFRC522.o
 .debug_macro   0x000160b2       0x83 ./Core/Src/MFRC522.o
 .debug_macro   0x00016135      0x23e ./Core/Src/MFRC522.o
 .debug_macro   0x00016373      0x1fc ./Core/Src/button_processing.o
 .debug_macro   0x0001656f      0x124 ./Core/Src/button_processing.o
 .debug_macro   0x00016693       0x22 ./Core/Src/button_processing.o
 .debug_macro   0x000166b5       0x10 ./Core/Src/button_processing.o
 .debug_macro   0x000166c5      0x261 ./Core/Src/buttons_control_block.o
 .debug_macro   0x00016926       0x1c ./Core/Src/buttons_control_block.o
 .debug_macro   0x00016942       0x3a ./Core/Src/buttons_control_block.o
 .debug_macro   0x0001697c       0x1c ./Core/Src/buttons_control_block.o
 .debug_macro   0x00016998      0x244 ./Core/Src/buttons_control_block.o
 .debug_macro   0x00016bdc       0x16 ./Core/Src/buttons_control_block.o
 .debug_macro   0x00016bf2       0x10 ./Core/Src/buttons_control_block.o
 .debug_macro   0x00016c02       0x10 ./Core/Src/buttons_control_block.o
 .debug_macro   0x00016c12      0x204 ./Core/Src/door_control_block.o
 .debug_macro   0x00016e16      0x3d6 ./Core/Src/door_management_system.o
 .debug_macro   0x000171ec       0x24 ./Core/Src/door_management_system.o
 .debug_macro   0x00017210       0x61 ./Core/Src/door_management_system.o
 .debug_macro   0x00017271       0x43 ./Core/Src/door_management_system.o
 .debug_macro   0x000172b4       0x34 ./Core/Src/door_management_system.o
 .debug_macro   0x000172e8       0x16 ./Core/Src/door_management_system.o
 .debug_macro   0x000172fe       0x35 ./Core/Src/door_management_system.o
 .debug_macro   0x00017333       0x16 ./Core/Src/door_management_system.o
 .debug_macro   0x00017349       0x43 ./Core/Src/door_management_system.o
 .debug_macro   0x0001738c       0x34 ./Core/Src/door_management_system.o
 .debug_macro   0x000173c0       0x10 ./Core/Src/door_management_system.o
 .debug_macro   0x000173d0       0x58 ./Core/Src/door_management_system.o
 .debug_macro   0x00017428       0x8e ./Core/Src/door_management_system.o
 .debug_macro   0x000174b6       0x1c ./Core/Src/door_management_system.o
 .debug_macro   0x000174d2      0x177 ./Core/Src/door_management_system.o
 .debug_macro   0x00017649      0x369 ./Core/Src/door_management_system.o
 .debug_macro   0x000179b2       0x16 ./Core/Src/door_management_system.o
 .debug_macro   0x000179c8       0x29 ./Core/Src/door_management_system.o
 .debug_macro   0x000179f1       0x16 ./Core/Src/door_management_system.o
 .debug_macro   0x00017a07       0x20 ./Core/Src/door_management_system.o
 .debug_macro   0x00017a27       0x1c ./Core/Src/door_management_system.o
 .debug_macro   0x00017a43       0x10 ./Core/Src/door_management_system.o
 .debug_macro   0x00017a53       0x1c ./Core/Src/door_management_system.o
 .debug_macro   0x00017a6f       0x16 ./Core/Src/door_management_system.o
 .debug_macro   0x00017a85      0x146 ./Core/Src/door_management_system.o
 .debug_macro   0x00017bcb       0x10 ./Core/Src/door_management_system.o
 .debug_macro   0x00017bdb       0x16 ./Core/Src/door_management_system.o
 .debug_macro   0x00017bf1       0x16 ./Core/Src/door_management_system.o
 .debug_macro   0x00017c07      0x339 ./Core/Src/global.o
 .debug_macro   0x00017f40       0x5b ./Core/Src/global.o
 .debug_macro   0x00017f9b       0x94 ./Core/Src/global.o
 .debug_macro   0x0001802f      0x11c ./Core/Src/global.o
 .debug_macro   0x0001814b       0x94 ./Core/Src/global.o
 .debug_macro   0x000181df       0x57 ./Core/Src/global.o
 .debug_macro   0x00018236       0x56 ./Core/Src/global.o
 .debug_macro   0x0001828c      0x1db ./Core/Src/i2c_lcd.o
 .debug_macro   0x00018467      0x1fc ./Core/Src/keypad.o
 .debug_macro   0x00018663      0x261 ./Core/Src/lcd_control_block.o
 .debug_macro   0x000188c4      0x10f ./Core/Src/list_person.o
 .debug_macro   0x000189d3       0x10 ./Core/Src/list_person.o
 .debug_macro   0x000189e3      0x3de ./Core/Src/main.o
 .debug_macro   0x00018dc1      0x20b ./Core/Src/password.o
 .debug_macro   0x00018fcc      0x118 ./Core/Src/queue.o
 .debug_macro   0x000190e4       0x16 ./Core/Src/queue.o
 .debug_macro   0x000190fa       0x9e ./Core/Src/queue.o
 .debug_macro   0x00019198      0x10b ./Core/Src/queue.o
 .debug_macro   0x000192a3       0x16 ./Core/Src/queue.o
 .debug_macro   0x000192b9      0x3c1 ./Core/Src/rfid_control_block.o
 .debug_macro   0x0001967a      0x12a ./Core/Src/rfid_control_block.o
 .debug_macro   0x000197a4      0x1e9 ./Core/Src/rgb_control_block.o
 .debug_macro   0x0001998d       0x10 ./Core/Src/rgb_control_block.o
 .debug_macro   0x0001999d      0x1e4 ./Core/Src/rtc_control_block.o
 .debug_macro   0x00019b81      0x1da ./Core/Src/stm32f1xx_hal_msp.o
 .debug_macro   0x00019d5b      0x1e4 ./Core/Src/stm32f1xx_it.o
 .debug_macro   0x00019f3f      0x1cb ./Core/Src/system_stm32f1xx.o
 .debug_macro   0x0001a10a       0x1a ./Core/Src/timer.o
 .debug_macro   0x0001a124      0x1ef ./Drivers/STM32F1xx_HAL_Driver/Src/stm32f1xx_hal.o
 .debug_macro   0x0001a313      0x1cb ./Drivers/STM32F1xx_HAL_Driver/Src/stm32f1xx_hal_cortex.o
 .debug_macro   0x0001a4de      0x1cb ./Drivers/STM32F1xx_HAL_Driver/Src/stm32f1xx_hal_dma.o
 .debug_macro   0x0001a6a9      0x236 ./Drivers/STM32F1xx_HAL_Driver/Src/stm32f1xx_hal_gpio.o
 .debug_macro   0x0001a8df      0x219 ./Drivers/STM32F1xx_HAL_Driver/Src/stm32f1xx_hal_i2c.o
 .debug_macro   0x0001aaf8      0x22b ./Drivers/STM32F1xx_HAL_Driver/Src/stm32f1xx_hal_pwr.o
 .debug_macro   0x0001ad23      0x1dd ./Drivers/STM32F1xx_HAL_Driver/Src/stm32f1xx_hal_rcc.o
 .debug_macro   0x0001af00      0x1cb ./Drivers/STM32F1xx_HAL_Driver/Src/stm32f1xx_hal_rcc_ex.o
 .debug_macro   0x0001b0cb      0x1da ./Drivers/STM32F1xx_HAL_Driver/Src/stm32f1xx_hal_rtc.o
 .debug_macro   0x0001b2a5      0x1d3 ./Drivers/STM32F1xx_HAL_Driver/Src/stm32f1xx_hal_spi.o
 .debug_macro   0x0001b478      0x1cc ./Drivers/STM32F1xx_HAL_Driver/Src/stm32f1xx_hal_tim.o
 .debug_macro   0x0001b644      0x1cb ./Drivers/STM32F1xx_HAL_Driver/Src/stm32f1xx_hal_tim_ex.o
 .debug_macro   0x0001b80f      0x1cc ./Drivers/STM32F1xx_HAL_Driver/Src/stm32f1xx_hal_uart.o

.debug_line     0x00000000    0x1dadf
 .debug_line    0x00000000      0xc64 ./Core/Src/MFRC522.o
 .debug_line    0x00000c64      0x7a5 ./Core/Src/button_processing.o
 .debug_line    0x00001409      0x8b3 ./Core/Src/buttons_control_block.o
 .debug_line    0x00001cbc      0x7df ./Core/Src/door_control_block.o
 .debug_line    0x0000249b      0xa76 ./Core/Src/door_management_system.o
 .debug_line    0x00002f11      0x91d ./Core/Src/global.o
 .debug_line    0x0000382e      0x815 ./Core/Src/i2c_lcd.o
 .debug_line    0x00004043      0x893 ./Core/Src/keypad.o
 .debug_line    0x000048d6      0x8fb ./Core/Src/lcd_control_block.o
 .debug_line    0x000051d1      0x583 ./Core/Src/list_person.o
 .debug_line    0x00005754      0xda3 ./Core/Src/main.o
 .debug_line    0x000064f7      0x854 ./Core/Src/password.o
 .debug_line    0x00006d4b      0x646 ./Core/Src/queue.o
 .debug_line    0x00007391      0xa60 ./Core/Src/rfid_control_block.o
 .debug_line    0x00007df1      0x795 ./Core/Src/rgb_control_block.o
 .debug_line    0x00008586      0x7bf ./Core/Src/rtc_control_block.o
 .debug_line    0x00008d45      0x9ba ./Core/Src/stm32f1xx_hal_msp.o
 .debug_line    0x000096ff      0x892 ./Core/Src/stm32f1xx_it.o
 .debug_line    0x00009f91      0x7d6 ./Core/Src/system_stm32f1xx.o
 .debug_line    0x0000a767       0xa0 ./Core/Src/timer.o
 .debug_line    0x0000a807       0x78 ./Core/Startup/startup_stm32f103rbtx.o
 .debug_line    0x0000a87f      0xa03 ./Drivers/STM32F1xx_HAL_Driver/Src/stm32f1xx_hal.o
 .debug_line    0x0000b282      0xbef ./Drivers/STM32F1xx_HAL_Driver/Src/stm32f1xx_hal_cortex.o
 .debug_line    0x0000be71      0xe5c ./Drivers/STM32F1xx_HAL_Driver/Src/stm32f1xx_hal_dma.o
 .debug_line    0x0000cccd      0xa9c ./Drivers/STM32F1xx_HAL_Driver/Src/stm32f1xx_hal_gpio.o
 .debug_line    0x0000d769     0x3ca0 ./Drivers/STM32F1xx_HAL_Driver/Src/stm32f1xx_hal_i2c.o
 .debug_line    0x00011409      0x985 ./Drivers/STM32F1xx_HAL_Driver/Src/stm32f1xx_hal_pwr.o
 .debug_line    0x00011d8e      0xe0c ./Drivers/STM32F1xx_HAL_Driver/Src/stm32f1xx_hal_rcc.o
 .debug_line    0x00012b9a      0x94d ./Drivers/STM32F1xx_HAL_Driver/Src/stm32f1xx_hal_rcc_ex.o
 .debug_line    0x000134e7     0x1175 ./Drivers/STM32F1xx_HAL_Driver/Src/stm32f1xx_hal_rtc.o
 .debug_line    0x0001465c     0x1d27 ./Drivers/STM32F1xx_HAL_Driver/Src/stm32f1xx_hal_spi.o
 .debug_line    0x00016383     0x3528 ./Drivers/STM32F1xx_HAL_Driver/Src/stm32f1xx_hal_tim.o
 .debug_line    0x000198ab     0x1952 ./Drivers/STM32F1xx_HAL_Driver/Src/stm32f1xx_hal_tim_ex.o
 .debug_line    0x0001b1fd     0x28e2 ./Drivers/STM32F1xx_HAL_Driver/Src/stm32f1xx_hal_uart.o

.debug_str      0x00000000    0x91cd8
 .debug_str     0x00000000    0x887f6 ./Core/Src/MFRC522.o
                              0x88bf3 (size before relaxing)
 .debug_str     0x000887f6      0x547 ./Core/Src/button_processing.o
                              0x882a4 (size before relaxing)
 .debug_str     0x00088d3d      0x2eb ./Core/Src/buttons_control_block.o
                              0x88ba9 (size before relaxing)
 .debug_str     0x00089028      0x2bc ./Core/Src/door_control_block.o
                              0x88e61 (size before relaxing)
 .debug_str     0x000892e4     0x3948 ./Core/Src/door_management_system.o
                              0x8c47a (size before relaxing)
 .debug_str     0x0008cc2c       0x9c ./Core/Src/global.o
                              0x8bde2 (size before relaxing)
 .debug_str     0x0008ccc8      0x2d9 ./Core/Src/i2c_lcd.o
                              0x882e1 (size before relaxing)
 .debug_str     0x0008cfa1       0xa4 ./Core/Src/keypad.o
                              0x883a2 (size before relaxing)
 .debug_str     0x0008d045       0x84 ./Core/Src/lcd_control_block.o
                              0x88baf (size before relaxing)
 .debug_str     0x0008d0c9       0x39 ./Core/Src/list_person.o
                               0x665c (size before relaxing)
 .debug_str     0x0008d102      0x9fd ./Core/Src/main.o
                              0x8da2f (size before relaxing)
 .debug_str     0x0008daff       0x52 ./Core/Src/password.o
                              0x88336 (size before relaxing)
 .debug_str     0x0008db51       0x42 ./Core/Src/queue.o
                               0x6c15 (size before relaxing)
 .debug_str     0x0008db93       0x4c ./Core/Src/rfid_control_block.o
                              0x8c8d5 (size before relaxing)
 .debug_str     0x0008dbdf       0x20 ./Core/Src/rgb_control_block.o
                              0x8826d (size before relaxing)
 .debug_str     0x0008dbff       0x5c ./Core/Src/rtc_control_block.o
                              0x883fc (size before relaxing)
 .debug_str     0x0008dc5b      0x183 ./Core/Src/stm32f1xx_hal_msp.o
                              0x89319 (size before relaxing)
 .debug_str     0x0008ddde      0x185 ./Core/Src/stm32f1xx_it.o
                              0x88a0a (size before relaxing)
 .debug_str     0x0008df63       0x7e ./Core/Src/system_stm32f1xx.o
                              0x87e28 (size before relaxing)
 .debug_str     0x0008dfe1       0x2b ./Core/Src/timer.o
                               0x2ead (size before relaxing)
 .debug_str     0x0008e00c       0x44 ./Core/Startup/startup_stm32f103rbtx.o
                                 0x50 (size before relaxing)
 .debug_str     0x0008e050      0x37a ./Drivers/STM32F1xx_HAL_Driver/Src/stm32f1xx_hal.o
                              0x8855b (size before relaxing)
 .debug_str     0x0008e3ca      0x294 ./Drivers/STM32F1xx_HAL_Driver/Src/stm32f1xx_hal_cortex.o
                              0x884a7 (size before relaxing)
 .debug_str     0x0008e65e      0x201 ./Drivers/STM32F1xx_HAL_Driver/Src/stm32f1xx_hal_dma.o
                              0x881d1 (size before relaxing)
 .debug_str     0x0008e85f      0x2a8 ./Drivers/STM32F1xx_HAL_Driver/Src/stm32f1xx_hal_gpio.o
                              0x881ae (size before relaxing)
 .debug_str     0x0008eb07      0xb8a ./Drivers/STM32F1xx_HAL_Driver/Src/stm32f1xx_hal_i2c.o
                              0x88eef (size before relaxing)
 .debug_str     0x0008f691      0x4f5 ./Drivers/STM32F1xx_HAL_Driver/Src/stm32f1xx_hal_pwr.o
                              0x8835f (size before relaxing)
 .debug_str     0x0008fb86      0x1fd ./Drivers/STM32F1xx_HAL_Driver/Src/stm32f1xx_hal_rcc.o
                              0x88257 (size before relaxing)
 .debug_str     0x0008fd83       0x9f ./Drivers/STM32F1xx_HAL_Driver/Src/stm32f1xx_hal_rcc_ex.o
                              0x87fa7 (size before relaxing)
 .debug_str     0x0008fe22      0x2f1 ./Drivers/STM32F1xx_HAL_Driver/Src/stm32f1xx_hal_rtc.o
                              0x88333 (size before relaxing)
 .debug_str     0x00090113      0x509 ./Drivers/STM32F1xx_HAL_Driver/Src/stm32f1xx_hal_spi.o
                              0x8874e (size before relaxing)
 .debug_str     0x0009061c      0xd05 ./Drivers/STM32F1xx_HAL_Driver/Src/stm32f1xx_hal_tim.o
                              0x89259 (size before relaxing)
 .debug_str     0x00091321      0x3e1 ./Drivers/STM32F1xx_HAL_Driver/Src/stm32f1xx_hal_tim_ex.o
                              0x88a65 (size before relaxing)
 .debug_str     0x00091702      0x5d6 ./Drivers/STM32F1xx_HAL_Driver/Src/stm32f1xx_hal_uart.o
                              0x888c8 (size before relaxing)

.comment        0x00000000       0x43
 .comment       0x00000000       0x43 ./Core/Src/MFRC522.o
                                 0x44 (size before relaxing)
 .comment       0x00000043       0x44 ./Core/Src/button_processing.o
 .comment       0x00000043       0x44 ./Core/Src/buttons_control_block.o
 .comment       0x00000043       0x44 ./Core/Src/door_control_block.o
 .comment       0x00000043       0x44 ./Core/Src/door_management_system.o
 .comment       0x00000043       0x44 ./Core/Src/global.o
 .comment       0x00000043       0x44 ./Core/Src/i2c_lcd.o
 .comment       0x00000043       0x44 ./Core/Src/keypad.o
 .comment       0x00000043       0x44 ./Core/Src/lcd_control_block.o
 .comment       0x00000043       0x44 ./Core/Src/list_person.o
 .comment       0x00000043       0x44 ./Core/Src/main.o
 .comment       0x00000043       0x44 ./Core/Src/password.o
 .comment       0x00000043       0x44 ./Core/Src/queue.o
 .comment       0x00000043       0x44 ./Core/Src/rfid_control_block.o
 .comment       0x00000043       0x44 ./Core/Src/rgb_control_block.o
 .comment       0x00000043       0x44 ./Core/Src/rtc_control_block.o
 .comment       0x00000043       0x44 ./Core/Src/stm32f1xx_hal_msp.o
 .comment       0x00000043       0x44 ./Core/Src/stm32f1xx_it.o
 .comment       0x00000043       0x44 ./Core/Src/system_stm32f1xx.o
 .comment       0x00000043       0x44 ./Core/Src/timer.o
 .comment       0x00000043       0x44 ./Drivers/STM32F1xx_HAL_Driver/Src/stm32f1xx_hal.o
 .comment       0x00000043       0x44 ./Drivers/STM32F1xx_HAL_Driver/Src/stm32f1xx_hal_cortex.o
 .comment       0x00000043       0x44 ./Drivers/STM32F1xx_HAL_Driver/Src/stm32f1xx_hal_dma.o
 .comment       0x00000043       0x44 ./Drivers/STM32F1xx_HAL_Driver/Src/stm32f1xx_hal_gpio.o
 .comment       0x00000043       0x44 ./Drivers/STM32F1xx_HAL_Driver/Src/stm32f1xx_hal_i2c.o
 .comment       0x00000043       0x44 ./Drivers/STM32F1xx_HAL_Driver/Src/stm32f1xx_hal_pwr.o
 .comment       0x00000043       0x44 ./Drivers/STM32F1xx_HAL_Driver/Src/stm32f1xx_hal_rcc.o
 .comment       0x00000043       0x44 ./Drivers/STM32F1xx_HAL_Driver/Src/stm32f1xx_hal_rcc_ex.o
 .comment       0x00000043       0x44 ./Drivers/STM32F1xx_HAL_Driver/Src/stm32f1xx_hal_rtc.o
 .comment       0x00000043       0x44 ./Drivers/STM32F1xx_HAL_Driver/Src/stm32f1xx_hal_spi.o
 .comment       0x00000043       0x44 ./Drivers/STM32F1xx_HAL_Driver/Src/stm32f1xx_hal_tim.o
 .comment       0x00000043       0x44 ./Drivers/STM32F1xx_HAL_Driver/Src/stm32f1xx_hal_tim_ex.o
 .comment       0x00000043       0x44 ./Drivers/STM32F1xx_HAL_Driver/Src/stm32f1xx_hal_uart.o

.debug_frame    0x00000000     0x58d8
 .debug_frame   0x00000000      0x288 ./Core/Src/MFRC522.o
 .debug_frame   0x00000288       0x34 ./Core/Src/button_processing.o
 .debug_frame   0x000002bc       0x50 ./Core/Src/buttons_control_block.o
 .debug_frame   0x0000030c       0x48 ./Core/Src/door_control_block.o
 .debug_frame   0x00000354       0x48 ./Core/Src/door_management_system.o
 .debug_frame   0x0000039c       0xd8 ./Core/Src/i2c_lcd.o
 .debug_frame   0x00000474       0xd0 ./Core/Src/keypad.o
 .debug_frame   0x00000544       0xc0 ./Core/Src/lcd_control_block.o
 .debug_frame   0x00000604       0x34 ./Core/Src/list_person.o
 .debug_frame   0x00000638      0x1cc ./Core/Src/main.o
 .debug_frame   0x00000804       0xa4 ./Core/Src/password.o
 .debug_frame   0x000008a8       0xb4 ./Core/Src/queue.o
 .debug_frame   0x0000095c       0x50 ./Core/Src/rfid_control_block.o
 .debug_frame   0x000009ac       0x48 ./Core/Src/rgb_control_block.o
 .debug_frame   0x000009f4       0x80 ./Core/Src/rtc_control_block.o
 .debug_frame   0x00000a74      0x1c8 ./Core/Src/stm32f1xx_hal_msp.o
 .debug_frame   0x00000c3c      0x190 ./Core/Src/stm32f1xx_it.o
 .debug_frame   0x00000dcc       0x58 ./Core/Src/system_stm32f1xx.o
 .debug_frame   0x00000e24       0x60 ./Core/Src/timer.o
 .debug_frame   0x00000e84      0x334 ./Drivers/STM32F1xx_HAL_Driver/Src/stm32f1xx_hal.o
 .debug_frame   0x000011b8      0x428 ./Drivers/STM32F1xx_HAL_Driver/Src/stm32f1xx_hal_cortex.o
 .debug_frame   0x000015e0      0x208 ./Drivers/STM32F1xx_HAL_Driver/Src/stm32f1xx_hal_dma.o
 .debug_frame   0x000017e8      0x14c ./Drivers/STM32F1xx_HAL_Driver/Src/stm32f1xx_hal_gpio.o
 .debug_frame   0x00001934      0xc84 ./Drivers/STM32F1xx_HAL_Driver/Src/stm32f1xx_hal_i2c.o
 .debug_frame   0x000025b8      0x270 ./Drivers/STM32F1xx_HAL_Driver/Src/stm32f1xx_hal_pwr.o
 .debug_frame   0x00002828      0x218 ./Drivers/STM32F1xx_HAL_Driver/Src/stm32f1xx_hal_rcc.o
 .debug_frame   0x00002a40       0x80 ./Drivers/STM32F1xx_HAL_Driver/Src/stm32f1xx_hal_rcc_ex.o
 .debug_frame   0x00002ac0      0x434 ./Drivers/STM32F1xx_HAL_Driver/Src/stm32f1xx_hal_rtc.o
 .debug_frame   0x00002ef4      0x824 ./Drivers/STM32F1xx_HAL_Driver/Src/stm32f1xx_hal_spi.o
 .debug_frame   0x00003718     0x11b8 ./Drivers/STM32F1xx_HAL_Driver/Src/stm32f1xx_hal_tim.o
 .debug_frame   0x000048d0      0x638 ./Drivers/STM32F1xx_HAL_Driver/Src/stm32f1xx_hal_tim_ex.o
 .debug_frame   0x00004f08      0x944 ./Drivers/STM32F1xx_HAL_Driver/Src/stm32f1xx_hal_uart.o
 .debug_frame   0x0000584c       0x20 D:/STM32CubeIDE_1.15.1/STM32CubeIDE/plugins/com.st.stm32cube.ide.mcu.externaltools.gnu-tools-for-stm32.12.3.rel1.win32_1.0.100.202403111256/tools/bin/../lib/gcc/arm-none-eabi/12.3.1/../../../../arm-none-eabi/lib/thumb/v7-m/nofp\libc_nano.a(libc_a-memset.o)
 .debug_frame   0x0000586c       0x2c D:/STM32CubeIDE_1.15.1/STM32CubeIDE/plugins/com.st.stm32cube.ide.mcu.externaltools.gnu-tools-for-stm32.12.3.rel1.win32_1.0.100.202403111256/tools/bin/../lib/gcc/arm-none-eabi/12.3.1/../../../../arm-none-eabi/lib/thumb/v7-m/nofp\libc_nano.a(libc_a-init.o)
 .debug_frame   0x00005898       0x20 D:/STM32CubeIDE_1.15.1/STM32CubeIDE/plugins/com.st.stm32cube.ide.mcu.externaltools.gnu-tools-for-stm32.12.3.rel1.win32_1.0.100.202403111256/tools/bin/../lib/gcc/arm-none-eabi/12.3.1/../../../../arm-none-eabi/lib/thumb/v7-m/nofp\libc_nano.a(libc_a-strcmp.o)
 .debug_frame   0x000058b8       0x20 D:/STM32CubeIDE_1.15.1/STM32CubeIDE/plugins/com.st.stm32cube.ide.mcu.externaltools.gnu-tools-for-stm32.12.3.rel1.win32_1.0.100.202403111256/tools/bin/../lib/gcc/arm-none-eabi/12.3.1/../../../../arm-none-eabi/lib/thumb/v7-m/nofp\libc_nano.a(libc_a-strcpy.o)

.debug_line_str
                0x00000000       0x34
 .debug_line_str
                0x00000000       0x34 ./Core/Startup/startup_stm32f103rbtx.o
