Archive member included to satisfy reference by file (symbol)

D:/STM32CubeIDE_1.15.1/STM32CubeIDE/plugins/com.st.stm32cube.ide.mcu.externaltools.gnu-tools-for-stm32.12.3.rel1.win32_1.0.100.202403111256/tools/bin/../lib/gcc/arm-none-eabi/12.3.1/../../../../arm-none-eabi/lib/thumb/v7-m/nofp\libc_nano.a(libc_a-exit.o)
                              D:/STM32CubeIDE_1.15.1/STM32CubeIDE/plugins/com.st.stm32cube.ide.mcu.externaltools.gnu-tools-for-stm32.12.3.rel1.win32_1.0.100.202403111256/tools/bin/../lib/gcc/arm-none-eabi/12.3.1/../../../../arm-none-eabi/lib/thumb/v7-m/nofp/crt0.o (exit)
D:/STM32CubeIDE_1.15.1/STM32CubeIDE/plugins/com.st.stm32cube.ide.mcu.externaltools.gnu-tools-for-stm32.12.3.rel1.win32_1.0.100.202403111256/tools/bin/../lib/gcc/arm-none-eabi/12.3.1/../../../../arm-none-eabi/lib/thumb/v7-m/nofp\libc_nano.a(libc_a-findfp.o)
                              D:/STM32CubeIDE_1.15.1/STM32CubeIDE/plugins/com.st.stm32cube.ide.mcu.externaltools.gnu-tools-for-stm32.12.3.rel1.win32_1.0.100.202403111256/tools/bin/../lib/gcc/arm-none-eabi/12.3.1/../../../../arm-none-eabi/lib/thumb/v7-m/nofp\libc_nano.a(libc_a-exit.o) (__stdio_exit_handler)
D:/STM32CubeIDE_1.15.1/STM32CubeIDE/plugins/com.st.stm32cube.ide.mcu.externaltools.gnu-tools-for-stm32.12.3.rel1.win32_1.0.100.202403111256/tools/bin/../lib/gcc/arm-none-eabi/12.3.1/../../../../arm-none-eabi/lib/thumb/v7-m/nofp\libc_nano.a(libc_a-fwalk.o)
                              D:/STM32CubeIDE_1.15.1/STM32CubeIDE/plugins/com.st.stm32cube.ide.mcu.externaltools.gnu-tools-for-stm32.12.3.rel1.win32_1.0.100.202403111256/tools/bin/../lib/gcc/arm-none-eabi/12.3.1/../../../../arm-none-eabi/lib/thumb/v7-m/nofp\libc_nano.a(libc_a-findfp.o) (_fwalk_sglue)
D:/STM32CubeIDE_1.15.1/STM32CubeIDE/plugins/com.st.stm32cube.ide.mcu.externaltools.gnu-tools-for-stm32.12.3.rel1.win32_1.0.100.202403111256/tools/bin/../lib/gcc/arm-none-eabi/12.3.1/../../../../arm-none-eabi/lib/thumb/v7-m/nofp\libc_nano.a(libc_a-sprintf.o)
                              ./Core/Src/esp_config.o (sprintf)
D:/STM32CubeIDE_1.15.1/STM32CubeIDE/plugins/com.st.stm32cube.ide.mcu.externaltools.gnu-tools-for-stm32.12.3.rel1.win32_1.0.100.202403111256/tools/bin/../lib/gcc/arm-none-eabi/12.3.1/../../../../arm-none-eabi/lib/thumb/v7-m/nofp\libc_nano.a(libc_a-stdio.o)
                              D:/STM32CubeIDE_1.15.1/STM32CubeIDE/plugins/com.st.stm32cube.ide.mcu.externaltools.gnu-tools-for-stm32.12.3.rel1.win32_1.0.100.202403111256/tools/bin/../lib/gcc/arm-none-eabi/12.3.1/../../../../arm-none-eabi/lib/thumb/v7-m/nofp\libc_nano.a(libc_a-findfp.o) (__sread)
D:/STM32CubeIDE_1.15.1/STM32CubeIDE/plugins/com.st.stm32cube.ide.mcu.externaltools.gnu-tools-for-stm32.12.3.rel1.win32_1.0.100.202403111256/tools/bin/../lib/gcc/arm-none-eabi/12.3.1/../../../../arm-none-eabi/lib/thumb/v7-m/nofp\libc_nano.a(libc_a-memset.o)
                              D:/STM32CubeIDE_1.15.1/STM32CubeIDE/plugins/com.st.stm32cube.ide.mcu.externaltools.gnu-tools-for-stm32.12.3.rel1.win32_1.0.100.202403111256/tools/bin/../lib/gcc/arm-none-eabi/12.3.1/../../../../arm-none-eabi/lib/thumb/v7-m/nofp/crt0.o (memset)
D:/STM32CubeIDE_1.15.1/STM32CubeIDE/plugins/com.st.stm32cube.ide.mcu.externaltools.gnu-tools-for-stm32.12.3.rel1.win32_1.0.100.202403111256/tools/bin/../lib/gcc/arm-none-eabi/12.3.1/../../../../arm-none-eabi/lib/thumb/v7-m/nofp\libc_nano.a(libc_a-strcat.o)
                              ./Core/Src/esp_config.o (strcat)
D:/STM32CubeIDE_1.15.1/STM32CubeIDE/plugins/com.st.stm32cube.ide.mcu.externaltools.gnu-tools-for-stm32.12.3.rel1.win32_1.0.100.202403111256/tools/bin/../lib/gcc/arm-none-eabi/12.3.1/../../../../arm-none-eabi/lib/thumb/v7-m/nofp\libc_nano.a(libc_a-strstr.o)
                              ./Core/Src/esp_config.o (strstr)
D:/STM32CubeIDE_1.15.1/STM32CubeIDE/plugins/com.st.stm32cube.ide.mcu.externaltools.gnu-tools-for-stm32.12.3.rel1.win32_1.0.100.202403111256/tools/bin/../lib/gcc/arm-none-eabi/12.3.1/../../../../arm-none-eabi/lib/thumb/v7-m/nofp\libc_nano.a(libc_a-closer.o)
                              D:/STM32CubeIDE_1.15.1/STM32CubeIDE/plugins/com.st.stm32cube.ide.mcu.externaltools.gnu-tools-for-stm32.12.3.rel1.win32_1.0.100.202403111256/tools/bin/../lib/gcc/arm-none-eabi/12.3.1/../../../../arm-none-eabi/lib/thumb/v7-m/nofp\libc_nano.a(libc_a-stdio.o) (_close_r)
D:/STM32CubeIDE_1.15.1/STM32CubeIDE/plugins/com.st.stm32cube.ide.mcu.externaltools.gnu-tools-for-stm32.12.3.rel1.win32_1.0.100.202403111256/tools/bin/../lib/gcc/arm-none-eabi/12.3.1/../../../../arm-none-eabi/lib/thumb/v7-m/nofp\libc_nano.a(libc_a-reent.o)
                              D:/STM32CubeIDE_1.15.1/STM32CubeIDE/plugins/com.st.stm32cube.ide.mcu.externaltools.gnu-tools-for-stm32.12.3.rel1.win32_1.0.100.202403111256/tools/bin/../lib/gcc/arm-none-eabi/12.3.1/../../../../arm-none-eabi/lib/thumb/v7-m/nofp\libc_nano.a(libc_a-closer.o) (errno)
[...]
Memory Configuration

Name             Origin             Length             Attributes
RAM              0x20000000         0x00005000         xrw
FLASH            0x08000000         0x00020000         xr
*default*        0x00000000         0xffffffff

Linker script and memory map

LOAD D:/STM32CubeIDE_1.15.1/STM32CubeIDE/plugins/com.st.stm32cube.ide.mcu.externaltools.gnu-tools-for-stm32.12.3.rel1.win32_1.0.100.202403111256/tools/bin/../lib/gcc/arm-none-eabi/12.3.1/thumb/v7-m/nofp/crti.o
LOAD D:/STM32CubeIDE_1.15.1/STM32CubeIDE/plugins/com.st.stm32cube.ide.mcu.externaltools.gnu-tools-for-stm32.12.3.rel1.win32_1.0.100.202403111256/tools/bin/../lib/gcc/arm-none-eabi/12.3.1/thumb/v7-m/nofp/crtbegin.o
LOAD D:/STM32CubeIDE_1.15.1/STM32CubeIDE/plugins/com.st.stm32cube.ide.mcu.externaltools.gnu-tools-for-stm32.12.3.rel1.win32_1.0.100.202403111256/tools/bin/../lib/gcc/arm-none-eabi/12.3.1/../../../../arm-none-eabi/lib/thumb/v7-m/nofp/crt0.o
LOAD ./Core/Src/esp_config.o
LOAD ./Core/Src/list_check_in.o
LOAD ./Core/Src/main.o
LOAD ./Core/Src/stm32f1xx_hal_msp.o
LOAD ./Core/Src/stm32f1xx_it.o
LOAD ./Core/Src/syscalls.o
LOAD ./Core/Src/sysmem.o
LOAD ./Core/Src/system.o
LOAD ./Core/Src/system_stm32f1xx.o
LOAD ./Core/Startup/startup_stm32f103rbtx.o
LOAD ./Drivers/STM32F1xx_HAL_Driver/Src/stm32f1xx_hal.o
LOAD ./Drivers/STM32F1xx_HAL_Driver/Src/stm32f1xx_hal_cortex.o
LOAD ./Drivers/STM32F1xx_HAL_Driver/Src/stm32f1xx_hal_dma.o
LOAD ./Drivers/STM32F1xx_HAL_Driver/Src/stm32f1xx_hal_exti.o
LOAD ./Drivers/STM32F1xx_HAL_Driver/Src/stm32f1xx_hal_flash.o
LOAD ./Drivers/STM32F1xx_HAL_Driver/Src/stm32f1xx_hal_flash_ex.o
LOAD ./Drivers/STM32F1xx_HAL_Driver/Src/stm32f1xx_hal_gpio.o
LOAD ./Drivers/STM32F1xx_HAL_Driver/Src/stm32f1xx_hal_gpio_ex.o
LOAD ./Drivers/STM32F1xx_HAL_Driver/Src/stm32f1xx_hal_pwr.o
LOAD ./Drivers/STM32F1xx_HAL_Driver/Src/stm32f1xx_hal_rcc.o
LOAD ./Drivers/STM32F1xx_HAL_Driver/Src/stm32f1xx_hal_rcc_ex.o
LOAD ./Drivers/STM32F1xx_HAL_Driver/Src/stm32f1xx_hal_tim.o
LOAD ./Drivers/STM32F1xx_HAL_Driver/Src/stm32f1xx_hal_tim_ex.o
LOAD ./Drivers/STM32F1xx_HAL_Driver/Src/stm32f1xx_hal_uart.o
START GROUP
LOAD D:/STM32CubeIDE_1.15.1/STM32CubeIDE/plugins/com.st.stm32cube.ide.mcu.externaltools.gnu-tools-for-stm32.12.3.rel1.win32_1.0.100.202403111256/tools/bin/../lib/gcc/arm-none-eabi/12.3.1/../../../../arm-none-eabi/lib/thumb/v7-m/nofp\libc_nano.a
LOAD D:/STM32CubeIDE_1.15.1/STM32CubeIDE/plugins/com.st.stm32cube.ide.mcu.externaltools.gnu-tools-for-stm32.12.3.rel1.win32_1.0.100.202403111256/tools/bin/../lib/gcc/arm-none-eabi/12.3.1/../../../../arm-none-eabi/lib/thumb/v7-m/nofp\libm.a
END GROUP
START GROUP
LOAD D:/STM32CubeIDE_1.15.1/STM32CubeIDE/plugins/com.st.stm32cube.ide.mcu.externaltools.gnu-tools-for-stm32.12.3.rel1.win32_1.0.100.202403111256/tools/bin/../lib/gcc/arm-none-eabi/12.3.1/thumb/v7-m/nofp\libgcc.a
LOAD D:/STM32CubeIDE_1.15.1/STM32CubeIDE/plugins/com.st.stm32cube.ide.mcu.externaltools.gnu-tools-for-stm32.12.3.rel1.win32_1.0.100.202403111256/tools/bin/../lib/gcc/arm-none-eabi/12.3.1/../../../../arm-none-eabi/lib/thumb/v7-m/nofp\libc_nano.a
END GROUP
START GROUP
LOAD D:/STM32CubeIDE_1.15.1/STM32CubeIDE/plugins/com.st.stm32cube.ide.mcu.externaltools.gnu-tools-for-stm32.12.3.rel1.win32_1.0.100.202403111256/tools/bin/../lib/gcc/arm-none-eabi/12.3.1/thumb/v7-m/nofp\libgcc.a
LOAD D:/STM32CubeIDE_1.15.1/STM32CubeIDE/plugins/com.st.stm32cube.ide.mcu.externaltools.gnu-tools-for-stm32.12.3.rel1.win32_1.0.100.202403111256/tools/bin/../lib/gcc/arm-none-eabi/12.3.1/../../../../arm-none-eabi/lib/thumb/v7-m/nofp\libc_nano.a
LOAD D:/STM32CubeIDE_1.15.1/STM32CubeIDE/plugins/com.st.stm32cube.ide.mcu.externaltools.gnu-tools-for-stm32.12.3.rel1.win32_1.0.100.202403111256/tools/bin/../lib/gcc/arm-none-eabi/12.3.1/../../../../arm-none-eabi/lib/thumb/v7-m/nofp\libnosys.a
END GROUP
START GROUP
LOAD D:/STM32CubeIDE_1.15.1/STM32CubeIDE/plugins/com.st.stm32cube.ide.mcu.externaltools.gnu-tools-for-stm32.12.3.rel1.win32_1.0.100.202403111256/tools/bin/../lib/gcc/arm-none-eabi/12.3.1/thumb/v7-m/nofp\libgcc.a
LOAD D:/STM32CubeIDE_1.15.1/STM32CubeIDE/plugins/com.st.stm32cube.ide.mcu.externaltools.gnu-tools-for-stm32.12.3.rel1.win32_1.0.100.202403111256/tools/bin/../lib/gcc/arm-none-eabi/12.3.1/../../../../arm-none-eabi/lib/thumb/v7-m/nofp\libc_nano.a
LOAD D:/STM32CubeIDE_1.15.1/STM32CubeIDE/plugins/com.st.stm32cube.ide.mcu.externaltools.gnu-tools-for-stm32.12.3.rel1.win32_1.0.100.202403111256/tools/bin/../lib/gcc/arm-none-eabi/12.3.1/../../../../arm-none-eabi/lib/thumb/v7-m/nofp\libnosys.a
END GROUP
LOAD D:/STM32CubeIDE_1.15.1/STM32CubeIDE/plugins/com.st.stm32cube.ide.mcu.externaltools.gnu-tools-for-stm32.12.3.rel1.win32_1.0.100.202403111256/tools/bin/../lib/gcc/arm-none-eabi/12.3.1/thumb/v7-m/nofp/crtend.o
LOAD D:/STM32CubeIDE_1.15.1/STM32CubeIDE/plugins/com.st.stm32cube.ide.mcu.externaltools.gnu-tools-for-stm32.12.3.rel1.win32_1.0.100.202403111256/tools/bin/../lib/gcc/arm-none-eabi/12.3.1/thumb/v7-m/nofp/crtn.o
                0x20005000                        _estack = (ORIGIN (RAM) + LENGTH (RAM))
                0x00000200                        _Min_Heap_Size = 0x200
                0x00000400                        _Min_Stack_Size = 0x400

.isr_vector     0x08000000      0x10c
                0x08000000                        . = ALIGN (0x4)
 *(.isr_vector)
 .isr_vector    0x08000000      0x10c ./Core/Startup/startup_stm32f103rbtx.o
                0x08000000                g_pfnVectors
                0x0800010c                        . = ALIGN (0x4)

.text           0x0800010c     0x3980
                0x0800010c                        . = ALIGN (0x4)
 *(.text)
 .text          0x0800010c       0x40 D:/STM32CubeIDE_1.15.1/STM32CubeIDE/plugins/com.st.stm32cube.ide.mcu.externaltools.gnu-tools-for-stm32.12.3.rel1.win32_1.0.100.202403111256/tools/bin/../lib/gcc/arm-none-eabi/12.3.1/thumb/v7-m/nofp/crtbegin.o
 .text          0x0800014c       0x14 D:/STM32CubeIDE_1.15.1/STM32CubeIDE/plugins/com.st.stm32cube.ide.mcu.externaltools.gnu-tools-for-stm32.12.3.rel1.win32_1.0.100.202403111256/tools/bin/../lib/gcc/arm-none-eabi/12.3.1/../../../../arm-none-eabi/lib/thumb/v7-m/nofp\libc_nano.a(libc_a-strcmp.o)
                0x0800014c                strcmp
 .text          0x08000160       0x10 D:/STM32CubeIDE_1.15.1/STM32CubeIDE/plugins/com.st.stm32cube.ide.mcu.externaltools.gnu-tools-for-stm32.12.3.rel1.win32_1.0.100.202403111256/tools/bin/../lib/gcc/arm-none-eabi/12.3.1/../../../../arm-none-eabi/lib/thumb/v7-m/nofp\libc_nano.a(libc_a-strlen.o)
                0x08000160                strlen
 *(.text*)
 .text.SendCommand
                0x08000170       0x58 ./Core/Src/esp_config.o
                0x08000170                SendCommand
 .text.WaitForResponse
                0x080001c8       0x98 ./Core/Src/esp_config.o
                0x080001c8                WaitForResponse
 .text.HAL_UART_RxCpltCallback
                0x08000260       0x84 ./Core/Src/esp_config.o
                0x08000260                HAL_UART_RxCpltCallback
 .text.ESP_INIT
                0x080002e4      0x230 ./Core/Src/esp_config.o
                0x080002e4                ESP_INIT
 .text.Server_Send
                0x08000514       0xf0 ./Core/Src/esp_config.o
                0x08000514                Server_Send
 .text.Server_On
                0x08000604      0x314 ./Core/Src/esp_config.o
                0x08000604                Server_On
 .text.add_person
                0x08000918       0x78 ./Core/Src/list_check_in.o
                0x08000918                add_person
 .text.init_person
                0x08000990       0x30 ./Core/Src/list_check_in.o
                0x08000990                init_person
 .text.init_list_person
                0x080009c0       0x60 ./Core/Src/list_check_in.o
                0x080009c0                init_list_person
 .text.updatePresent
                0x08000a20       0x8c ./Core/Src/list_check_in.o
                0x08000a20                updatePresent
 .text.init_list_checkin_data
                0x08000aac       0x64 ./Core/Src/list_check_in.o
                0x08000aac                init_list_checkin_data
 .text.add_checkin_data
                0x08000b10      0x134 ./Core/Src/list_check_in.o
                0x08000b10                add_checkin_data
 .text.main     0x08000c44       0x28 ./Core/Src/main.o
                0x08000c44                main
 .text.SystemClock_Config
                0x08000c6c       0x82 ./Core/Src/main.o
                0x08000c6c                SystemClock_Config
 *fill*         0x08000cee        0x2 
 .text.MX_USART1_UART_Init
                0x08000cf0       0x54 ./Core/Src/main.o
 .text.MX_USART2_UART_Init
                0x08000d44       0x54 ./Core/Src/main.o
 .text.MX_USART3_UART_Init
                0x08000d98       0x54 ./Core/Src/main.o
 .text.MX_GPIO_Init
                0x08000dec       0xdc ./Core/Src/main.o
 .text.Error_Handler
                0x08000ec8        0xc ./Core/Src/main.o
                0x08000ec8                Error_Handler
 .text.HAL_MspInit
                0x08000ed4       0x64 ./Core/Src/stm32f1xx_hal_msp.o
                0x08000ed4                HAL_MspInit
 .text.HAL_UART_MspInit
                0x08000f38      0x188 ./Core/Src/stm32f1xx_hal_msp.o
                0x08000f38                HAL_UART_MspInit
 .text.NMI_Handler
                0x080010c0        0x8 ./Core/Src/stm32f1xx_it.o
                0x080010c0                NMI_Handler
 .text.HardFault_Handler
                0x080010c8        0x8 ./Core/Src/stm32f1xx_it.o
                0x080010c8                HardFault_Handler
 .text.MemManage_Handler
                0x080010d0        0x8 ./Core/Src/stm32f1xx_it.o
                0x080010d0                MemManage_Handler
 .text.BusFault_Handler
                0x080010d8        0x8 ./Core/Src/stm32f1xx_it.o
                0x080010d8                BusFault_Handler
 .text.UsageFault_Handler
                0x080010e0        0x8 ./Core/Src/stm32f1xx_it.o
                0x080010e0                UsageFault_Handler
 .text.SVC_Handler
                0x080010e8        0xc ./Core/Src/stm32f1xx_it.o
                0x080010e8                SVC_Handler
 .text.DebugMon_Handler
                0x080010f4        0xc ./Core/Src/stm32f1xx_it.o
                0x080010f4                DebugMon_Handler
 .text.PendSV_Handler
                0x08001100        0xc ./Core/Src/stm32f1xx_it.o
                0x08001100                PendSV_Handler
 .text.SysTick_Handler
                0x0800110c        0xc ./Core/Src/stm32f1xx_it.o
                0x0800110c                SysTick_Handler
 .text.USART1_IRQHandler
                0x08001118       0x14 ./Core/Src/stm32f1xx_it.o
                0x08001118                USART1_IRQHandler
 .text.USART3_IRQHandler
                0x0800112c       0x14 ./Core/Src/stm32f1xx_it.o
                0x0800112c                USART3_IRQHandler
 .text.EXTI15_10_IRQHandler
                0x08001140       0x10 ./Core/Src/stm32f1xx_it.o
                0x08001140                EXTI15_10_IRQHandler
 .text._sbrk    0x08001150       0x6c ./Core/Src/sysmem.o
                0x08001150                _sbrk
 .text.system_init
                0x080011bc       0x28 ./Core/Src/system.o
                0x080011bc                system_init
 .text.system_handle
                0x080011e4       0xd0 ./Core/Src/system.o
                0x080011e4                system_handle
 .text.system_on
                0x080012b4       0x10 ./Core/Src/system.o
                0x080012b4                system_on
 .text.HAL_UARTEx_RxEventCallback
                0x080012c4       0x40 ./Core/Src/system.o
                0x080012c4                HAL_UARTEx_RxEventCallback
 .text.SystemInit
                0x08001304        0xc ./Core/Src/system_stm32f1xx.o
                0x08001304                SystemInit
 .text.Reset_Handler
                0x08001310       0x48 ./Core/Startup/startup_stm32f103rbtx.o
                0x08001310                Reset_Handler
 .text.Default_Handler
                0x08001358        0x2 ./Core/Startup/startup_stm32f103rbtx.o
                0x08001358                RTC_Alarm_IRQHandler
                0x08001358                EXTI2_IRQHandler
                0x08001358                TIM1_CC_IRQHandler
                0x08001358                PVD_IRQHandler
                0x08001358                EXTI3_IRQHandler
                0x08001358                EXTI0_IRQHandler
                0x08001358                I2C2_EV_IRQHandler
                0x08001358                ADC1_2_IRQHandler
                0x08001358                SPI1_IRQHandler
                0x08001358                TAMPER_IRQHandler
                0x08001358                DMA1_Channel4_IRQHandler
                0x08001358                RTC_IRQHandler
                0x08001358                DMA1_Channel7_IRQHandler
                0x08001358                CAN1_RX1_IRQHandler
                0x08001358                TIM4_IRQHandler
                0x08001358                I2C1_EV_IRQHandler
                0x08001358                DMA1_Channel6_IRQHandler
                0x08001358                TIM3_IRQHandler
                0x08001358                RCC_IRQHandler
                0x08001358                TIM1_TRG_COM_IRQHandler
                0x08001358                DMA1_Channel1_IRQHandler
                0x08001358                Default_Handler
                0x08001358                EXTI9_5_IRQHandler
                0x08001358                SPI2_IRQHandler
                0x08001358                DMA1_Channel5_IRQHandler
                0x08001358                EXTI4_IRQHandler
                0x08001358                USB_LP_CAN1_RX0_IRQHandler
                0x08001358                USB_HP_CAN1_TX_IRQHandler
                0x08001358                DMA1_Channel3_IRQHandler
                0x08001358                TIM1_UP_IRQHandler
                0x08001358                WWDG_IRQHandler
                0x08001358                TIM2_IRQHandler
                0x08001358                TIM1_BRK_IRQHandler
                0x08001358                EXTI1_IRQHandler
                0x08001358                USART2_IRQHandler
                0x08001358                I2C2_ER_IRQHandler
                0x08001358                DMA1_Channel2_IRQHandler
                0x08001358                CAN1_SCE_IRQHandler
                0x08001358                FLASH_IRQHandler
                0x08001358                I2C1_ER_IRQHandler
                0x08001358                USBWakeUp_IRQHandler
 *fill*         0x0800135a        0x2 
 .text.HAL_Init
                0x0800135c       0x2c ./Drivers/STM32F1xx_HAL_Driver/Src/stm32f1xx_hal.o
                0x0800135c                HAL_Init
 .text.HAL_InitTick
                0x08001388       0x60 ./Drivers/STM32F1xx_HAL_Driver/Src/stm32f1xx_hal.o
                0x08001388                HAL_InitTick
 .text.HAL_IncTick
                0x080013e8       0x24 ./Drivers/STM32F1xx_HAL_Driver/Src/stm32f1xx_hal.o
                0x080013e8                HAL_IncTick
 .text.HAL_GetTick
                0x0800140c       0x14 ./Drivers/STM32F1xx_HAL_Driver/Src/stm32f1xx_hal.o
                0x0800140c                HAL_GetTick
 .text.__NVIC_SetPriorityGrouping
                0x08001420       0x48 ./Drivers/STM32F1xx_HAL_Driver/Src/stm32f1xx_hal_cortex.o
 .text.__NVIC_GetPriorityGrouping
                0x08001468       0x1c ./Drivers/STM32F1xx_HAL_Driver/Src/stm32f1xx_hal_cortex.o
 .text.__NVIC_EnableIRQ
                0x08001484       0x38 ./Drivers/STM32F1xx_HAL_Driver/Src/stm32f1xx_hal_cortex.o
 .text.__NVIC_SetPriority
                0x080014bc       0x54 ./Drivers/STM32F1xx_HAL_Driver/Src/stm32f1xx_hal_cortex.o
 .text.NVIC_EncodePriority
                0x08001510       0x64 ./Drivers/STM32F1xx_HAL_Driver/Src/stm32f1xx_hal_cortex.o
 .text.SysTick_Config
                0x08001574       0x44 ./Drivers/STM32F1xx_HAL_Driver/Src/stm32f1xx_hal_cortex.o
 .text.HAL_NVIC_SetPriorityGrouping
                0x080015b8       0x16 ./Drivers/STM32F1xx_HAL_Driver/Src/stm32f1xx_hal_cortex.o
                0x080015b8                HAL_NVIC_SetPriorityGrouping
 .text.HAL_NVIC_SetPriority
                0x080015ce       0x38 ./Drivers/STM32F1xx_HAL_Driver/Src/stm32f1xx_hal_cortex.o
                0x080015ce                HAL_NVIC_SetPriority
 .text.HAL_NVIC_EnableIRQ
                0x08001606       0x1c ./Drivers/STM32F1xx_HAL_Driver/Src/stm32f1xx_hal_cortex.o
                0x08001606                HAL_NVIC_EnableIRQ
 .text.HAL_SYSTICK_Config
                0x08001622       0x18 ./Drivers/STM32F1xx_HAL_Driver/Src/stm32f1xx_hal_cortex.o
                0x08001622                HAL_SYSTICK_Config
 .text.HAL_DMA_Abort
                0x0800163a       0x76 ./Drivers/STM32F1xx_HAL_Driver/Src/stm32f1xx_hal_dma.o
                0x0800163a                HAL_DMA_Abort
 .text.HAL_DMA_Abort_IT
                0x080016b0       0xf0 ./Drivers/STM32F1xx_HAL_Driver/Src/stm32f1xx_hal_dma.o
                0x080016b0                HAL_DMA_Abort_IT
 .text.HAL_GPIO_Init
                0x080017a0      0x308 ./Drivers/STM32F1xx_HAL_Driver/Src/stm32f1xx_hal_gpio.o
                0x080017a0                HAL_GPIO_Init
 .text.HAL_GPIO_WritePin
                0x08001aa8       0x30 ./Drivers/STM32F1xx_HAL_Driver/Src/stm32f1xx_hal_gpio.o
                0x08001aa8                HAL_GPIO_WritePin
 .text.HAL_GPIO_EXTI_IRQHandler
                0x08001ad8       0x30 ./Drivers/STM32F1xx_HAL_Driver/Src/stm32f1xx_hal_gpio.o
                0x08001ad8                HAL_GPIO_EXTI_IRQHandler
 .text.HAL_GPIO_EXTI_Callback
                0x08001b08       0x14 ./Drivers/STM32F1xx_HAL_Driver/Src/stm32f1xx_hal_gpio.o
                0x08001b08                HAL_GPIO_EXTI_Callback
 .text.HAL_RCC_OscConfig
                0x08001b1c      0x504 ./Drivers/STM32F1xx_HAL_Driver/Src/stm32f1xx_hal_rcc.o
                0x08001b1c                HAL_RCC_OscConfig
 .text.HAL_RCC_ClockConfig
                0x08002020      0x1d4 ./Drivers/STM32F1xx_HAL_Driver/Src/stm32f1xx_hal_rcc.o
                0x08002020                HAL_RCC_ClockConfig
 .text.HAL_RCC_GetSysClockFreq
                0x080021f4       0xa8 ./Drivers/STM32F1xx_HAL_Driver/Src/stm32f1xx_hal_rcc.o
                0x080021f4                HAL_RCC_GetSysClockFreq
 .text.HAL_RCC_GetHCLKFreq
                0x0800229c       0x14 ./Drivers/STM32F1xx_HAL_Driver/Src/stm32f1xx_hal_rcc.o
                0x0800229c                HAL_RCC_GetHCLKFreq
 .text.HAL_RCC_GetPCLK1Freq
                0x080022b0       0x28 ./Drivers/STM32F1xx_HAL_Driver/Src/stm32f1xx_hal_rcc.o
                0x080022b0                HAL_RCC_GetPCLK1Freq
 .text.HAL_RCC_GetPCLK2Freq
                0x080022d8       0x28 ./Drivers/STM32F1xx_HAL_Driver/Src/stm32f1xx_hal_rcc.o
                0x080022d8                HAL_RCC_GetPCLK2Freq
 .text.RCC_Delay
                0x08002300       0x3c ./Drivers/STM32F1xx_HAL_Driver/Src/stm32f1xx_hal_rcc.o
 .text.HAL_UART_Init
                0x0800233c       0xa0 ./Drivers/STM32F1xx_HAL_Driver/Src/stm32f1xx_hal_uart.o
                0x0800233c                HAL_UART_Init
 .text.HAL_UART_Transmit
                0x080023dc      0x116 ./Drivers/STM32F1xx_HAL_Driver/Src/stm32f1xx_hal_uart.o
                0x080023dc                HAL_UART_Transmit
 .text.HAL_UART_Receive_IT
                0x080024f2       0x4a ./Drivers/STM32F1xx_HAL_Driver/Src/stm32f1xx_hal_uart.o
                0x080024f2                HAL_UART_Receive_IT
 .text.HAL_UARTEx_ReceiveToIdle_IT
                0x0800253c       0xba ./Drivers/STM32F1xx_HAL_Driver/Src/stm32f1xx_hal_uart.o
                0x0800253c                HAL_UARTEx_ReceiveToIdle_IT
 *fill*         0x080025f6        0x2 
 .text.HAL_UART_IRQHandler
                0x080025f8      0x524 ./Drivers/STM32F1xx_HAL_Driver/Src/stm32f1xx_hal_uart.o
                0x080025f8                HAL_UART_IRQHandler
 .text.HAL_UART_TxCpltCallback
                0x08002b1c       0x12 ./Drivers/STM32F1xx_HAL_Driver/Src/stm32f1xx_hal_uart.o
                0x08002b1c                HAL_UART_TxCpltCallback
 .text.HAL_UART_ErrorCallback
                0x08002b2e       0x12 ./Drivers/STM32F1xx_HAL_Driver/Src/stm32f1xx_hal_uart.o
                0x08002b2e                HAL_UART_ErrorCallback
 .text.UART_WaitOnFlagUntilTimeout
                0x08002b40       0xb2 ./Drivers/STM32F1xx_HAL_Driver/Src/stm32f1xx_hal_uart.o
 .text.UART_Start_Receive_IT
                0x08002bf2       0x72 ./Drivers/STM32F1xx_HAL_Driver/Src/stm32f1xx_hal_uart.o
                0x08002bf2                UART_Start_Receive_IT
 .text.UART_EndRxTransfer
                0x08002c64       0xc4 ./Drivers/STM32F1xx_HAL_Driver/Src/stm32f1xx_hal_uart.o
 .text.UART_DMAAbortOnError
                0x08002d28       0x28 ./Drivers/STM32F1xx_HAL_Driver/Src/stm32f1xx_hal_uart.o
 .text.UART_Transmit_IT
                0x08002d50       0x9e ./Drivers/STM32F1xx_HAL_Driver/Src/stm32f1xx_hal_uart.o
 .text.UART_EndTransmit_IT
                0x08002dee       0x30 ./Drivers/STM32F1xx_HAL_Driver/Src/stm32f1xx_hal_uart.o
 .text.UART_Receive_IT
                0x08002e1e      0x17c ./Drivers/STM32F1xx_HAL_Driver/Src/stm32f1xx_hal_uart.o
 *fill*         0x08002f9a        0x2 
 .text.UART_SetConfig
                0x08002f9c      0x11c ./Drivers/STM32F1xx_HAL_Driver/Src/stm32f1xx_hal_uart.o
 .text.sprintf  0x080030b8       0x40 D:/STM32CubeIDE_1.15.1/STM32CubeIDE/plugins/com.st.stm32cube.ide.mcu.externaltools.gnu-tools-for-stm32.12.3.rel1.win32_1.0.100.202403111256/tools/bin/../lib/gcc/arm-none-eabi/12.3.1/../../../../arm-none-eabi/lib/thumb/v7-m/nofp\libc_nano.a(libc_a-sprintf.o)
                0x080030b8                siprintf
                0x080030b8                sprintf
 .text.memset   0x080030f8       0x10 D:/STM32CubeIDE_1.15.1/STM32CubeIDE/plugins/com.st.stm32cube.ide.mcu.externaltools.gnu-tools-for-stm32.12.3.rel1.win32_1.0.100.202403111256/tools/bin/../lib/gcc/arm-none-eabi/12.3.1/../../../../arm-none-eabi/lib/thumb/v7-m/nofp\libc_nano.a(libc_a-memset.o)
                0x080030f8                memset
 .text.strcat   0x08003108       0x1e D:/STM32CubeIDE_1.15.1/STM32CubeIDE/plugins/com.st.stm32cube.ide.mcu.externaltools.gnu-tools-for-stm32.12.3.rel1.win32_1.0.100.202403111256/tools/bin/../lib/gcc/arm-none-eabi/12.3.1/../../../../arm-none-eabi/lib/thumb/v7-m/nofp\libc_nano.a(libc_a-strcat.o)
                0x08003108                strcat
 .text.strstr   0x08003126       0x2c D:/STM32CubeIDE_1.15.1/STM32CubeIDE/plugins/com.st.stm32cube.ide.mcu.externaltools.gnu-tools-for-stm32.12.3.rel1.win32_1.0.100.202403111256/tools/bin/../lib/gcc/arm-none-eabi/12.3.1/../../../../arm-none-eabi/lib/thumb/v7-m/nofp\libc_nano.a(libc_a-strstr.o)
                0x08003126                strstr
 *fill*         0x08003152        0x2 
 .text.__errno  0x08003154        0xc D:/STM32CubeIDE_1.15.1/STM32CubeIDE/plugins/com.st.stm32cube.ide.mcu.externaltools.gnu-tools-for-stm32.12.3.rel1.win32_1.0.100.202403111256/tools/bin/../lib/gcc/arm-none-eabi/12.3.1/../../../../arm-none-eabi/lib/thumb/v7-m/nofp\libc_nano.a(libc_a-errno.o)
                0x08003154                __errno
 .text.__libc_init_array
                0x08003160       0x48 D:/STM32CubeIDE_1.15.1/STM32CubeIDE/plugins/com.st.stm32cube.ide.mcu.externaltools.gnu-tools-for-stm32.12.3.rel1.win32_1.0.100.202403111256/tools/bin/../lib/gcc/arm-none-eabi/12.3.1/../../../../arm-none-eabi/lib/thumb/v7-m/nofp\libc_nano.a(libc_a-init.o)
                0x08003160                __libc_init_array
 .text.__retarget_lock_acquire_recursive
                0x080031a8        0x2 D:/STM32CubeIDE_1.15.1/STM32CubeIDE/plugins/com.st.stm32cube.ide.mcu.externaltools.gnu-tools-for-stm32.12.3.rel1.win32_1.0.100.202403111256/tools/bin/../lib/gcc/arm-none-eabi/12.3.1/../../../../arm-none-eabi/lib/thumb/v7-m/nofp\libc_nano.a(libc_a-lock.o)
                0x080031a8                __retarget_lock_acquire_recursive
 .text.__retarget_lock_release_recursive
                0x080031aa        0x2 D:/STM32CubeIDE_1.15.1/STM32CubeIDE/plugins/com.st.stm32cube.ide.mcu.externaltools.gnu-tools-for-stm32.12.3.rel1.win32_1.0.100.202403111256/tools/bin/../lib/gcc/arm-none-eabi/12.3.1/../../../../arm-none-eabi/lib/thumb/v7-m/nofp\libc_nano.a(libc_a-lock.o)
                0x080031aa                __retarget_lock_release_recursive
 .text.strcpy   0x080031ac       0x10 D:/STM32CubeIDE_1.15.1/STM32CubeIDE/plugins/com.st.stm32cube.ide.mcu.externaltools.gnu-tools-for-stm32.12.3.rel1.win32_1.0.100.202403111256/tools/bin/../lib/gcc/arm-none-eabi/12.3.1/../../../../arm-none-eabi/lib/thumb/v7-m/nofp\libc_nano.a(libc_a-strcpy.o)
                0x080031ac                strcpy
 .text._free_r  0x080031bc       0x90 D:/STM32CubeIDE_1.15.1/STM32CubeIDE/plugins/com.st.stm32cube.ide.mcu.externaltools.gnu-tools-for-stm32.12.3.rel1.win32_1.0.100.202403111256/tools/bin/../lib/gcc/arm-none-eabi/12.3.1/../../../../arm-none-eabi/lib/thumb/v7-m/nofp\libc_nano.a(libc_a-freer.o)
                0x080031bc                _free_r
 .text.sbrk_aligned
                0x0800324c       0x44 D:/STM32CubeIDE_1.15.1/STM32CubeIDE/plugins/com.st.stm32cube.ide.mcu.externaltools.gnu-tools-for-stm32.12.3.rel1.win32_1.0.100.202403111256/tools/bin/../lib/gcc/arm-none-eabi/12.3.1/../../../../arm-none-eabi/lib/thumb/v7-m/nofp\libc_nano.a(libc_a-mallocr.o)
 .text._malloc_r
                0x08003290      0x100 D:/STM32CubeIDE_1.15.1/STM32CubeIDE/plugins/com.st.stm32cube.ide.mcu.externaltools.gnu-tools-for-stm32.12.3.rel1.win32_1.0.100.202403111256/tools/bin/../lib/gcc/arm-none-eabi/12.3.1/../../../../arm-none-eabi/lib/thumb/v7-m/nofp\libc_nano.a(libc_a-mallocr.o)
                0x08003290                _malloc_r
 .text.__malloc_lock
                0x08003390        0xc D:/STM32CubeIDE_1.15.1/STM32CubeIDE/plugins/com.st.stm32cube.ide.mcu.externaltools.gnu-tools-for-stm32.12.3.rel1.win32_1.0.100.202403111256/tools/bin/../lib/gcc/arm-none-eabi/12.3.1/../../../../arm-none-eabi/lib/thumb/v7-m/nofp\libc_nano.a(libc_a-mlock.o)
                0x08003390                __malloc_lock
 .text.__malloc_unlock
                0x0800339c        0xc D:/STM32CubeIDE_1.15.1/STM32CubeIDE/plugins/com.st.stm32cube.ide.mcu.externaltools.gnu-tools-for-stm32.12.3.rel1.win32_1.0.100.202403111256/tools/bin/../lib/gcc/arm-none-eabi/12.3.1/../../../../arm-none-eabi/lib/thumb/v7-m/nofp\libc_nano.a(libc_a-mlock.o)
                0x0800339c                __malloc_unlock
 .text.__ssputs_r
                0x080033a8       0xb6 D:/STM32CubeIDE_1.15.1/STM32CubeIDE/plugins/com.st.stm32cube.ide.mcu.externaltools.gnu-tools-for-stm32.12.3.rel1.win32_1.0.100.202403111256/tools/bin/../lib/gcc/arm-none-eabi/12.3.1/../../../../arm-none-eabi/lib/thumb/v7-m/nofp\libc_nano.a(libc_a-nano-svfprintf.o)
                0x080033a8                __ssputs_r
 *fill*         0x0800345e        0x2 
 .text._svfprintf_r
                0x08003460      0x1f8 D:/STM32CubeIDE_1.15.1/STM32CubeIDE/plugins/com.st.stm32cube.ide.mcu.externaltools.gnu-tools-for-stm32.12.3.rel1.win32_1.0.100.202403111256/tools/bin/../lib/gcc/arm-none-eabi/12.3.1/../../../../arm-none-eabi/lib/thumb/v7-m/nofp\libc_nano.a(libc_a-nano-svfprintf.o)
                0x08003460                _svfiprintf_r
                0x08003460                _svfprintf_r
 .text._printf_common
                0x08003658       0xe4 D:/STM32CubeIDE_1.15.1/STM32CubeIDE/plugins/com.st.stm32cube.ide.mcu.externaltools.gnu-tools-for-stm32.12.3.rel1.win32_1.0.100.202403111256/tools/bin/../lib/gcc/arm-none-eabi/12.3.1/../../../../arm-none-eabi/lib/thumb/v7-m/nofp\libc_nano.a(libc_a-nano-vfprintf_i.o)
                0x08003658                _printf_common
 .text._printf_i
                0x0800373c      0x240 D:/STM32CubeIDE_1.15.1/STM32CubeIDE/plugins/com.st.stm32cube.ide.mcu.externaltools.gnu-tools-for-stm32.12.3.rel1.win32_1.0.100.202403111256/tools/bin/../lib/gcc/arm-none-eabi/12.3.1/../../../../arm-none-eabi/lib/thumb/v7-m/nofp\libc_nano.a(libc_a-nano-vfprintf_i.o)
                0x0800373c                _printf_i
 .text.memmove  0x0800397c       0x34 D:/STM32CubeIDE_1.15.1/STM32CubeIDE/plugins/com.st.stm32cube.ide.mcu.externaltools.gnu-tools-for-stm32.12.3.rel1.win32_1.0.100.202403111256/tools/bin/../lib/gcc/arm-none-eabi/12.3.1/../../../../arm-none-eabi/lib/thumb/v7-m/nofp\libc_nano.a(libc_a-memmove.o)
                0x0800397c                memmove
 .text._sbrk_r  0x080039b0       0x20 D:/STM32CubeIDE_1.15.1/STM32CubeIDE/plugins/com.st.stm32cube.ide.mcu.externaltools.gnu-tools-for-stm32.12.3.rel1.win32_1.0.100.202403111256/tools/bin/../lib/gcc/arm-none-eabi/12.3.1/../../../../arm-none-eabi/lib/thumb/v7-m/nofp\libc_nano.a(libc_a-sbrkr.o)
                0x080039b0                _sbrk_r
 .text.memchr   0x080039d0       0x1c D:/STM32CubeIDE_1.15.1/STM32CubeIDE/plugins/com.st.stm32cube.ide.mcu.externaltools.gnu-tools-for-stm32.12.3.rel1.win32_1.0.100.202403111256/tools/bin/../lib/gcc/arm-none-eabi/12.3.1/../../../../arm-none-eabi/lib/thumb/v7-m/nofp\libc_nano.a(libc_a-memchr-stub.o)
                0x080039d0                memchr
 .text.memcpy   0x080039ec       0x1c D:/STM32CubeIDE_1.15.1/STM32CubeIDE/plugins/com.st.stm32cube.ide.mcu.externaltools.gnu-tools-for-stm32.12.3.rel1.win32_1.0.100.202403111256/tools/bin/../lib/gcc/arm-none-eabi/12.3.1/../../../../arm-none-eabi/lib/thumb/v7-m/nofp\libc_nano.a(libc_a-memcpy-stub.o)
                0x080039ec                memcpy
 .text._realloc_r
                0x08003a08       0x5c D:/STM32CubeIDE_1.15.1/STM32CubeIDE/plugins/com.st.stm32cube.ide.mcu.externaltools.gnu-tools-for-stm32.12.3.rel1.win32_1.0.100.202403111256/tools/bin/../lib/gcc/arm-none-eabi/12.3.1/../../../../arm-none-eabi/lib/thumb/v7-m/nofp\libc_nano.a(libc_a-reallocr.o)
                0x08003a08                _realloc_r
 .text._malloc_usable_size_r
                0x08003a64       0x10 D:/STM32CubeIDE_1.15.1/STM32CubeIDE/plugins/com.st.stm32cube.ide.mcu.externaltools.gnu-tools-for-stm32.12.3.rel1.win32_1.0.100.202403111256/tools/bin/../lib/gcc/arm-none-eabi/12.3.1/../../../../arm-none-eabi/lib/thumb/v7-m/nofp\libc_nano.a(libc_a-msizer.o)
                0x08003a64                _malloc_usable_size_r
 *(.glue_7)
 .glue_7        0x08003a74        0x0 linker stubs
 *(.glue_7t)
 .glue_7t       0x08003a74        0x0 linker stubs
 *(.eh_frame)
 .eh_frame      0x08003a74        0x0 D:/STM32CubeIDE_1.15.1/STM32CubeIDE/plugins/com.st.stm32cube.ide.mcu.externaltools.gnu-tools-for-stm32.12.3.rel1.win32_1.0.100.202403111256/tools/bin/../lib/gcc/arm-none-eabi/12.3.1/thumb/v7-m/nofp/crtbegin.o
 *(.init)
 .init          0x08003a74        0x4 D:/STM32CubeIDE_1.15.1/STM32CubeIDE/plugins/com.st.stm32cube.ide.mcu.externaltools.gnu-tools-for-stm32.12.3.rel1.win32_1.0.100.202403111256/tools/bin/../lib/gcc/arm-none-eabi/12.3.1/thumb/v7-m/nofp/crti.o
                0x08003a74                _init
 .init          0x08003a78        0x8 D:/STM32CubeIDE_1.15.1/STM32CubeIDE/plugins/com.st.stm32cube.ide.mcu.externaltools.gnu-tools-for-stm32.12.3.rel1.win32_1.0.100.202403111256/tools/bin/../lib/gcc/arm-none-eabi/12.3.1/thumb/v7-m/nofp/crtn.o
 *(.fini)
 .fini          0x08003a80        0x4 D:/STM32CubeIDE_1.15.1/STM32CubeIDE/plugins/com.st.stm32cube.ide.mcu.externaltools.gnu-tools-for-stm32.12.3.rel1.win32_1.0.100.202403111256/tools/bin/../lib/gcc/arm-none-eabi/12.3.1/thumb/v7-m/nofp/crti.o
                0x08003a80                _fini
 .fini          0x08003a84        0x8 D:/STM32CubeIDE_1.15.1/STM32CubeIDE/plugins/com.st.stm32cube.ide.mcu.externaltools.gnu-tools-for-stm32.12.3.rel1.win32_1.0.100.202403111256/tools/bin/../lib/gcc/arm-none-eabi/12.3.1/thumb/v7-m/nofp/crtn.o
                0x08003a8c                        . = ALIGN (0x4)
                0x08003a8c                        _etext = .

.vfp11_veneer   0x08003a8c        0x0
 .vfp11_veneer  0x08003a8c        0x0 linker stubs

.v4_bx          0x08003a8c        0x0
 .v4_bx         0x08003a8c        0x0 linker stubs

.iplt           0x08003a8c        0x0
 .iplt          0x08003a8c        0x0 D:/STM32CubeIDE_1.15.1/STM32CubeIDE/plugins/com.st.stm32cube.ide.mcu.externaltools.gnu-tools-for-stm32.12.3.rel1.win32_1.0.100.202403111256/tools/bin/../lib/gcc/arm-none-eabi/12.3.1/thumb/v7-m/nofp/crtbegin.o

.rodata         0x08003a8c      0xee4
                0x08003a8c                        . = ALIGN (0x4)
 *(.rodata)
 .rodata        0x08003a8c      0xe3b ./Core/Src/esp_config.o
 *fill*         0x080048c7        0x1 
 .rodata        0x080048c8       0x45 ./Core/Src/list_check_in.o
 *(.rodata*)
 *fill*         0x0800490d        0x3 
 .rodata.AHBPrescTable
                0x08004910       0x10 ./Core/Src/system_stm32f1xx.o
                0x08004910                AHBPrescTable
 .rodata.APBPrescTable
                0x08004920        0x8 ./Core/Src/system_stm32f1xx.o
                0x08004920                APBPrescTable
 .rodata.aPLLMULFactorTable.1
                0x08004928       0x10 ./Drivers/STM32F1xx_HAL_Driver/Src/stm32f1xx_hal_rcc.o
 .rodata.aPredivFactorTable.0
                0x08004938        0x2 ./Drivers/STM32F1xx_HAL_Driver/Src/stm32f1xx_hal_rcc.o
 .rodata._svfprintf_r.str1.1
                0x0800493a       0x11 D:/STM32CubeIDE_1.15.1/STM32CubeIDE/plugins/com.st.stm32cube.ide.mcu.externaltools.gnu-tools-for-stm32.12.3.rel1.win32_1.0.100.202403111256/tools/bin/../lib/gcc/arm-none-eabi/12.3.1/../../../../arm-none-eabi/lib/thumb/v7-m/nofp\libc_nano.a(libc_a-nano-svfprintf.o)
 .rodata._printf_i.str1.1
                0x0800494b       0x22 D:/STM32CubeIDE_1.15.1/STM32CubeIDE/plugins/com.st.stm32cube.ide.mcu.externaltools.gnu-tools-for-stm32.12.3.rel1.win32_1.0.100.202403111256/tools/bin/../lib/gcc/arm-none-eabi/12.3.1/../../../../arm-none-eabi/lib/thumb/v7-m/nofp\libc_nano.a(libc_a-nano-vfprintf_i.o)
                0x08004970                        . = ALIGN (0x4)
 *fill*         0x0800496d        0x3 

.ARM.extab      0x08004970        0x0
                0x08004970                        . = ALIGN (0x4)
 *(.ARM.extab* .gnu.linkonce.armextab.*)
                0x08004970                        . = ALIGN (0x4)

.ARM            0x08004970        0x8
                0x08004970                        . = ALIGN (0x4)
                0x08004970                        __exidx_start = .
 *(.ARM.exidx*)
 .ARM.exidx     0x08004970        0x8 D:/STM32CubeIDE_1.15.1/STM32CubeIDE/plugins/com.st.stm32cube.ide.mcu.externaltools.gnu-tools-for-stm32.12.3.rel1.win32_1.0.100.202403111256/tools/bin/../lib/gcc/arm-none-eabi/12.3.1/../../../../arm-none-eabi/lib/thumb/v7-m/nofp\libc_nano.a(libc_a-strcmp.o)
 .ARM.exidx     0x08004978        0x0 D:/STM32CubeIDE_1.15.1/STM32CubeIDE/plugins/com.st.stm32cube.ide.mcu.externaltools.gnu-tools-for-stm32.12.3.rel1.win32_1.0.100.202403111256/tools/bin/../lib/gcc/arm-none-eabi/12.3.1/../../../../arm-none-eabi/lib/thumb/v7-m/nofp\libc_nano.a(libc_a-strlen.o)
                                  0x8 (size before relaxing)
                0x08004978                        __exidx_end = .
                0x08004978                        . = ALIGN (0x4)

.preinit_array  0x08004978        0x0
                0x08004978                        . = ALIGN (0x4)
                0x08004978                        PROVIDE (__preinit_array_start = .)
 *(.preinit_array*)
                0x08004978                        PROVIDE (__preinit_array_end = .)
                0x08004978                        . = ALIGN (0x4)

.init_array     0x08004978        0x4
                0x08004978                        . = ALIGN (0x4)
                0x08004978                        PROVIDE (__init_array_start = .)
 *(SORT_BY_NAME(.init_array.*))
 *(.init_array*)
 .init_array    0x08004978        0x4 D:/STM32CubeIDE_1.15.1/STM32CubeIDE/plugins/com.st.stm32cube.ide.mcu.externaltools.gnu-tools-for-stm32.12.3.rel1.win32_1.0.100.202403111256/tools/bin/../lib/gcc/arm-none-eabi/12.3.1/thumb/v7-m/nofp/crtbegin.o
                0x0800497c                        PROVIDE (__init_array_end = .)
                0x0800497c                        . = ALIGN (0x4)

.fini_array     0x0800497c        0x4
                0x0800497c                        . = ALIGN (0x4)
                [!provide]                        PROVIDE (__fini_array_start = .)
 *(SORT_BY_NAME(.fini_array.*))
 *(.fini_array*)
 .fini_array    0x0800497c        0x4 D:/STM32CubeIDE_1.15.1/STM32CubeIDE/plugins/com.st.stm32cube.ide.mcu.externaltools.gnu-tools-for-stm32.12.3.rel1.win32_1.0.100.202403111256/tools/bin/../lib/gcc/arm-none-eabi/12.3.1/thumb/v7-m/nofp/crtbegin.o
                [!provide]                        PROVIDE (__fini_array_end = .)
                0x08004980                        . = ALIGN (0x4)
                0x08004980                        _sidata = LOADADDR (.data)

.rel.dyn        0x08004980        0x0
 .rel.iplt      0x08004980        0x0 D:/STM32CubeIDE_1.15.1/STM32CubeIDE/plugins/com.st.stm32cube.ide.mcu.externaltools.gnu-tools-for-stm32.12.3.rel1.win32_1.0.100.202403111256/tools/bin/../lib/gcc/arm-none-eabi/12.3.1/thumb/v7-m/nofp/crtbegin.o

.data           0x20000000       0xb0 load address 0x08004980
                0x20000000                        . = ALIGN (0x4)
                0x20000000                        _sdata = .
 *(.data)
 *(.data*)
 .data.SSID     0x20000000        0x4 ./Core/Src/esp_config.o
                0x20000000                SSID
 .data.Pass     0x20000004        0xb ./Core/Src/esp_config.o
                0x20000004                Pass
 .data.Link_ID  0x2000000f        0x1 ./Core/Src/esp_config.o
                0x2000000f                Link_ID
 .data.store_char
                0x20000010        0x1 ./Core/Src/esp_config.o
                0x20000010                store_char
 *fill*         0x20000011        0x3 
 .data.page1    0x20000014        0x4 ./Core/Src/esp_config.o
                0x20000014                page1
 .data.page2_Top
                0x20000018        0x4 ./Core/Src/esp_config.o
                0x20000018                page2_Top
 .data.Server_State
                0x2000001c        0x4 ./Core/Src/esp_config.o
                0x2000001c                Server_State
 .data.uid      0x20000020       0x32 ./Core/Src/list_check_in.o
                0x20000020                uid
 *fill*         0x20000052        0x2 
 .data.SystemCoreClock
                0x20000054        0x4 ./Core/Src/system_stm32f1xx.o
                0x20000054                SystemCoreClock
 .data.uwTickPrio
                0x20000058        0x4 ./Drivers/STM32F1xx_HAL_Driver/Src/stm32f1xx_hal.o
                0x20000058                uwTickPrio
 .data.uwTickFreq
                0x2000005c        0x1 ./Drivers/STM32F1xx_HAL_Driver/Src/stm32f1xx_hal.o
                0x2000005c                uwTickFreq
 *fill*         0x2000005d        0x3 
 .data._impure_ptr
                0x20000060        0x4 D:/STM32CubeIDE_1.15.1/STM32CubeIDE/plugins/com.st.stm32cube.ide.mcu.externaltools.gnu-tools-for-stm32.12.3.rel1.win32_1.0.100.202403111256/tools/bin/../lib/gcc/arm-none-eabi/12.3.1/../../../../arm-none-eabi/lib/thumb/v7-m/nofp\libc_nano.a(libc_a-impure.o)
                0x20000060                _impure_ptr
 .data._impure_data
                0x20000064       0x4c D:/STM32CubeIDE_1.15.1/STM32CubeIDE/plugins/com.st.stm32cube.ide.mcu.externaltools.gnu-tools-for-stm32.12.3.rel1.win32_1.0.100.202403111256/tools/bin/../lib/gcc/arm-none-eabi/12.3.1/../../../../arm-none-eabi/lib/thumb/v7-m/nofp\libc_nano.a(libc_a-impure.o)
                0x20000064                _impure_data
 *(.RamFunc)
 *(.RamFunc*)
                0x200000b0                        . = ALIGN (0x4)
                0x200000b0                        _edata = .

.igot.plt       0x200000b0        0x0 load address 0x08004a30
 .igot.plt      0x200000b0        0x0 D:/STM32CubeIDE_1.15.1/STM32CubeIDE/plugins/com.st.stm32cube.ide.mcu.externaltools.gnu-tools-for-stm32.12.3.rel1.win32_1.0.100.202403111256/tools/bin/../lib/gcc/arm-none-eabi/12.3.1/thumb/v7-m/nofp/crtbegin.o
                0x200000b0                        . = ALIGN (0x4)

.bss            0x200000b0     0x29e8 load address 0x08004a30
                0x200000b0                        _sbss = .
                0x200000b0                        __bss_start__ = _sbss
 *(.bss)
 .bss           0x200000b0       0x1c D:/STM32CubeIDE_1.15.1/STM32CubeIDE/plugins/com.st.stm32cube.ide.mcu.externaltools.gnu-tools-for-stm32.12.3.rel1.win32_1.0.100.202403111256/tools/bin/../lib/gcc/arm-none-eabi/12.3.1/thumb/v7-m/nofp/crtbegin.o
 *(.bss*)
 .bss.data_byte_receive
                0x200000cc        0x1 ./Core/Src/esp_config.o
                0x200000cc                data_byte_receive
 *fill*         0x200000cd        0x3 
 .bss.ESP_Response
                0x200000d0      0x3e8 ./Core/Src/esp_config.o
                0x200000d0                ESP_Response
 .bss.buffer    0x200004b8       0x32 ./Core/Src/esp_config.o
                0x200004b8                buffer
 *fill*         0x200004ea        0x2 
 .bss.count_data_come
                0x200004ec        0x4 ./Core/Src/esp_config.o
                0x200004ec                count_data_come
 .bss.command_size
                0x200004f0        0x4 ./Core/Src/esp_config.o
                0x200004f0                command_size
 .bss.Flag_Response
                0x200004f4        0x4 ./Core/Src/esp_config.o
                0x200004f4                Flag_Response
 .bss.idx       0x200004f8        0x4 ./Core/Src/esp_config.o
                0x200004f8                idx
 .bss.list_person
                0x200004fc      0x280 ./Core/Src/list_check_in.o
                0x200004fc                list_person
 .bss.lst       0x2000077c     0x20dc ./Core/Src/list_check_in.o
                0x2000077c                lst
 .bss.size      0x20002858        0x4 ./Core/Src/list_check_in.o
                0x20002858                size
 .bss.huart1    0x2000285c       0x48 ./Core/Src/main.o
                0x2000285c                huart1
 .bss.huart2    0x200028a4       0x48 ./Core/Src/main.o
                0x200028a4                huart2
 .bss.huart3    0x200028ec       0x48 ./Core/Src/main.o
                0x200028ec                huart3
 .bss.__sbrk_heap_end
                0x20002934        0x4 ./Core/Src/sysmem.o
 .bss.flag_receive
                0x20002938        0x4 ./Core/Src/system.o
                0x20002938                flag_receive
 .bss.frame     0x2000293c       0x10 ./Core/Src/system.o
                0x2000293c                frame
 .bss.uwTick    0x2000294c        0x4 ./Drivers/STM32F1xx_HAL_Driver/Src/stm32f1xx_hal.o
                0x2000294c                uwTick
 .bss.__sf      0x20002950      0x138 D:/STM32CubeIDE_1.15.1/STM32CubeIDE/plugins/com.st.stm32cube.ide.mcu.externaltools.gnu-tools-for-stm32.12.3.rel1.win32_1.0.100.202403111256/tools/bin/../lib/gcc/arm-none-eabi/12.3.1/../../../../arm-none-eabi/lib/thumb/v7-m/nofp\libc_nano.a(libc_a-findfp.o)
                0x20002950                __sf
 .bss.errno     0x20002a88        0x4 D:/STM32CubeIDE_1.15.1/STM32CubeIDE/plugins/com.st.stm32cube.ide.mcu.externaltools.gnu-tools-for-stm32.12.3.rel1.win32_1.0.100.202403111256/tools/bin/../lib/gcc/arm-none-eabi/12.3.1/../../../../arm-none-eabi/lib/thumb/v7-m/nofp\libc_nano.a(libc_a-reent.o)
                0x20002a88                errno
 .bss.__lock___malloc_recursive_mutex
                0x20002a8c        0x1 D:/STM32CubeIDE_1.15.1/STM32CubeIDE/plugins/com.st.stm32cube.ide.mcu.externaltools.gnu-tools-for-stm32.12.3.rel1.win32_1.0.100.202403111256/tools/bin/../lib/gcc/arm-none-eabi/12.3.1/../../../../arm-none-eabi/lib/thumb/v7-m/nofp\libc_nano.a(libc_a-lock.o)
                0x20002a8c                __lock___malloc_recursive_mutex
 *fill*         0x20002a8d        0x3 
 .bss.__malloc_sbrk_start
                0x20002a90        0x4 D:/STM32CubeIDE_1.15.1/STM32CubeIDE/plugins/com.st.stm32cube.ide.mcu.externaltools.gnu-tools-for-stm32.12.3.rel1.win32_1.0.100.202403111256/tools/bin/../lib/gcc/arm-none-eabi/12.3.1/../../../../arm-none-eabi/lib/thumb/v7-m/nofp\libc_nano.a(libc_a-mallocr.o)
                0x20002a90                __malloc_sbrk_start
 .bss.__malloc_free_list
                0x20002a94        0x4 D:/STM32CubeIDE_1.15.1/STM32CubeIDE/plugins/com.st.stm32cube.ide.mcu.externaltools.gnu-tools-for-stm32.12.3.rel1.win32_1.0.100.202403111256/tools/bin/../lib/gcc/arm-none-eabi/12.3.1/../../../../arm-none-eabi/lib/thumb/v7-m/nofp\libc_nano.a(libc_a-mallocr.o)
                0x20002a94                __malloc_free_list
 *(COMMON)
                0x20002a98                        . = ALIGN (0x4)
                0x20002a98                        _ebss = .
                0x20002a98                        __bss_end__ = _ebss

._user_heap_stack
                0x20002a98      0x600 load address 0x08004a30
                0x20002a98                        . = ALIGN (0x8)
                [!provide]                        PROVIDE (end = .)
                0x20002a98                        PROVIDE (_end = .)
                0x20002c98                        . = (. + _Min_Heap_Size)
 *fill*         0x20002a98      0x200 
                0x20003098                        . = (. + _Min_Stack_Size)
 *fill*         0x20002c98      0x400 
                0x20003098                        . = ALIGN (0x8)

/DISCARD/
 libc.a(*)
 libm.a(*)
 libgcc.a(*)

.ARM.attributes
                0x00000000       0x29
 *(.ARM.attributes)
 .ARM.attributes
                0x00000000       0x1d D:/STM32CubeIDE_1.15.1/STM32CubeIDE/plugins/com.st.stm32cube.ide.mcu.externaltools.gnu-tools-for-stm32.12.3.rel1.win32_1.0.100.202403111256/tools/bin/../lib/gcc/arm-none-eabi/12.3.1/thumb/v7-m/nofp/crti.o
 .ARM.attributes
                0x0000001d       0x2d D:/STM32CubeIDE_1.15.1/STM32CubeIDE/plugins/com.st.stm32cube.ide.mcu.externaltools.gnu-tools-for-stm32.12.3.rel1.win32_1.0.100.202403111256/tools/bin/../lib/gcc/arm-none-eabi/12.3.1/thumb/v7-m/nofp/crtbegin.o
 .ARM.attributes
                0x0000004a       0x2d ./Core/Src/esp_config.o
 .ARM.attributes
                0x00000077       0x2d ./Core/Src/list_check_in.o
 .ARM.attributes
                0x000000a4       0x2d ./Core/Src/main.o
 .ARM.attributes
                0x000000d1       0x2d ./Core/Src/stm32f1xx_hal_msp.o
 .ARM.attributes
                0x000000fe       0x2d ./Core/Src/stm32f1xx_it.o
 .ARM.attributes
                0x0000012b       0x2d ./Core/Src/sysmem.o
 .ARM.attributes
                0x00000158       0x2d ./Core/Src/system.o
 .ARM.attributes
                0x00000185       0x2d ./Core/Src/system_stm32f1xx.o
 .ARM.attributes
                0x000001b2       0x21 ./Core/Startup/startup_stm32f103rbtx.o
 .ARM.attributes
                0x000001d3       0x2d ./Drivers/STM32F1xx_HAL_Driver/Src/stm32f1xx_hal.o
 .ARM.attributes
                0x00000200       0x2d ./Drivers/STM32F1xx_HAL_Driver/Src/stm32f1xx_hal_cortex.o
 .ARM.attributes
                0x0000022d       0x2d ./Drivers/STM32F1xx_HAL_Driver/Src/stm32f1xx_hal_dma.o
 .ARM.attributes
                0x0000025a       0x2d ./Drivers/STM32F1xx_HAL_Driver/Src/stm32f1xx_hal_gpio.o
 .ARM.attributes
                0x00000287       0x2d ./Drivers/STM32F1xx_HAL_Driver/Src/stm32f1xx_hal_rcc.o
 .ARM.attributes
                0x000002b4       0x2d ./Drivers/STM32F1xx_HAL_Driver/Src/stm32f1xx_hal_uart.o
 .ARM.attributes
                0x000002e1       0x2d D:/STM32CubeIDE_1.15.1/STM32CubeIDE/plugins/com.st.stm32cube.ide.mcu.externaltools.gnu-tools-for-stm32.12.3.rel1.win32_1.0.100.202403111256/tools/bin/../lib/gcc/arm-none-eabi/12.3.1/../../../../arm-none-eabi/lib/thumb/v7-m/nofp\libc_nano.a(libc_a-findfp.o)
 .ARM.attributes
                0x0000030e       0x2d D:/STM32CubeIDE_1.15.1/STM32CubeIDE/plugins/com.st.stm32cube.ide.mcu.externaltools.gnu-tools-for-stm32.12.3.rel1.win32_1.0.100.202403111256/tools/bin/../lib/gcc/arm-none-eabi/12.3.1/../../../../arm-none-eabi/lib/thumb/v7-m/nofp\libc_nano.a(libc_a-sprintf.o)
 .ARM.attributes
                0x0000033b       0x2d D:/STM32CubeIDE_1.15.1/STM32CubeIDE/plugins/com.st.stm32cube.ide.mcu.externaltools.gnu-tools-for-stm32.12.3.rel1.win32_1.0.100.202403111256/tools/bin/../lib/gcc/arm-none-eabi/12.3.1/../../../../arm-none-eabi/lib/thumb/v7-m/nofp\libc_nano.a(libc_a-memset.o)
 .ARM.attributes
                0x00000368       0x2d D:/STM32CubeIDE_1.15.1/STM32CubeIDE/plugins/com.st.stm32cube.ide.mcu.externaltools.gnu-tools-for-stm32.12.3.rel1.win32_1.0.100.202403111256/tools/bin/../lib/gcc/arm-none-eabi/12.3.1/../../../../arm-none-eabi/lib/thumb/v7-m/nofp\libc_nano.a(libc_a-strcat.o)
 .ARM.attributes
                0x00000395       0x2d D:/STM32CubeIDE_1.15.1/STM32CubeIDE/plugins/com.st.stm32cube.ide.mcu.externaltools.gnu-tools-for-stm32.12.3.rel1.win32_1.0.100.202403111256/tools/bin/../lib/gcc/arm-none-eabi/12.3.1/../../../../arm-none-eabi/lib/thumb/v7-m/nofp\libc_nano.a(libc_a-strstr.o)
 .ARM.attributes
                0x000003c2       0x2d D:/STM32CubeIDE_1.15.1/STM32CubeIDE/plugins/com.st.stm32cube.ide.mcu.externaltools.gnu-tools-for-stm32.12.3.rel1.win32_1.0.100.202403111256/tools/bin/../lib/gcc/arm-none-eabi/12.3.1/../../../../arm-none-eabi/lib/thumb/v7-m/nofp\libc_nano.a(libc_a-reent.o)
 .ARM.attributes
                0x000003ef       0x2d D:/STM32CubeIDE_1.15.1/STM32CubeIDE/plugins/com.st.stm32cube.ide.mcu.externaltools.gnu-tools-for-stm32.12.3.rel1.win32_1.0.100.202403111256/tools/bin/../lib/gcc/arm-none-eabi/12.3.1/../../../../arm-none-eabi/lib/thumb/v7-m/nofp\libc_nano.a(libc_a-impure.o)
 .ARM.attributes
                0x0000041c       0x2d D:/STM32CubeIDE_1.15.1/STM32CubeIDE/plugins/com.st.stm32cube.ide.mcu.externaltools.gnu-tools-for-stm32.12.3.rel1.win32_1.0.100.202403111256/tools/bin/../lib/gcc/arm-none-eabi/12.3.1/../../../../arm-none-eabi/lib/thumb/v7-m/nofp\libc_nano.a(libc_a-errno.o)
 .ARM.attributes
                0x00000449       0x2d D:/STM32CubeIDE_1.15.1/STM32CubeIDE/plugins/com.st.stm32cube.ide.mcu.externaltools.gnu-tools-for-stm32.12.3.rel1.win32_1.0.100.202403111256/tools/bin/../lib/gcc/arm-none-eabi/12.3.1/../../../../arm-none-eabi/lib/thumb/v7-m/nofp\libc_nano.a(libc_a-init.o)
 .ARM.attributes
                0x00000476       0x2d D:/STM32CubeIDE_1.15.1/STM32CubeIDE/plugins/com.st.stm32cube.ide.mcu.externaltools.gnu-tools-for-stm32.12.3.rel1.win32_1.0.100.202403111256/tools/bin/../lib/gcc/arm-none-eabi/12.3.1/../../../../arm-none-eabi/lib/thumb/v7-m/nofp\libc_nano.a(libc_a-lock.o)
 .ARM.attributes
                0x000004a3       0x1b D:/STM32CubeIDE_1.15.1/STM32CubeIDE/plugins/com.st.stm32cube.ide.mcu.externaltools.gnu-tools-for-stm32.12.3.rel1.win32_1.0.100.202403111256/tools/bin/../lib/gcc/arm-none-eabi/12.3.1/../../../../arm-none-eabi/lib/thumb/v7-m/nofp\libc_nano.a(libc_a-strcmp.o)
 .ARM.attributes
                0x000004be       0x2d D:/STM32CubeIDE_1.15.1/STM32CubeIDE/plugins/com.st.stm32cube.ide.mcu.externaltools.gnu-tools-for-stm32.12.3.rel1.win32_1.0.100.202403111256/tools/bin/../lib/gcc/arm-none-eabi/12.3.1/../../../../arm-none-eabi/lib/thumb/v7-m/nofp\libc_nano.a(libc_a-strcpy.o)
 .ARM.attributes
                0x000004eb       0x17 D:/STM32CubeIDE_1.15.1/STM32CubeIDE/plugins/com.st.stm32cube.ide.mcu.externaltools.gnu-tools-for-stm32.12.3.rel1.win32_1.0.100.202403111256/tools/bin/../lib/gcc/arm-none-eabi/12.3.1/../../../../arm-none-eabi/lib/thumb/v7-m/nofp\libc_nano.a(libc_a-strlen.o)
 .ARM.attributes
                0x00000502       0x2d D:/STM32CubeIDE_1.15.1/STM32CubeIDE/plugins/com.st.stm32cube.ide.mcu.externaltools.gnu-tools-for-stm32.12.3.rel1.win32_1.0.100.202403111256/tools/bin/../lib/gcc/arm-none-eabi/12.3.1/../../../../arm-none-eabi/lib/thumb/v7-m/nofp\libc_nano.a(libc_a-freer.o)
 .ARM.attributes
                0x0000052f       0x2d D:/STM32CubeIDE_1.15.1/STM32CubeIDE/plugins/com.st.stm32cube.ide.mcu.externaltools.gnu-tools-for-stm32.12.3.rel1.win32_1.0.100.202403111256/tools/bin/../lib/gcc/arm-none-eabi/12.3.1/../../../../arm-none-eabi/lib/thumb/v7-m/nofp\libc_nano.a(libc_a-mallocr.o)
 .ARM.attributes
                0x0000055c       0x2d D:/STM32CubeIDE_1.15.1/STM32CubeIDE/plugins/com.st.stm32cube.ide.mcu.externaltools.gnu-tools-for-stm32.12.3.rel1.win32_1.0.100.202403111256/tools/bin/../lib/gcc/arm-none-eabi/12.3.1/../../../../arm-none-eabi/lib/thumb/v7-m/nofp\libc_nano.a(libc_a-mlock.o)
 .ARM.attributes
                0x00000589       0x2d D:/STM32CubeIDE_1.15.1/STM32CubeIDE/plugins/com.st.stm32cube.ide.mcu.externaltools.gnu-tools-for-stm32.12.3.rel1.win32_1.0.100.202403111256/tools/bin/../lib/gcc/arm-none-eabi/12.3.1/../../../../arm-none-eabi/lib/thumb/v7-m/nofp\libc_nano.a(libc_a-nano-svfprintf.o)
 .ARM.attributes
                0x000005b6       0x2d D:/STM32CubeIDE_1.15.1/STM32CubeIDE/plugins/com.st.stm32cube.ide.mcu.externaltools.gnu-tools-for-stm32.12.3.rel1.win32_1.0.100.202403111256/tools/bin/../lib/gcc/arm-none-eabi/12.3.1/../../../../arm-none-eabi/lib/thumb/v7-m/nofp\libc_nano.a(libc_a-nano-vfprintf_i.o)
 .ARM.attributes
                0x000005e3       0x2d D:/STM32CubeIDE_1.15.1/STM32CubeIDE/plugins/com.st.stm32cube.ide.mcu.externaltools.gnu-tools-for-stm32.12.3.rel1.win32_1.0.100.202403111256/tools/bin/../lib/gcc/arm-none-eabi/12.3.1/../../../../arm-none-eabi/lib/thumb/v7-m/nofp\libc_nano.a(libc_a-memmove.o)
 .ARM.attributes
                0x00000610       0x2d D:/STM32CubeIDE_1.15.1/STM32CubeIDE/plugins/com.st.stm32cube.ide.mcu.externaltools.gnu-tools-for-stm32.12.3.rel1.win32_1.0.100.202403111256/tools/bin/../lib/gcc/arm-none-eabi/12.3.1/../../../../arm-none-eabi/lib/thumb/v7-m/nofp\libc_nano.a(libc_a-sbrkr.o)
 .ARM.attributes
                0x0000063d       0x2d D:/STM32CubeIDE_1.15.1/STM32CubeIDE/plugins/com.st.stm32cube.ide.mcu.externaltools.gnu-tools-for-stm32.12.3.rel1.win32_1.0.100.202403111256/tools/bin/../lib/gcc/arm-none-eabi/12.3.1/../../../../arm-none-eabi/lib/thumb/v7-m/nofp\libc_nano.a(libc_a-memchr-stub.o)
 .ARM.attributes
                0x0000066a       0x2d D:/STM32CubeIDE_1.15.1/STM32CubeIDE/plugins/com.st.stm32cube.ide.mcu.externaltools.gnu-tools-for-stm32.12.3.rel1.win32_1.0.100.202403111256/tools/bin/../lib/gcc/arm-none-eabi/12.3.1/../../../../arm-none-eabi/lib/thumb/v7-m/nofp\libc_nano.a(libc_a-memcpy-stub.o)
 .ARM.attributes
                0x00000697       0x2d D:/STM32CubeIDE_1.15.1/STM32CubeIDE/plugins/com.st.stm32cube.ide.mcu.externaltools.gnu-tools-for-stm32.12.3.rel1.win32_1.0.100.202403111256/tools/bin/../lib/gcc/arm-none-eabi/12.3.1/../../../../arm-none-eabi/lib/thumb/v7-m/nofp\libc_nano.a(libc_a-reallocr.o)
 .ARM.attributes
                0x000006c4       0x2d D:/STM32CubeIDE_1.15.1/STM32CubeIDE/plugins/com.st.stm32cube.ide.mcu.externaltools.gnu-tools-for-stm32.12.3.rel1.win32_1.0.100.202403111256/tools/bin/../lib/gcc/arm-none-eabi/12.3.1/../../../../arm-none-eabi/lib/thumb/v7-m/nofp\libc_nano.a(libc_a-msizer.o)
 .ARM.attributes
                0x000006f1       0x1d D:/STM32CubeIDE_1.15.1/STM32CubeIDE/plugins/com.st.stm32cube.ide.mcu.externaltools.gnu-tools-for-stm32.12.3.rel1.win32_1.0.100.202403111256/tools/bin/../lib/gcc/arm-none-eabi/12.3.1/thumb/v7-m/nofp/crtn.o
OUTPUT(esp32.elf elf32-littlearm)
LOAD linker stubs
LOAD D:/STM32CubeIDE_1.15.1/STM32CubeIDE/plugins/com.st.stm32cube.ide.mcu.externaltools.gnu-tools-for-stm32.12.3.rel1.win32_1.0.100.202403111256/tools/bin/../lib/gcc/arm-none-eabi/12.3.1/../../../../arm-none-eabi/lib/thumb/v7-m/nofp\libc.a
LOAD D:/STM32CubeIDE_1.15.1/STM32CubeIDE/plugins/com.st.stm32cube.ide.mcu.externaltools.gnu-tools-for-stm32.12.3.rel1.win32_1.0.100.202403111256/tools/bin/../lib/gcc/arm-none-eabi/12.3.1/../../../../arm-none-eabi/lib/thumb/v7-m/nofp\libm.a
LOAD D:/STM32CubeIDE_1.15.1/STM32CubeIDE/plugins/com.st.stm32cube.ide.mcu.externaltools.gnu-tools-for-stm32.12.3.rel1.win32_1.0.100.202403111256/tools/bin/../lib/gcc/arm-none-eabi/12.3.1/thumb/v7-m/nofp\libgcc.a

.debug_info     0x00000000     0x8acd
 .debug_info    0x00000000      0xb21 ./Core/Src/esp_config.o
 .debug_info    0x00000b21      0x45b ./Core/Src/list_check_in.o
 .debug_info    0x00000f7c      0xba5 ./Core/Src/main.o
 .debug_info    0x00001b21      0x9f9 ./Core/Src/stm32f1xx_hal_msp.o
 .debug_info    0x0000251a      0x625 ./Core/Src/stm32f1xx_it.o
 .debug_info    0x00002b3f      0x168 ./Core/Src/sysmem.o
 .debug_info    0x00002ca7      0x70a ./Core/Src/system.o
 .debug_info    0x000033b1      0x222 ./Core/Src/system_stm32f1xx.o
 .debug_info    0x000035d3       0x30 ./Core/Startup/startup_stm32f103rbtx.o
 .debug_info    0x00003603      0x704 ./Drivers/STM32F1xx_HAL_Driver/Src/stm32f1xx_hal.o
 .debug_info    0x00003d07      0xa87 ./Drivers/STM32F1xx_HAL_Driver/Src/stm32f1xx_hal_cortex.o
 .debug_info    0x0000478e      0x6d2 ./Drivers/STM32F1xx_HAL_Driver/Src/stm32f1xx_hal_dma.o
 .debug_info    0x00004e60      0x5ab ./Drivers/STM32F1xx_HAL_Driver/Src/stm32f1xx_hal_gpio.o
 .debug_info    0x0000540b      0x7d5 ./Drivers/STM32F1xx_HAL_Driver/Src/stm32f1xx_hal_rcc.o
 .debug_info    0x00005be0     0x2eed ./Drivers/STM32F1xx_HAL_Driver/Src/stm32f1xx_hal_uart.o

.debug_abbrev   0x00000000     0x1d18
 .debug_abbrev  0x00000000      0x2c6 ./Core/Src/esp_config.o
 .debug_abbrev  0x000002c6      0x1cb ./Core/Src/list_check_in.o
 .debug_abbrev  0x00000491      0x299 ./Core/Src/main.o
 .debug_abbrev  0x0000072a      0x1ca ./Core/Src/stm32f1xx_hal_msp.o
 .debug_abbrev  0x000008f4      0x18d ./Core/Src/stm32f1xx_it.o
 .debug_abbrev  0x00000a81       0xbc ./Core/Src/sysmem.o
 .debug_abbrev  0x00000b3d      0x1ff ./Core/Src/system.o
 .debug_abbrev  0x00000d3c      0x13f ./Core/Src/system_stm32f1xx.o
 .debug_abbrev  0x00000e7b       0x24 ./Core/Startup/startup_stm32f103rbtx.o
 .debug_abbrev  0x00000e9f      0x201 ./Drivers/STM32F1xx_HAL_Driver/Src/stm32f1xx_hal.o
 .debug_abbrev  0x000010a0      0x2f8 ./Drivers/STM32F1xx_HAL_Driver/Src/stm32f1xx_hal_cortex.o
 .debug_abbrev  0x00001398      0x20b ./Drivers/STM32F1xx_HAL_Driver/Src/stm32f1xx_hal_dma.o
 .debug_abbrev  0x000015a3      0x1ca ./Drivers/STM32F1xx_HAL_Driver/Src/stm32f1xx_hal_gpio.o
 .debug_abbrev  0x0000176d      0x2b3 ./Drivers/STM32F1xx_HAL_Driver/Src/stm32f1xx_hal_rcc.o
 .debug_abbrev  0x00001a20      0x2f8 ./Drivers/STM32F1xx_HAL_Driver/Src/stm32f1xx_hal_uart.o

.debug_aranges  0x00000000      0x780
 .debug_aranges
                0x00000000       0x48 ./Core/Src/esp_config.o
 .debug_aranges
                0x00000048       0x48 ./Core/Src/list_check_in.o
 .debug_aranges
                0x00000090       0x50 ./Core/Src/main.o
 .debug_aranges
                0x000000e0       0x30 ./Core/Src/stm32f1xx_hal_msp.o
 .debug_aranges
                0x00000110       0x78 ./Core/Src/stm32f1xx_it.o
 .debug_aranges
                0x00000188       0x20 ./Core/Src/sysmem.o
 .debug_aranges
                0x000001a8       0x38 ./Core/Src/system.o
 .debug_aranges
                0x000001e0       0x28 ./Core/Src/system_stm32f1xx.o
 .debug_aranges
                0x00000208       0x28 ./Core/Startup/startup_stm32f103rbtx.o
 .debug_aranges
                0x00000230       0xe0 ./Drivers/STM32F1xx_HAL_Driver/Src/stm32f1xx_hal.o
 .debug_aranges
                0x00000310      0x100 ./Drivers/STM32F1xx_HAL_Driver/Src/stm32f1xx_hal_cortex.o
 .debug_aranges
                0x00000410       0x80 ./Drivers/STM32F1xx_HAL_Driver/Src/stm32f1xx_hal_dma.o
 .debug_aranges
                0x00000490       0x58 ./Drivers/STM32F1xx_HAL_Driver/Src/stm32f1xx_hal_gpio.o
 .debug_aranges
                0x000004e8       0x90 ./Drivers/STM32F1xx_HAL_Driver/Src/stm32f1xx_hal_rcc.o
 .debug_aranges
                0x00000578      0x208 ./Drivers/STM32F1xx_HAL_Driver/Src/stm32f1xx_hal_uart.o

.debug_rnglists
                0x00000000      0x5ad
 .debug_rnglists
                0x00000000       0x36 ./Core/Src/esp_config.o
 .debug_rnglists
                0x00000036       0x33 ./Core/Src/list_check_in.o
 .debug_rnglists
                0x00000069       0x39 ./Core/Src/main.o
 .debug_rnglists
                0x000000a2       0x21 ./Core/Src/stm32f1xx_hal_msp.o
 .debug_rnglists
                0x000000c3       0x55 ./Core/Src/stm32f1xx_it.o
 .debug_rnglists
                0x00000118       0x13 ./Core/Src/sysmem.o
 .debug_rnglists
                0x0000012b       0x26 ./Core/Src/system.o
 .debug_rnglists
                0x00000151       0x1a ./Core/Src/system_stm32f1xx.o
 .debug_rnglists
                0x0000016b       0x19 ./Core/Startup/startup_stm32f103rbtx.o
 .debug_rnglists
                0x00000184       0xa3 ./Drivers/STM32F1xx_HAL_Driver/Src/stm32f1xx_hal.o
 .debug_rnglists
                0x00000227       0xbb ./Drivers/STM32F1xx_HAL_Driver/Src/stm32f1xx_hal_cortex.o
 .debug_rnglists
                0x000002e2       0x64 ./Drivers/STM32F1xx_HAL_Driver/Src/stm32f1xx_hal_dma.o
 .debug_rnglists
                0x00000346       0x3f ./Drivers/STM32F1xx_HAL_Driver/Src/stm32f1xx_hal_gpio.o
 .debug_rnglists
                0x00000385       0x6c ./Drivers/STM32F1xx_HAL_Driver/Src/stm32f1xx_hal_rcc.o
 .debug_rnglists
                0x000003f1      0x1bc ./Drivers/STM32F1xx_HAL_Driver/Src/stm32f1xx_hal_uart.o

.debug_macro    0x00000000    0x1742c
 .debug_macro   0x00000000      0x2a9 ./Core/Src/esp_config.o
 .debug_macro   0x000002a9      0xaa8 ./Core/Src/esp_config.o
 .debug_macro   0x00000d51      0x215 ./Core/Src/esp_config.o
 .debug_macro   0x00000f66       0x2e ./Core/Src/esp_config.o
 .debug_macro   0x00000f94       0x22 ./Core/Src/esp_config.o
 .debug_macro   0x00000fb6       0x22 ./Core/Src/esp_config.o
 .debug_macro   0x00000fd8       0x8e ./Core/Src/esp_config.o
 .debug_macro   0x00001066       0x51 ./Core/Src/esp_config.o
 .debug_macro   0x000010b7      0x103 ./Core/Src/esp_config.o
 .debug_macro   0x000011ba       0x6a ./Core/Src/esp_config.o
 .debug_macro   0x00001224      0x1df ./Core/Src/esp_config.o
 .debug_macro   0x00001403       0x1c ./Core/Src/esp_config.o
 .debug_macro   0x0000141f       0x22 ./Core/Src/esp_config.o
 .debug_macro   0x00001441       0xbd ./Core/Src/esp_config.o
 .debug_macro   0x000014fe      0xd23 ./Core/Src/esp_config.o
 .debug_macro   0x00002221     0xe09e ./Core/Src/esp_config.o
 .debug_macro   0x000102bf       0x6d ./Core/Src/esp_config.o
 .debug_macro   0x0001032c     0x34a2 ./Core/Src/esp_config.o
 .debug_macro   0x000137ce      0x189 ./Core/Src/esp_config.o
 .debug_macro   0x00013957       0x5c ./Core/Src/esp_config.o
 .debug_macro   0x000139b3      0x5bc ./Core/Src/esp_config.o
 .debug_macro   0x00013f6f      0x289 ./Core/Src/esp_config.o
 .debug_macro   0x000141f8      0x1cb ./Core/Src/esp_config.o
 .debug_macro   0x000143c3      0x114 ./Core/Src/esp_config.o
 .debug_macro   0x000144d7      0x1b2 ./Core/Src/esp_config.o
 .debug_macro   0x00014689       0x27 ./Core/Src/esp_config.o
 .debug_macro   0x000146b0      0x136 ./Core/Src/esp_config.o
 .debug_macro   0x000147e6      0x1bc ./Core/Src/esp_config.o
 .debug_macro   0x000149a2       0x34 ./Core/Src/esp_config.o
 .debug_macro   0x000149d6       0x3c ./Core/Src/esp_config.o
 .debug_macro   0x00014a12       0x57 ./Core/Src/esp_config.o
 .debug_macro   0x00014a69       0x87 ./Core/Src/esp_config.o
 .debug_macro   0x00014af0      0x240 ./Core/Src/esp_config.o
 .debug_macro   0x00014d30      0x140 ./Core/Src/esp_config.o
 .debug_macro   0x00014e70      0x28e ./Core/Src/esp_config.o
 .debug_macro   0x000150fe       0x83 ./Core/Src/esp_config.o
 .debug_macro   0x00015181       0x61 ./Core/Src/esp_config.o
 .debug_macro   0x000151e2       0x24 ./Core/Src/esp_config.o
 .debug_macro   0x00015206       0x43 ./Core/Src/esp_config.o
 .debug_macro   0x00015249       0x34 ./Core/Src/esp_config.o
 .debug_macro   0x0001527d       0x16 ./Core/Src/esp_config.o
 .debug_macro   0x00015293       0x43 ./Core/Src/esp_config.o
 .debug_macro   0x000152d6       0x34 ./Core/Src/esp_config.o
 .debug_macro   0x0001530a       0x10 ./Core/Src/esp_config.o
 .debug_macro   0x0001531a       0x58 ./Core/Src/esp_config.o
 .debug_macro   0x00015372       0x8e ./Core/Src/esp_config.o
 .debug_macro   0x00015400       0x1c ./Core/Src/esp_config.o
 .debug_macro   0x0001541c      0x177 ./Core/Src/esp_config.o
 .debug_macro   0x00015593      0x369 ./Core/Src/esp_config.o
 .debug_macro   0x000158fc       0x10 ./Core/Src/esp_config.o
 .debug_macro   0x0001590c       0x35 ./Core/Src/esp_config.o
 .debug_macro   0x00015941       0x20 ./Core/Src/esp_config.o
 .debug_macro   0x00015961       0x1c ./Core/Src/esp_config.o
 .debug_macro   0x0001597d       0x10 ./Core/Src/esp_config.o
 .debug_macro   0x0001598d       0x1c ./Core/Src/esp_config.o
 .debug_macro   0x000159a9       0x16 ./Core/Src/esp_config.o
 .debug_macro   0x000159bf      0x146 ./Core/Src/esp_config.o
 .debug_macro   0x00015b05       0x10 ./Core/Src/esp_config.o
 .debug_macro   0x00015b15      0x266 ./Core/Src/list_check_in.o
 .debug_macro   0x00015d7b      0x19d ./Core/Src/main.o
 .debug_macro   0x00015f18       0x5e ./Core/Src/main.o
 .debug_macro   0x00015f76      0x19d ./Core/Src/stm32f1xx_hal_msp.o
 .debug_macro   0x00016113      0x1a7 ./Core/Src/stm32f1xx_it.o
 .debug_macro   0x000162ba       0xff ./Core/Src/sysmem.o
 .debug_macro   0x000163b9      0x23c ./Core/Src/sysmem.o
 .debug_macro   0x000165f5      0x2b3 ./Core/Src/system.o
 .debug_macro   0x000168a8      0x18e ./Core/Src/system_stm32f1xx.o
 .debug_macro   0x00016a36      0x1b2 ./Drivers/STM32F1xx_HAL_Driver/Src/stm32f1xx_hal.o
 .debug_macro   0x00016be8      0x18e ./Drivers/STM32F1xx_HAL_Driver/Src/stm32f1xx_hal_cortex.o
 .debug_macro   0x00016d76      0x18e ./Drivers/STM32F1xx_HAL_Driver/Src/stm32f1xx_hal_dma.o
 .debug_macro   0x00016f04      0x1f9 ./Drivers/STM32F1xx_HAL_Driver/Src/stm32f1xx_hal_gpio.o
 .debug_macro   0x000170fd      0x1a0 ./Drivers/STM32F1xx_HAL_Driver/Src/stm32f1xx_hal_rcc.o
 .debug_macro   0x0001729d      0x18f ./Drivers/STM32F1xx_HAL_Driver/Src/stm32f1xx_hal_uart.o

.debug_line     0x00000000     0xa4ca
 .debug_line    0x00000000      0xb04 ./Core/Src/esp_config.o
 .debug_line    0x00000b04      0x96d ./Core/Src/list_check_in.o
 .debug_line    0x00001471      0x822 ./Core/Src/main.o
 .debug_line    0x00001c93      0x786 ./Core/Src/stm32f1xx_hal_msp.o
 .debug_line    0x00002419      0x7d2 ./Core/Src/stm32f1xx_it.o
 .debug_line    0x00002beb      0x574 ./Core/Src/sysmem.o
 .debug_line    0x0000315f      0x935 ./Core/Src/system.o
 .debug_line    0x00003a94      0x746 ./Core/Src/system_stm32f1xx.o
 .debug_line    0x000041da       0x78 ./Core/Startup/startup_stm32f103rbtx.o
 .debug_line    0x00004252      0x973 ./Drivers/STM32F1xx_HAL_Driver/Src/stm32f1xx_hal.o
 .debug_line    0x00004bc5      0xb5f ./Drivers/STM32F1xx_HAL_Driver/Src/stm32f1xx_hal_cortex.o
 .debug_line    0x00005724      0xdcc ./Drivers/STM32F1xx_HAL_Driver/Src/stm32f1xx_hal_dma.o
 .debug_line    0x000064f0      0xa0c ./Drivers/STM32F1xx_HAL_Driver/Src/stm32f1xx_hal_gpio.o
 .debug_line    0x00006efc      0xd7c ./Drivers/STM32F1xx_HAL_Driver/Src/stm32f1xx_hal_rcc.o
 .debug_line    0x00007c78     0x2852 ./Drivers/STM32F1xx_HAL_Driver/Src/stm32f1xx_hal_uart.o

.debug_str      0x00000000    0x82550
 .debug_str     0x00000000    0x802fe ./Core/Src/esp_config.o
                              0x806d5 (size before relaxing)
 .debug_str     0x000802fe       0xda ./Core/Src/list_check_in.o
                              0x7fb74 (size before relaxing)
 .debug_str     0x000803d8      0x6a0 ./Core/Src/main.o
                              0x7d430 (size before relaxing)
 .debug_str     0x00080a78       0xa8 ./Core/Src/stm32f1xx_hal_msp.o
                              0x7d25c (size before relaxing)
 .debug_str     0x00080b20      0x12f ./Core/Src/stm32f1xx_it.o
                              0x7cf53 (size before relaxing)
 .debug_str     0x00080c4f      0x4dc ./Core/Src/sysmem.o
                               0x604d (size before relaxing)
 .debug_str     0x0008112b       0x88 ./Core/Src/system.o
                              0x805e9 (size before relaxing)
 .debug_str     0x000811b3       0x7e ./Core/Src/system_stm32f1xx.o
                              0x7c9a5 (size before relaxing)
 .debug_str     0x00081231       0x44 ./Core/Startup/startup_stm32f103rbtx.o
                                 0x58 (size before relaxing)
 .debug_str     0x00081275      0x382 ./Drivers/STM32F1xx_HAL_Driver/Src/stm32f1xx_hal.o
                              0x7d0d8 (size before relaxing)
 .debug_str     0x000815f7      0x294 ./Drivers/STM32F1xx_HAL_Driver/Src/stm32f1xx_hal_cortex.o
                              0x7d024 (size before relaxing)
 .debug_str     0x0008188b      0x23a ./Drivers/STM32F1xx_HAL_Driver/Src/stm32f1xx_hal_dma.o
                              0x7cd4e (size before relaxing)
 .debug_str     0x00081ac5      0x2c8 ./Drivers/STM32F1xx_HAL_Driver/Src/stm32f1xx_hal_gpio.o
                              0x7cd2b (size before relaxing)
 .debug_str     0x00081d8d      0x229 ./Drivers/STM32F1xx_HAL_Driver/Src/stm32f1xx_hal_rcc.o
                              0x7cdd4 (size before relaxing)
 .debug_str     0x00081fb6      0x59a ./Drivers/STM32F1xx_HAL_Driver/Src/stm32f1xx_hal_uart.o
                              0x7d445 (size before relaxing)

.comment        0x00000000       0x43
 .comment       0x00000000       0x43 ./Core/Src/esp_config.o
                                 0x44 (size before relaxing)
 .comment       0x00000043       0x44 ./Core/Src/list_check_in.o
 .comment       0x00000043       0x44 ./Core/Src/main.o
 .comment       0x00000043       0x44 ./Core/Src/stm32f1xx_hal_msp.o
 .comment       0x00000043       0x44 ./Core/Src/stm32f1xx_it.o
 .comment       0x00000043       0x44 ./Core/Src/sysmem.o
 .comment       0x00000043       0x44 ./Core/Src/system.o
 .comment       0x00000043       0x44 ./Core/Src/system_stm32f1xx.o
 .comment       0x00000043       0x44 ./Drivers/STM32F1xx_HAL_Driver/Src/stm32f1xx_hal.o
 .comment       0x00000043       0x44 ./Drivers/STM32F1xx_HAL_Driver/Src/stm32f1xx_hal_cortex.o
 .comment       0x00000043       0x44 ./Drivers/STM32F1xx_HAL_Driver/Src/stm32f1xx_hal_dma.o
 .comment       0x00000043       0x44 ./Drivers/STM32F1xx_HAL_Driver/Src/stm32f1xx_hal_gpio.o
 .comment       0x00000043       0x44 ./Drivers/STM32F1xx_HAL_Driver/Src/stm32f1xx_hal_rcc.o
 .comment       0x00000043       0x44 ./Drivers/STM32F1xx_HAL_Driver/Src/stm32f1xx_hal_uart.o

.debug_frame    0x00000000     0x2208
 .debug_frame   0x00000000       0xe8 ./Core/Src/esp_config.o
 .debug_frame   0x000000e8       0xfc ./Core/Src/list_check_in.o
 .debug_frame   0x000001e4       0xe0 ./Core/Src/main.o
 .debug_frame   0x000002c4       0x80 ./Core/Src/stm32f1xx_hal_msp.o
 .debug_frame   0x00000344      0x158 ./Core/Src/stm32f1xx_it.o
 .debug_frame   0x0000049c       0x34 ./Core/Src/sysmem.o
 .debug_frame   0x000004d0       0x94 ./Core/Src/system.o
 .debug_frame   0x00000564       0x58 ./Core/Src/system_stm32f1xx.o
 .debug_frame   0x000005bc      0x334 ./Drivers/STM32F1xx_HAL_Driver/Src/stm32f1xx_hal.o
 .debug_frame   0x000008f0      0x428 ./Drivers/STM32F1xx_HAL_Driver/Src/stm32f1xx_hal_cortex.o
 .debug_frame   0x00000d18      0x208 ./Drivers/STM32F1xx_HAL_Driver/Src/stm32f1xx_hal_dma.o
 .debug_frame   0x00000f20      0x14c ./Drivers/STM32F1xx_HAL_Driver/Src/stm32f1xx_hal_gpio.o
 .debug_frame   0x0000106c      0x218 ./Drivers/STM32F1xx_HAL_Driver/Src/stm32f1xx_hal_rcc.o
 .debug_frame   0x00001284      0x944 ./Drivers/STM32F1xx_HAL_Driver/Src/stm32f1xx_hal_uart.o
 .debug_frame   0x00001bc8      0x144 D:/STM32CubeIDE_1.15.1/STM32CubeIDE/plugins/com.st.stm32cube.ide.mcu.externaltools.gnu-tools-for-stm32.12.3.rel1.win32_1.0.100.202403111256/tools/bin/../lib/gcc/arm-none-eabi/12.3.1/../../../../arm-none-eabi/lib/thumb/v7-m/nofp\libc_nano.a(libc_a-findfp.o)
 .debug_frame   0x00001d0c       0x6c D:/STM32CubeIDE_1.15.1/STM32CubeIDE/plugins/com.st.stm32cube.ide.mcu.externaltools.gnu-tools-for-stm32.12.3.rel1.win32_1.0.100.202403111256/tools/bin/../lib/gcc/arm-none-eabi/12.3.1/../../../../arm-none-eabi/lib/thumb/v7-m/nofp\libc_nano.a(libc_a-sprintf.o)
 .debug_frame   0x00001d78       0x20 D:/STM32CubeIDE_1.15.1/STM32CubeIDE/plugins/com.st.stm32cube.ide.mcu.externaltools.gnu-tools-for-stm32.12.3.rel1.win32_1.0.100.202403111256/tools/bin/../lib/gcc/arm-none-eabi/12.3.1/../../../../arm-none-eabi/lib/thumb/v7-m/nofp\libc_nano.a(libc_a-memset.o)
 .debug_frame   0x00001d98       0x28 D:/STM32CubeIDE_1.15.1/STM32CubeIDE/plugins/com.st.stm32cube.ide.mcu.externaltools.gnu-tools-for-stm32.12.3.rel1.win32_1.0.100.202403111256/tools/bin/../lib/gcc/arm-none-eabi/12.3.1/../../../../arm-none-eabi/lib/thumb/v7-m/nofp\libc_nano.a(libc_a-strcat.o)
 .debug_frame   0x00001dc0       0x2c D:/STM32CubeIDE_1.15.1/STM32CubeIDE/plugins/com.st.stm32cube.ide.mcu.externaltools.gnu-tools-for-stm32.12.3.rel1.win32_1.0.100.202403111256/tools/bin/../lib/gcc/arm-none-eabi/12.3.1/../../../../arm-none-eabi/lib/thumb/v7-m/nofp\libc_nano.a(libc_a-strstr.o)
 .debug_frame   0x00001dec       0x38 D:/STM32CubeIDE_1.15.1/STM32CubeIDE/plugins/com.st.stm32cube.ide.mcu.externaltools.gnu-tools-for-stm32.12.3.rel1.win32_1.0.100.202403111256/tools/bin/../lib/gcc/arm-none-eabi/12.3.1/../../../../arm-none-eabi/lib/thumb/v7-m/nofp\libc_nano.a(libc_a-reent.o)
 .debug_frame   0x00001e24       0x20 D:/STM32CubeIDE_1.15.1/STM32CubeIDE/plugins/com.st.stm32cube.ide.mcu.externaltools.gnu-tools-for-stm32.12.3.rel1.win32_1.0.100.202403111256/tools/bin/../lib/gcc/arm-none-eabi/12.3.1/../../../../arm-none-eabi/lib/thumb/v7-m/nofp\libc_nano.a(libc_a-errno.o)
 .debug_frame   0x00001e44       0x2c D:/STM32CubeIDE_1.15.1/STM32CubeIDE/plugins/com.st.stm32cube.ide.mcu.externaltools.gnu-tools-for-stm32.12.3.rel1.win32_1.0.100.202403111256/tools/bin/../lib/gcc/arm-none-eabi/12.3.1/../../../../arm-none-eabi/lib/thumb/v7-m/nofp\libc_nano.a(libc_a-init.o)
 .debug_frame   0x00001e70       0xb0 D:/STM32CubeIDE_1.15.1/STM32CubeIDE/plugins/com.st.stm32cube.ide.mcu.externaltools.gnu-tools-for-stm32.12.3.rel1.win32_1.0.100.202403111256/tools/bin/../lib/gcc/arm-none-eabi/12.3.1/../../../../arm-none-eabi/lib/thumb/v7-m/nofp\libc_nano.a(libc_a-lock.o)
 .debug_frame   0x00001f20       0x20 D:/STM32CubeIDE_1.15.1/STM32CubeIDE/plugins/com.st.stm32cube.ide.mcu.externaltools.gnu-tools-for-stm32.12.3.rel1.win32_1.0.100.202403111256/tools/bin/../lib/gcc/arm-none-eabi/12.3.1/../../../../arm-none-eabi/lib/thumb/v7-m/nofp\libc_nano.a(libc_a-strcmp.o)
 .debug_frame   0x00001f40       0x20 D:/STM32CubeIDE_1.15.1/STM32CubeIDE/plugins/com.st.stm32cube.ide.mcu.externaltools.gnu-tools-for-stm32.12.3.rel1.win32_1.0.100.202403111256/tools/bin/../lib/gcc/arm-none-eabi/12.3.1/../../../../arm-none-eabi/lib/thumb/v7-m/nofp\libc_nano.a(libc_a-strcpy.o)
 .debug_frame   0x00001f60       0x38 D:/STM32CubeIDE_1.15.1/STM32CubeIDE/plugins/com.st.stm32cube.ide.mcu.externaltools.gnu-tools-for-stm32.12.3.rel1.win32_1.0.100.202403111256/tools/bin/../lib/gcc/arm-none-eabi/12.3.1/../../../../arm-none-eabi/lib/thumb/v7-m/nofp\libc_nano.a(libc_a-freer.o)
 .debug_frame   0x00001f98       0x50 D:/STM32CubeIDE_1.15.1/STM32CubeIDE/plugins/com.st.stm32cube.ide.mcu.externaltools.gnu-tools-for-stm32.12.3.rel1.win32_1.0.100.202403111256/tools/bin/../lib/gcc/arm-none-eabi/12.3.1/../../../../arm-none-eabi/lib/thumb/v7-m/nofp\libc_nano.a(libc_a-mallocr.o)
 .debug_frame   0x00001fe8       0x30 D:/STM32CubeIDE_1.15.1/STM32CubeIDE/plugins/com.st.stm32cube.ide.mcu.externaltools.gnu-tools-for-stm32.12.3.rel1.win32_1.0.100.202403111256/tools/bin/../lib/gcc/arm-none-eabi/12.3.1/../../../../arm-none-eabi/lib/thumb/v7-m/nofp\libc_nano.a(libc_a-mlock.o)
 .debug_frame   0x00002018       0x90 D:/STM32CubeIDE_1.15.1/STM32CubeIDE/plugins/com.st.stm32cube.ide.mcu.externaltools.gnu-tools-for-stm32.12.3.rel1.win32_1.0.100.202403111256/tools/bin/../lib/gcc/arm-none-eabi/12.3.1/../../../../arm-none-eabi/lib/thumb/v7-m/nofp\libc_nano.a(libc_a-nano-svfprintf.o)
 .debug_frame   0x000020a8       0x60 D:/STM32CubeIDE_1.15.1/STM32CubeIDE/plugins/com.st.stm32cube.ide.mcu.externaltools.gnu-tools-for-stm32.12.3.rel1.win32_1.0.100.202403111256/tools/bin/../lib/gcc/arm-none-eabi/12.3.1/../../../../arm-none-eabi/lib/thumb/v7-m/nofp\libc_nano.a(libc_a-nano-vfprintf_i.o)
 .debug_frame   0x00002108       0x28 D:/STM32CubeIDE_1.15.1/STM32CubeIDE/plugins/com.st.stm32cube.ide.mcu.externaltools.gnu-tools-for-stm32.12.3.rel1.win32_1.0.100.202403111256/tools/bin/../lib/gcc/arm-none-eabi/12.3.1/../../../../arm-none-eabi/lib/thumb/v7-m/nofp\libc_nano.a(libc_a-memmove.o)
 .debug_frame   0x00002130       0x2c D:/STM32CubeIDE_1.15.1/STM32CubeIDE/plugins/com.st.stm32cube.ide.mcu.externaltools.gnu-tools-for-stm32.12.3.rel1.win32_1.0.100.202403111256/tools/bin/../lib/gcc/arm-none-eabi/12.3.1/../../../../arm-none-eabi/lib/thumb/v7-m/nofp\libc_nano.a(libc_a-sbrkr.o)
 .debug_frame   0x0000215c       0x28 D:/STM32CubeIDE_1.15.1/STM32CubeIDE/plugins/com.st.stm32cube.ide.mcu.externaltools.gnu-tools-for-stm32.12.3.rel1.win32_1.0.100.202403111256/tools/bin/../lib/gcc/arm-none-eabi/12.3.1/../../../../arm-none-eabi/lib/thumb/v7-m/nofp\libc_nano.a(libc_a-memchr-stub.o)
 .debug_frame   0x00002184       0x28 D:/STM32CubeIDE_1.15.1/STM32CubeIDE/plugins/com.st.stm32cube.ide.mcu.externaltools.gnu-tools-for-stm32.12.3.rel1.win32_1.0.100.202403111256/tools/bin/../lib/gcc/arm-none-eabi/12.3.1/../../../../arm-none-eabi/lib/thumb/v7-m/nofp\libc_nano.a(libc_a-memcpy-stub.o)
 .debug_frame   0x000021ac       0x3c D:/STM32CubeIDE_1.15.1/STM32CubeIDE/plugins/com.st.stm32cube.ide.mcu.externaltools.gnu-tools-for-stm32.12.3.rel1.win32_1.0.100.202403111256/tools/bin/../lib/gcc/arm-none-eabi/12.3.1/../../../../arm-none-eabi/lib/thumb/v7-m/nofp\libc_nano.a(libc_a-reallocr.o)
 .debug_frame   0x000021e8       0x20 D:/STM32CubeIDE_1.15.1/STM32CubeIDE/plugins/com.st.stm32cube.ide.mcu.externaltools.gnu-tools-for-stm32.12.3.rel1.win32_1.0.100.202403111256/tools/bin/../lib/gcc/arm-none-eabi/12.3.1/../../../../arm-none-eabi/lib/thumb/v7-m/nofp\libc_nano.a(libc_a-msizer.o)

.debug_line_str
                0x00000000       0x3c
 .debug_line_str
                0x00000000       0x3c ./Core/Startup/startup_stm32f103rbtx.o
